Archive member included to satisfy reference by file (symbol)

D:/stm/STM32CubeIDE_1.18.1/STM32CubeIDE/plugins/com.st.stm32cube.ide.mcu.externaltools.gnu-tools-for-stm32.13.3.rel1.win32_1.0.0.202411081344/tools/bin/../lib/gcc/arm-none-eabi/13.3.1/../../../../arm-none-eabi/lib/thumb/v7-m/nofp\libc_nano.a(libc_a-exit.o)
                              D:/stm/STM32CubeIDE_1.18.1/STM32CubeIDE/plugins/com.st.stm32cube.ide.mcu.externaltools.gnu-tools-for-stm32.13.3.rel1.win32_1.0.0.202411081344/tools/bin/../lib/gcc/arm-none-eabi/13.3.1/../../../../arm-none-eabi/lib/thumb/v7-m/nofp/crt0.o (exit)
D:/stm/STM32CubeIDE_1.18.1/STM32CubeIDE/plugins/com.st.stm32cube.ide.mcu.externaltools.gnu-tools-for-stm32.13.3.rel1.win32_1.0.0.202411081344/tools/bin/../lib/gcc/arm-none-eabi/13.3.1/../../../../arm-none-eabi/lib/thumb/v7-m/nofp\libc_nano.a(libc_a-findfp.o)
                              D:/stm/STM32CubeIDE_1.18.1/STM32CubeIDE/plugins/com.st.stm32cube.ide.mcu.externaltools.gnu-tools-for-stm32.13.3.rel1.win32_1.0.0.202411081344/tools/bin/../lib/gcc/arm-none-eabi/13.3.1/../../../../arm-none-eabi/lib/thumb/v7-m/nofp\libc_nano.a(libc_a-exit.o) (__stdio_exit_handler)
D:/stm/STM32CubeIDE_1.18.1/STM32CubeIDE/plugins/com.st.stm32cube.ide.mcu.externaltools.gnu-tools-for-stm32.13.3.rel1.win32_1.0.0.202411081344/tools/bin/../lib/gcc/arm-none-eabi/13.3.1/../../../../arm-none-eabi/lib/thumb/v7-m/nofp\libc_nano.a(libc_a-fwalk.o)
                              D:/stm/STM32CubeIDE_1.18.1/STM32CubeIDE/plugins/com.st.stm32cube.ide.mcu.externaltools.gnu-tools-for-stm32.13.3.rel1.win32_1.0.0.202411081344/tools/bin/../lib/gcc/arm-none-eabi/13.3.1/../../../../arm-none-eabi/lib/thumb/v7-m/nofp\libc_nano.a(libc_a-findfp.o) (_fwalk_sglue)
D:/stm/STM32CubeIDE_1.18.1/STM32CubeIDE/plugins/com.st.stm32cube.ide.mcu.externaltools.gnu-tools-for-stm32.13.3.rel1.win32_1.0.0.202411081344/tools/bin/../lib/gcc/arm-none-eabi/13.3.1/../../../../arm-none-eabi/lib/thumb/v7-m/nofp\libc_nano.a(libc_a-stdio.o)
                              D:/stm/STM32CubeIDE_1.18.1/STM32CubeIDE/plugins/com.st.stm32cube.ide.mcu.externaltools.gnu-tools-for-stm32.13.3.rel1.win32_1.0.0.202411081344/tools/bin/../lib/gcc/arm-none-eabi/13.3.1/../../../../arm-none-eabi/lib/thumb/v7-m/nofp\libc_nano.a(libc_a-findfp.o) (__sread)
D:/stm/STM32CubeIDE_1.18.1/STM32CubeIDE/plugins/com.st.stm32cube.ide.mcu.externaltools.gnu-tools-for-stm32.13.3.rel1.win32_1.0.0.202411081344/tools/bin/../lib/gcc/arm-none-eabi/13.3.1/../../../../arm-none-eabi/lib/thumb/v7-m/nofp\libc_nano.a(libc_a-memset.o)
                              D:/stm/STM32CubeIDE_1.18.1/STM32CubeIDE/plugins/com.st.stm32cube.ide.mcu.externaltools.gnu-tools-for-stm32.13.3.rel1.win32_1.0.0.202411081344/tools/bin/../lib/gcc/arm-none-eabi/13.3.1/../../../../arm-none-eabi/lib/thumb/v7-m/nofp/crt0.o (memset)
D:/stm/STM32CubeIDE_1.18.1/STM32CubeIDE/plugins/com.st.stm32cube.ide.mcu.externaltools.gnu-tools-for-stm32.13.3.rel1.win32_1.0.0.202411081344/tools/bin/../lib/gcc/arm-none-eabi/13.3.1/../../../../arm-none-eabi/lib/thumb/v7-m/nofp\libc_nano.a(libc_a-closer.o)
                              D:/stm/STM32CubeIDE_1.18.1/STM32CubeIDE/plugins/com.st.stm32cube.ide.mcu.externaltools.gnu-tools-for-stm32.13.3.rel1.win32_1.0.0.202411081344/tools/bin/../lib/gcc/arm-none-eabi/13.3.1/../../../../arm-none-eabi/lib/thumb/v7-m/nofp\libc_nano.a(libc_a-stdio.o) (_close_r)
D:/stm/STM32CubeIDE_1.18.1/STM32CubeIDE/plugins/com.st.stm32cube.ide.mcu.externaltools.gnu-tools-for-stm32.13.3.rel1.win32_1.0.0.202411081344/tools/bin/../lib/gcc/arm-none-eabi/13.3.1/../../../../arm-none-eabi/lib/thumb/v7-m/nofp\libc_nano.a(libc_a-reent.o)
                              D:/stm/STM32CubeIDE_1.18.1/STM32CubeIDE/plugins/com.st.stm32cube.ide.mcu.externaltools.gnu-tools-for-stm32.13.3.rel1.win32_1.0.0.202411081344/tools/bin/../lib/gcc/arm-none-eabi/13.3.1/../../../../arm-none-eabi/lib/thumb/v7-m/nofp\libc_nano.a(libc_a-closer.o) (errno)
D:/stm/STM32CubeIDE_1.18.1/STM32CubeIDE/plugins/com.st.stm32cube.ide.mcu.externaltools.gnu-tools-for-stm32.13.3.rel1.win32_1.0.0.202411081344/tools/bin/../lib/gcc/arm-none-eabi/13.3.1/../../../../arm-none-eabi/lib/thumb/v7-m/nofp\libc_nano.a(libc_a-impure.o)
                              D:/stm/STM32CubeIDE_1.18.1/STM32CubeIDE/plugins/com.st.stm32cube.ide.mcu.externaltools.gnu-tools-for-stm32.13.3.rel1.win32_1.0.0.202411081344/tools/bin/../lib/gcc/arm-none-eabi/13.3.1/../../../../arm-none-eabi/lib/thumb/v7-m/nofp\libc_nano.a(libc_a-reent.o) (_impure_ptr)
D:/stm/STM32CubeIDE_1.18.1/STM32CubeIDE/plugins/com.st.stm32cube.ide.mcu.externaltools.gnu-tools-for-stm32.13.3.rel1.win32_1.0.0.202411081344/tools/bin/../lib/gcc/arm-none-eabi/13.3.1/../../../../arm-none-eabi/lib/thumb/v7-m/nofp\libc_nano.a(libc_a-lseekr.o)
[...]
Memory Configuration

Name             Origin             Length             Attributes
RAM              0x20000000         0x00005000         xrw
FLASH            0x08000000         0x00010000         xr
*default*        0x00000000         0xffffffff

Linker script and memory map

LOAD D:/stm/STM32CubeIDE_1.18.1/STM32CubeIDE/plugins/com.st.stm32cube.ide.mcu.externaltools.gnu-tools-for-stm32.13.3.rel1.win32_1.0.0.202411081344/tools/bin/../lib/gcc/arm-none-eabi/13.3.1/thumb/v7-m/nofp/crti.o
LOAD D:/stm/STM32CubeIDE_1.18.1/STM32CubeIDE/plugins/com.st.stm32cube.ide.mcu.externaltools.gnu-tools-for-stm32.13.3.rel1.win32_1.0.0.202411081344/tools/bin/../lib/gcc/arm-none-eabi/13.3.1/thumb/v7-m/nofp/crtbegin.o
LOAD D:/stm/STM32CubeIDE_1.18.1/STM32CubeIDE/plugins/com.st.stm32cube.ide.mcu.externaltools.gnu-tools-for-stm32.13.3.rel1.win32_1.0.0.202411081344/tools/bin/../lib/gcc/arm-none-eabi/13.3.1/../../../../arm-none-eabi/lib/thumb/v7-m/nofp/crt0.o
LOAD ./Core/Src/freertos.o
LOAD ./Core/Src/main.o
LOAD ./Core/Src/rtos.o
LOAD ./Core/Src/stm32f1xx_hal_msp.o
LOAD ./Core/Src/stm32f1xx_it.o
LOAD ./Core/Src/syscalls.o
LOAD ./Core/Src/sysmem.o
LOAD ./Core/Src/system_stm32f1xx.o
LOAD ./Core/Startup/startup_stm32f103c8tx.o
LOAD ./Drivers/STM32F1xx_HAL_Driver/Src/stm32f1xx_hal.o
LOAD ./Drivers/STM32F1xx_HAL_Driver/Src/stm32f1xx_hal_cortex.o
LOAD ./Drivers/STM32F1xx_HAL_Driver/Src/stm32f1xx_hal_dma.o
LOAD ./Drivers/STM32F1xx_HAL_Driver/Src/stm32f1xx_hal_exti.o
LOAD ./Drivers/STM32F1xx_HAL_Driver/Src/stm32f1xx_hal_flash.o
LOAD ./Drivers/STM32F1xx_HAL_Driver/Src/stm32f1xx_hal_flash_ex.o
LOAD ./Drivers/STM32F1xx_HAL_Driver/Src/stm32f1xx_hal_gpio.o
LOAD ./Drivers/STM32F1xx_HAL_Driver/Src/stm32f1xx_hal_gpio_ex.o
LOAD ./Drivers/STM32F1xx_HAL_Driver/Src/stm32f1xx_hal_i2c.o
LOAD ./Drivers/STM32F1xx_HAL_Driver/Src/stm32f1xx_hal_pcd.o
LOAD ./Drivers/STM32F1xx_HAL_Driver/Src/stm32f1xx_hal_pcd_ex.o
LOAD ./Drivers/STM32F1xx_HAL_Driver/Src/stm32f1xx_hal_pwr.o
LOAD ./Drivers/STM32F1xx_HAL_Driver/Src/stm32f1xx_hal_rcc.o
LOAD ./Drivers/STM32F1xx_HAL_Driver/Src/stm32f1xx_hal_rcc_ex.o
LOAD ./Drivers/STM32F1xx_HAL_Driver/Src/stm32f1xx_hal_spi.o
LOAD ./Drivers/STM32F1xx_HAL_Driver/Src/stm32f1xx_hal_uart.o
LOAD ./Drivers/STM32F1xx_HAL_Driver/Src/stm32f1xx_ll_usb.o
LOAD ./Middlewares/ST/STM32_USB_Device_Library/Class/HID/Src/usbd_hid.o
LOAD ./Middlewares/ST/STM32_USB_Device_Library/Core/Src/usbd_core.o
LOAD ./Middlewares/ST/STM32_USB_Device_Library/Core/Src/usbd_ctlreq.o
LOAD ./Middlewares/ST/STM32_USB_Device_Library/Core/Src/usbd_ioreq.o
LOAD ./Middlewares/Third_Party/FreeRTOS/Source/CMSIS_RTOS_V2/cmsis_os2.o
LOAD ./Middlewares/Third_Party/FreeRTOS/Source/croutine.o
LOAD ./Middlewares/Third_Party/FreeRTOS/Source/event_groups.o
LOAD ./Middlewares/Third_Party/FreeRTOS/Source/list.o
LOAD ./Middlewares/Third_Party/FreeRTOS/Source/queue.o
LOAD ./Middlewares/Third_Party/FreeRTOS/Source/stream_buffer.o
LOAD ./Middlewares/Third_Party/FreeRTOS/Source/tasks.o
LOAD ./Middlewares/Third_Party/FreeRTOS/Source/timers.o
LOAD ./Middlewares/Third_Party/FreeRTOS/Source/portable/GCC/ARM_CM3/port.o
LOAD ./Middlewares/Third_Party/FreeRTOS/Source/portable/MemMang/heap_4.o
LOAD ./USB_DEVICE/App/usb_device.o
LOAD ./USB_DEVICE/App/usbd_desc.o
LOAD ./USB_DEVICE/Target/usbd_conf.o
START GROUP
LOAD D:/stm/STM32CubeIDE_1.18.1/STM32CubeIDE/plugins/com.st.stm32cube.ide.mcu.externaltools.gnu-tools-for-stm32.13.3.rel1.win32_1.0.0.202411081344/tools/bin/../lib/gcc/arm-none-eabi/13.3.1/../../../../arm-none-eabi/lib/thumb/v7-m/nofp\libc_nano.a
LOAD D:/stm/STM32CubeIDE_1.18.1/STM32CubeIDE/plugins/com.st.stm32cube.ide.mcu.externaltools.gnu-tools-for-stm32.13.3.rel1.win32_1.0.0.202411081344/tools/bin/../lib/gcc/arm-none-eabi/13.3.1/../../../../arm-none-eabi/lib/thumb/v7-m/nofp\libm.a
END GROUP
START GROUP
LOAD D:/stm/STM32CubeIDE_1.18.1/STM32CubeIDE/plugins/com.st.stm32cube.ide.mcu.externaltools.gnu-tools-for-stm32.13.3.rel1.win32_1.0.0.202411081344/tools/bin/../lib/gcc/arm-none-eabi/13.3.1/thumb/v7-m/nofp\libgcc.a
LOAD D:/stm/STM32CubeIDE_1.18.1/STM32CubeIDE/plugins/com.st.stm32cube.ide.mcu.externaltools.gnu-tools-for-stm32.13.3.rel1.win32_1.0.0.202411081344/tools/bin/../lib/gcc/arm-none-eabi/13.3.1/../../../../arm-none-eabi/lib/thumb/v7-m/nofp\libc_nano.a
END GROUP
START GROUP
LOAD D:/stm/STM32CubeIDE_1.18.1/STM32CubeIDE/plugins/com.st.stm32cube.ide.mcu.externaltools.gnu-tools-for-stm32.13.3.rel1.win32_1.0.0.202411081344/tools/bin/../lib/gcc/arm-none-eabi/13.3.1/thumb/v7-m/nofp\libgcc.a
LOAD D:/stm/STM32CubeIDE_1.18.1/STM32CubeIDE/plugins/com.st.stm32cube.ide.mcu.externaltools.gnu-tools-for-stm32.13.3.rel1.win32_1.0.0.202411081344/tools/bin/../lib/gcc/arm-none-eabi/13.3.1/../../../../arm-none-eabi/lib/thumb/v7-m/nofp\libc_nano.a
LOAD D:/stm/STM32CubeIDE_1.18.1/STM32CubeIDE/plugins/com.st.stm32cube.ide.mcu.externaltools.gnu-tools-for-stm32.13.3.rel1.win32_1.0.0.202411081344/tools/bin/../lib/gcc/arm-none-eabi/13.3.1/../../../../arm-none-eabi/lib/thumb/v7-m/nofp\libnosys.a
END GROUP
START GROUP
LOAD D:/stm/STM32CubeIDE_1.18.1/STM32CubeIDE/plugins/com.st.stm32cube.ide.mcu.externaltools.gnu-tools-for-stm32.13.3.rel1.win32_1.0.0.202411081344/tools/bin/../lib/gcc/arm-none-eabi/13.3.1/thumb/v7-m/nofp\libgcc.a
LOAD D:/stm/STM32CubeIDE_1.18.1/STM32CubeIDE/plugins/com.st.stm32cube.ide.mcu.externaltools.gnu-tools-for-stm32.13.3.rel1.win32_1.0.0.202411081344/tools/bin/../lib/gcc/arm-none-eabi/13.3.1/../../../../arm-none-eabi/lib/thumb/v7-m/nofp\libc_nano.a
LOAD D:/stm/STM32CubeIDE_1.18.1/STM32CubeIDE/plugins/com.st.stm32cube.ide.mcu.externaltools.gnu-tools-for-stm32.13.3.rel1.win32_1.0.0.202411081344/tools/bin/../lib/gcc/arm-none-eabi/13.3.1/../../../../arm-none-eabi/lib/thumb/v7-m/nofp\libnosys.a
END GROUP
LOAD D:/stm/STM32CubeIDE_1.18.1/STM32CubeIDE/plugins/com.st.stm32cube.ide.mcu.externaltools.gnu-tools-for-stm32.13.3.rel1.win32_1.0.0.202411081344/tools/bin/../lib/gcc/arm-none-eabi/13.3.1/thumb/v7-m/nofp/crtend.o
LOAD D:/stm/STM32CubeIDE_1.18.1/STM32CubeIDE/plugins/com.st.stm32cube.ide.mcu.externaltools.gnu-tools-for-stm32.13.3.rel1.win32_1.0.0.202411081344/tools/bin/../lib/gcc/arm-none-eabi/13.3.1/thumb/v7-m/nofp/crtn.o
                0x20005000                        _estack = (ORIGIN (RAM) + LENGTH (RAM))
                0x00000200                        _Min_Heap_Size = 0x200
                0x00000400                        _Min_Stack_Size = 0x400

.isr_vector     0x08000000      0x10c
                0x08000000                        . = ALIGN (0x4)
 *(.isr_vector)
 .isr_vector    0x08000000      0x10c ./Core/Startup/startup_stm32f103c8tx.o
                0x08000000                g_pfnVectors
                0x0800010c                        . = ALIGN (0x4)

.text           0x08000110     0xbec4
                0x08000110                        . = ALIGN (0x4)
 *(.text)
 .text          0x08000110       0x40 D:/stm/STM32CubeIDE_1.18.1/STM32CubeIDE/plugins/com.st.stm32cube.ide.mcu.externaltools.gnu-tools-for-stm32.13.3.rel1.win32_1.0.0.202411081344/tools/bin/../lib/gcc/arm-none-eabi/13.3.1/thumb/v7-m/nofp/crtbegin.o
 *(.text*)
 .text.main     0x08000150       0xc8 ./Core/Src/main.o
                0x08000150                main
 .text.SystemClock_Config
                0x08000218       0xb6 ./Core/Src/main.o
                0x08000218                SystemClock_Config
 *fill*         0x080002ce        0x2 
 .text.MX_I2C1_Init
                0x080002d0       0x5c ./Core/Src/main.o
 .text.MX_SPI2_Init
                0x0800032c       0x6c ./Core/Src/main.o
 .text.MX_USART2_UART_Init
                0x08000398       0x54 ./Core/Src/main.o
 .text.MX_GPIO_Init
                0x080003ec       0x98 ./Core/Src/main.o
 .text.StartDefaultTask
                0x08000484       0x14 ./Core/Src/main.o
                0x08000484                StartDefaultTask
 .text.StartTask02
                0x08000498       0x24 ./Core/Src/main.o
                0x08000498                StartTask02
 .text.StartTask03
                0x080004bc       0x34 ./Core/Src/main.o
                0x080004bc                StartTask03
 .text.StartTask04
                0x080004f0       0x5c ./Core/Src/main.o
                0x080004f0                StartTask04
 .text.Error_Handler
                0x0800054c        0xc ./Core/Src/main.o
                0x0800054c                Error_Handler
 .text.Serial_Transmit
                0x08000558       0x28 ./Core/Src/rtos.o
                0x08000558                Serial_Transmit
 .text.Write_Mem
                0x08000580       0xa8 ./Core/Src/rtos.o
                0x08000580                Write_Mem
 .text.Read_Mem
                0x08000628       0x40 ./Core/Src/rtos.o
                0x08000628                Read_Mem
 .text.Oled_on  0x08000668       0x70 ./Core/Src/rtos.o
                0x08000668                Oled_on
 .text.HAL_MspInit
                0x080006d8       0x70 ./Core/Src/stm32f1xx_hal_msp.o
                0x080006d8                HAL_MspInit
 .text.HAL_I2C_MspInit
                0x08000748       0x7c ./Core/Src/stm32f1xx_hal_msp.o
                0x08000748                HAL_I2C_MspInit
 .text.HAL_SPI_MspInit
                0x080007c4       0x98 ./Core/Src/stm32f1xx_hal_msp.o
                0x080007c4                HAL_SPI_MspInit
 .text.HAL_UART_MspInit
                0x0800085c       0x94 ./Core/Src/stm32f1xx_hal_msp.o
                0x0800085c                HAL_UART_MspInit
 .text.NMI_Handler
                0x080008f0        0x8 ./Core/Src/stm32f1xx_it.o
                0x080008f0                NMI_Handler
 .text.HardFault_Handler
                0x080008f8        0x8 ./Core/Src/stm32f1xx_it.o
                0x080008f8                HardFault_Handler
 .text.MemManage_Handler
                0x08000900        0x8 ./Core/Src/stm32f1xx_it.o
                0x08000900                MemManage_Handler
 .text.BusFault_Handler
                0x08000908        0x8 ./Core/Src/stm32f1xx_it.o
                0x08000908                BusFault_Handler
 .text.UsageFault_Handler
                0x08000910        0x8 ./Core/Src/stm32f1xx_it.o
                0x08000910                UsageFault_Handler
 .text.DebugMon_Handler
                0x08000918        0xc ./Core/Src/stm32f1xx_it.o
                0x08000918                DebugMon_Handler
 .text.SysTick_Handler
                0x08000924       0x1a ./Core/Src/stm32f1xx_it.o
                0x08000924                SysTick_Handler
 *fill*         0x0800093e        0x2 
 .text.USB_LP_CAN1_RX0_IRQHandler
                0x08000940       0x14 ./Core/Src/stm32f1xx_it.o
                0x08000940                USB_LP_CAN1_RX0_IRQHandler
 .text.SystemInit
                0x08000954        0xc ./Core/Src/system_stm32f1xx.o
                0x08000954                SystemInit
 .text.Reset_Handler
                0x08000960       0x48 ./Core/Startup/startup_stm32f103c8tx.o
                0x08000960                Reset_Handler
 .text.Default_Handler
                0x080009a8        0x2 ./Core/Startup/startup_stm32f103c8tx.o
                0x080009a8                RTC_Alarm_IRQHandler
                0x080009a8                EXTI2_IRQHandler
                0x080009a8                TIM1_CC_IRQHandler
                0x080009a8                PVD_IRQHandler
                0x080009a8                EXTI3_IRQHandler
                0x080009a8                EXTI0_IRQHandler
                0x080009a8                I2C2_EV_IRQHandler
                0x080009a8                ADC1_2_IRQHandler
                0x080009a8                SPI1_IRQHandler
                0x080009a8                TAMPER_IRQHandler
                0x080009a8                DMA1_Channel4_IRQHandler
                0x080009a8                USART3_IRQHandler
                0x080009a8                RTC_IRQHandler
                0x080009a8                DMA1_Channel7_IRQHandler
                0x080009a8                CAN1_RX1_IRQHandler
                0x080009a8                TIM4_IRQHandler
                0x080009a8                I2C1_EV_IRQHandler
                0x080009a8                DMA1_Channel6_IRQHandler
                0x080009a8                TIM3_IRQHandler
                0x080009a8                RCC_IRQHandler
                0x080009a8                TIM1_TRG_COM_IRQHandler
                0x080009a8                DMA1_Channel1_IRQHandler
                0x080009a8                Default_Handler
                0x080009a8                EXTI15_10_IRQHandler
                0x080009a8                EXTI9_5_IRQHandler
                0x080009a8                SPI2_IRQHandler
                0x080009a8                DMA1_Channel5_IRQHandler
                0x080009a8                EXTI4_IRQHandler
                0x080009a8                USB_HP_CAN1_TX_IRQHandler
                0x080009a8                DMA1_Channel3_IRQHandler
                0x080009a8                TIM1_UP_IRQHandler
                0x080009a8                WWDG_IRQHandler
                0x080009a8                TIM2_IRQHandler
                0x080009a8                TIM1_BRK_IRQHandler
                0x080009a8                EXTI1_IRQHandler
                0x080009a8                USART2_IRQHandler
                0x080009a8                I2C2_ER_IRQHandler
                0x080009a8                DMA1_Channel2_IRQHandler
                0x080009a8                CAN1_SCE_IRQHandler
                0x080009a8                FLASH_IRQHandler
                0x080009a8                USART1_IRQHandler
                0x080009a8                I2C1_ER_IRQHandler
                0x080009a8                USBWakeUp_IRQHandler
 *fill*         0x080009aa        0x2 
 .text.HAL_Init
                0x080009ac       0x2c ./Drivers/STM32F1xx_HAL_Driver/Src/stm32f1xx_hal.o
                0x080009ac                HAL_Init
 .text.HAL_InitTick
                0x080009d8       0x60 ./Drivers/STM32F1xx_HAL_Driver/Src/stm32f1xx_hal.o
                0x080009d8                HAL_InitTick
 .text.HAL_IncTick
                0x08000a38       0x24 ./Drivers/STM32F1xx_HAL_Driver/Src/stm32f1xx_hal.o
                0x08000a38                HAL_IncTick
 .text.HAL_GetTick
                0x08000a5c       0x14 ./Drivers/STM32F1xx_HAL_Driver/Src/stm32f1xx_hal.o
                0x08000a5c                HAL_GetTick
 .text.HAL_Delay
                0x08000a70       0x48 ./Drivers/STM32F1xx_HAL_Driver/Src/stm32f1xx_hal.o
                0x08000a70                HAL_Delay
 .text.__NVIC_SetPriorityGrouping
                0x08000ab8       0x48 ./Drivers/STM32F1xx_HAL_Driver/Src/stm32f1xx_hal_cortex.o
 .text.__NVIC_GetPriorityGrouping
                0x08000b00       0x1c ./Drivers/STM32F1xx_HAL_Driver/Src/stm32f1xx_hal_cortex.o
 .text.__NVIC_EnableIRQ
                0x08000b1c       0x38 ./Drivers/STM32F1xx_HAL_Driver/Src/stm32f1xx_hal_cortex.o
 .text.__NVIC_SetPriority
                0x08000b54       0x54 ./Drivers/STM32F1xx_HAL_Driver/Src/stm32f1xx_hal_cortex.o
 .text.NVIC_EncodePriority
                0x08000ba8       0x64 ./Drivers/STM32F1xx_HAL_Driver/Src/stm32f1xx_hal_cortex.o
 .text.SysTick_Config
                0x08000c0c       0x44 ./Drivers/STM32F1xx_HAL_Driver/Src/stm32f1xx_hal_cortex.o
 .text.HAL_NVIC_SetPriorityGrouping
                0x08000c50       0x16 ./Drivers/STM32F1xx_HAL_Driver/Src/stm32f1xx_hal_cortex.o
                0x08000c50                HAL_NVIC_SetPriorityGrouping
 .text.HAL_NVIC_SetPriority
                0x08000c66       0x38 ./Drivers/STM32F1xx_HAL_Driver/Src/stm32f1xx_hal_cortex.o
                0x08000c66                HAL_NVIC_SetPriority
 .text.HAL_NVIC_EnableIRQ
                0x08000c9e       0x1c ./Drivers/STM32F1xx_HAL_Driver/Src/stm32f1xx_hal_cortex.o
                0x08000c9e                HAL_NVIC_EnableIRQ
 .text.HAL_SYSTICK_Config
                0x08000cba       0x18 ./Drivers/STM32F1xx_HAL_Driver/Src/stm32f1xx_hal_cortex.o
                0x08000cba                HAL_SYSTICK_Config
 *fill*         0x08000cd2        0x2 
 .text.HAL_GPIO_Init
                0x08000cd4      0x308 ./Drivers/STM32F1xx_HAL_Driver/Src/stm32f1xx_hal_gpio.o
                0x08000cd4                HAL_GPIO_Init
 .text.HAL_GPIO_WritePin
                0x08000fdc       0x30 ./Drivers/STM32F1xx_HAL_Driver/Src/stm32f1xx_hal_gpio.o
                0x08000fdc                HAL_GPIO_WritePin
 .text.HAL_I2C_Init
                0x0800100c      0x288 ./Drivers/STM32F1xx_HAL_Driver/Src/stm32f1xx_hal_i2c.o
                0x0800100c                HAL_I2C_Init
 .text.HAL_I2C_Master_Transmit
                0x08001294      0x1fc ./Drivers/STM32F1xx_HAL_Driver/Src/stm32f1xx_hal_i2c.o
                0x08001294                HAL_I2C_Master_Transmit
 .text.HAL_I2C_Mem_Read
                0x08001490      0x4e8 ./Drivers/STM32F1xx_HAL_Driver/Src/stm32f1xx_hal_i2c.o
                0x08001490                HAL_I2C_Mem_Read
 .text.I2C_MasterRequestWrite
                0x08001978      0x104 ./Drivers/STM32F1xx_HAL_Driver/Src/stm32f1xx_hal_i2c.o
 .text.I2C_RequestMemoryRead
                0x08001a7c      0x1d0 ./Drivers/STM32F1xx_HAL_Driver/Src/stm32f1xx_hal_i2c.o
 .text.I2C_WaitOnFlagUntilTimeout
                0x08001c4c       0xf4 ./Drivers/STM32F1xx_HAL_Driver/Src/stm32f1xx_hal_i2c.o
 .text.I2C_WaitOnMasterAddressFlagUntilTimeout
                0x08001d40      0x140 ./Drivers/STM32F1xx_HAL_Driver/Src/stm32f1xx_hal_i2c.o
 .text.I2C_WaitOnTXEFlagUntilTimeout
                0x08001e80       0x90 ./Drivers/STM32F1xx_HAL_Driver/Src/stm32f1xx_hal_i2c.o
 .text.I2C_WaitOnBTFFlagUntilTimeout
                0x08001f10       0x90 ./Drivers/STM32F1xx_HAL_Driver/Src/stm32f1xx_hal_i2c.o
 .text.I2C_WaitOnRXNEFlagUntilTimeout
                0x08001fa0       0xba ./Drivers/STM32F1xx_HAL_Driver/Src/stm32f1xx_hal_i2c.o
 .text.I2C_IsAcknowledgeFailed
                0x0800205a       0x5c ./Drivers/STM32F1xx_HAL_Driver/Src/stm32f1xx_hal_i2c.o
 .text.HAL_PCD_Init
                0x080020b6      0x1ec ./Drivers/STM32F1xx_HAL_Driver/Src/stm32f1xx_hal_pcd.o
                0x080020b6                HAL_PCD_Init
 .text.HAL_PCD_Start
                0x080022a2       0x4c ./Drivers/STM32F1xx_HAL_Driver/Src/stm32f1xx_hal_pcd.o
                0x080022a2                HAL_PCD_Start
 .text.HAL_PCD_IRQHandler
                0x080022ee      0x260 ./Drivers/STM32F1xx_HAL_Driver/Src/stm32f1xx_hal_pcd.o
                0x080022ee                HAL_PCD_IRQHandler
 .text.HAL_PCD_SetAddress
                0x0800254e       0x48 ./Drivers/STM32F1xx_HAL_Driver/Src/stm32f1xx_hal_pcd.o
                0x0800254e                HAL_PCD_SetAddress
 .text.HAL_PCD_EP_Open
                0x08002596       0xba ./Drivers/STM32F1xx_HAL_Driver/Src/stm32f1xx_hal_pcd.o
                0x08002596                HAL_PCD_EP_Open
 .text.HAL_PCD_EP_Close
                0x08002650       0x90 ./Drivers/STM32F1xx_HAL_Driver/Src/stm32f1xx_hal_pcd.o
                0x08002650                HAL_PCD_EP_Close
 .text.HAL_PCD_EP_Receive
                0x080026e0       0x62 ./Drivers/STM32F1xx_HAL_Driver/Src/stm32f1xx_hal_pcd.o
                0x080026e0                HAL_PCD_EP_Receive
 .text.HAL_PCD_EP_Transmit
                0x08002742       0x6e ./Drivers/STM32F1xx_HAL_Driver/Src/stm32f1xx_hal_pcd.o
                0x08002742                HAL_PCD_EP_Transmit
 .text.HAL_PCD_EP_SetStall
                0x080027b0       0xc0 ./Drivers/STM32F1xx_HAL_Driver/Src/stm32f1xx_hal_pcd.o
                0x080027b0                HAL_PCD_EP_SetStall
 .text.HAL_PCD_EP_ClrStall
                0x08002870       0xa8 ./Drivers/STM32F1xx_HAL_Driver/Src/stm32f1xx_hal_pcd.o
                0x08002870                HAL_PCD_EP_ClrStall
 .text.PCD_EP_ISR_Handler
                0x08002918      0x79e ./Drivers/STM32F1xx_HAL_Driver/Src/stm32f1xx_hal_pcd.o
 .text.HAL_PCD_EP_DB_Receive
                0x080030b6      0x21a ./Drivers/STM32F1xx_HAL_Driver/Src/stm32f1xx_hal_pcd.o
 .text.HAL_PCD_EP_DB_Transmit
                0x080032d0      0x7f4 ./Drivers/STM32F1xx_HAL_Driver/Src/stm32f1xx_hal_pcd.o
 .text.HAL_PCDEx_PMAConfig
                0x08003ac4       0x84 ./Drivers/STM32F1xx_HAL_Driver/Src/stm32f1xx_hal_pcd_ex.o
                0x08003ac4                HAL_PCDEx_PMAConfig
 .text.HAL_RCC_OscConfig
                0x08003b48      0x504 ./Drivers/STM32F1xx_HAL_Driver/Src/stm32f1xx_hal_rcc.o
                0x08003b48                HAL_RCC_OscConfig
 .text.HAL_RCC_ClockConfig
                0x0800404c      0x1d4 ./Drivers/STM32F1xx_HAL_Driver/Src/stm32f1xx_hal_rcc.o
                0x0800404c                HAL_RCC_ClockConfig
 .text.HAL_RCC_GetSysClockFreq
                0x08004220       0xa8 ./Drivers/STM32F1xx_HAL_Driver/Src/stm32f1xx_hal_rcc.o
                0x08004220                HAL_RCC_GetSysClockFreq
 .text.HAL_RCC_GetHCLKFreq
                0x080042c8       0x14 ./Drivers/STM32F1xx_HAL_Driver/Src/stm32f1xx_hal_rcc.o
                0x080042c8                HAL_RCC_GetHCLKFreq
 .text.HAL_RCC_GetPCLK1Freq
                0x080042dc       0x28 ./Drivers/STM32F1xx_HAL_Driver/Src/stm32f1xx_hal_rcc.o
                0x080042dc                HAL_RCC_GetPCLK1Freq
 .text.HAL_RCC_GetPCLK2Freq
                0x08004304       0x28 ./Drivers/STM32F1xx_HAL_Driver/Src/stm32f1xx_hal_rcc.o
                0x08004304                HAL_RCC_GetPCLK2Freq
 .text.RCC_Delay
                0x0800432c       0x3c ./Drivers/STM32F1xx_HAL_Driver/Src/stm32f1xx_hal_rcc.o
 .text.HAL_RCCEx_PeriphCLKConfig
                0x08004368      0x16c ./Drivers/STM32F1xx_HAL_Driver/Src/stm32f1xx_hal_rcc_ex.o
                0x08004368                HAL_RCCEx_PeriphCLKConfig
 .text.HAL_SPI_Init
                0x080044d4      0x108 ./Drivers/STM32F1xx_HAL_Driver/Src/stm32f1xx_hal_spi.o
                0x080044d4                HAL_SPI_Init
 .text.HAL_SPI_Transmit
                0x080045dc      0x288 ./Drivers/STM32F1xx_HAL_Driver/Src/stm32f1xx_hal_spi.o
                0x080045dc                HAL_SPI_Transmit
 .text.SPI_WaitFlagStateUntilTimeout
                0x08004864      0x110 ./Drivers/STM32F1xx_HAL_Driver/Src/stm32f1xx_hal_spi.o
 .text.SPI_EndRxTxTransaction
                0x08004974       0x62 ./Drivers/STM32F1xx_HAL_Driver/Src/stm32f1xx_hal_spi.o
 .text.HAL_UART_Init
                0x080049d6       0xa0 ./Drivers/STM32F1xx_HAL_Driver/Src/stm32f1xx_hal_uart.o
                0x080049d6                HAL_UART_Init
 .text.HAL_UART_Transmit
                0x08004a76      0x116 ./Drivers/STM32F1xx_HAL_Driver/Src/stm32f1xx_hal_uart.o
                0x08004a76                HAL_UART_Transmit
 .text.UART_WaitOnFlagUntilTimeout
                0x08004b8c       0xb2 ./Drivers/STM32F1xx_HAL_Driver/Src/stm32f1xx_hal_uart.o
 .text.UART_EndRxTransfer
                0x08004c3e       0xc4 ./Drivers/STM32F1xx_HAL_Driver/Src/stm32f1xx_hal_uart.o
 *fill*         0x08004d02        0x2 
 .text.UART_SetConfig
                0x08004d04      0x11c ./Drivers/STM32F1xx_HAL_Driver/Src/stm32f1xx_hal_uart.o
 .text.USB_CoreInit
                0x08004e20       0x1a ./Drivers/STM32F1xx_HAL_Driver/Src/stm32f1xx_ll_usb.o
                0x08004e20                USB_CoreInit
 .text.USB_EnableGlobalInt
                0x08004e3a       0x2c ./Drivers/STM32F1xx_HAL_Driver/Src/stm32f1xx_ll_usb.o
                0x08004e3a                USB_EnableGlobalInt
 .text.USB_DisableGlobalInt
                0x08004e66       0x34 ./Drivers/STM32F1xx_HAL_Driver/Src/stm32f1xx_ll_usb.o
                0x08004e66                USB_DisableGlobalInt
 .text.USB_SetCurrentMode
                0x08004e9a       0x18 ./Drivers/STM32F1xx_HAL_Driver/Src/stm32f1xx_ll_usb.o
                0x08004e9a                USB_SetCurrentMode
 .text.USB_DevInit
                0x08004eb2       0x3a ./Drivers/STM32F1xx_HAL_Driver/Src/stm32f1xx_ll_usb.o
                0x08004eb2                USB_DevInit
 .text.USB_ActivateEndpoint
                0x08004eec      0x780 ./Drivers/STM32F1xx_HAL_Driver/Src/stm32f1xx_ll_usb.o
                0x08004eec                USB_ActivateEndpoint
 .text.USB_DeactivateEndpoint
                0x0800566c      0x3d8 ./Drivers/STM32F1xx_HAL_Driver/Src/stm32f1xx_ll_usb.o
                0x0800566c                USB_DeactivateEndpoint
 .text.USB_EPStartXfer
                0x08005a44     0x1762 ./Drivers/STM32F1xx_HAL_Driver/Src/stm32f1xx_ll_usb.o
                0x08005a44                USB_EPStartXfer
 .text.USB_EPSetStall
                0x080071a6       0xa0 ./Drivers/STM32F1xx_HAL_Driver/Src/stm32f1xx_ll_usb.o
                0x080071a6                USB_EPSetStall
 .text.USB_EPClearStall
                0x08007246      0x15a ./Drivers/STM32F1xx_HAL_Driver/Src/stm32f1xx_ll_usb.o
                0x08007246                USB_EPClearStall
 .text.USB_SetDevAddress
                0x080073a0       0x26 ./Drivers/STM32F1xx_HAL_Driver/Src/stm32f1xx_ll_usb.o
                0x080073a0                USB_SetDevAddress
 .text.USB_DevConnect
                0x080073c6       0x14 ./Drivers/STM32F1xx_HAL_Driver/Src/stm32f1xx_ll_usb.o
                0x080073c6                USB_DevConnect
 .text.USB_DevDisconnect
                0x080073da       0x14 ./Drivers/STM32F1xx_HAL_Driver/Src/stm32f1xx_ll_usb.o
                0x080073da                USB_DevDisconnect
 .text.USB_ReadInterrupts
                0x080073ee       0x1e ./Drivers/STM32F1xx_HAL_Driver/Src/stm32f1xx_ll_usb.o
                0x080073ee                USB_ReadInterrupts
 .text.USB_EP0_OutStart
                0x0800740c       0x16 ./Drivers/STM32F1xx_HAL_Driver/Src/stm32f1xx_ll_usb.o
                0x0800740c                USB_EP0_OutStart
 .text.USB_WritePMA
                0x08007422       0x8c ./Drivers/STM32F1xx_HAL_Driver/Src/stm32f1xx_ll_usb.o
                0x08007422                USB_WritePMA
 .text.USB_ReadPMA
                0x080074ae       0x9e ./Drivers/STM32F1xx_HAL_Driver/Src/stm32f1xx_ll_usb.o
                0x080074ae                USB_ReadPMA
 .text.USBD_HID_Init
                0x0800754c       0x4e ./Middlewares/ST/STM32_USB_Device_Library/Class/HID/Src/usbd_hid.o
 .text.USBD_HID_DeInit
                0x0800759a       0x42 ./Middlewares/ST/STM32_USB_Device_Library/Class/HID/Src/usbd_hid.o
 .text.USBD_HID_Setup
                0x080075dc      0x1fc ./Middlewares/ST/STM32_USB_Device_Library/Class/HID/Src/usbd_hid.o
 .text.USBD_HID_GetFSCfgDesc
                0x080077d8       0x20 ./Middlewares/ST/STM32_USB_Device_Library/Class/HID/Src/usbd_hid.o
 .text.USBD_HID_GetHSCfgDesc
                0x080077f8       0x20 ./Middlewares/ST/STM32_USB_Device_Library/Class/HID/Src/usbd_hid.o
 .text.USBD_HID_GetOtherSpeedCfgDesc
                0x08007818       0x20 ./Middlewares/ST/STM32_USB_Device_Library/Class/HID/Src/usbd_hid.o
 .text.USBD_HID_DataIn
                0x08007838       0x22 ./Middlewares/ST/STM32_USB_Device_Library/Class/HID/Src/usbd_hid.o
 *fill*         0x0800785a        0x2 
 .text.USBD_HID_GetDeviceQualifierDesc
                0x0800785c       0x20 ./Middlewares/ST/STM32_USB_Device_Library/Class/HID/Src/usbd_hid.o
 .text.USBD_Init
                0x0800787c       0x56 ./Middlewares/ST/STM32_USB_Device_Library/Core/Src/usbd_core.o
                0x0800787c                USBD_Init
 .text.USBD_RegisterClass
                0x080078d2       0x32 ./Middlewares/ST/STM32_USB_Device_Library/Core/Src/usbd_core.o
                0x080078d2                USBD_RegisterClass
 .text.USBD_Start
                0x08007904       0x18 ./Middlewares/ST/STM32_USB_Device_Library/Core/Src/usbd_core.o
                0x08007904                USBD_Start
 .text.USBD_RunTestMode
                0x0800791c       0x14 ./Middlewares/ST/STM32_USB_Device_Library/Core/Src/usbd_core.o
                0x0800791c                USBD_RunTestMode
 .text.USBD_SetClassConfig
                0x08007930       0x3e ./Middlewares/ST/STM32_USB_Device_Library/Core/Src/usbd_core.o
                0x08007930                USBD_SetClassConfig
 .text.USBD_ClrClassConfig
                0x0800796e       0x26 ./Middlewares/ST/STM32_USB_Device_Library/Core/Src/usbd_core.o
                0x0800796e                USBD_ClrClassConfig
 .text.USBD_LL_SetupStage
                0x08007994       0x9a ./Middlewares/ST/STM32_USB_Device_Library/Core/Src/usbd_core.o
                0x08007994                USBD_LL_SetupStage
 .text.USBD_LL_DataOutStage
                0x08007a2e       0xe2 ./Middlewares/ST/STM32_USB_Device_Library/Core/Src/usbd_core.o
                0x08007a2e                USBD_LL_DataOutStage
 .text.USBD_LL_DataInStage
                0x08007b10      0x14a ./Middlewares/ST/STM32_USB_Device_Library/Core/Src/usbd_core.o
                0x08007b10                USBD_LL_DataInStage
 .text.USBD_LL_Reset
                0x08007c5a       0x82 ./Middlewares/ST/STM32_USB_Device_Library/Core/Src/usbd_core.o
                0x08007c5a                USBD_LL_Reset
 .text.USBD_LL_SetSpeed
                0x08007cdc       0x1e ./Middlewares/ST/STM32_USB_Device_Library/Core/Src/usbd_core.o
                0x08007cdc                USBD_LL_SetSpeed
 .text.USBD_LL_Suspend
                0x08007cfa       0x28 ./Middlewares/ST/STM32_USB_Device_Library/Core/Src/usbd_core.o
                0x08007cfa                USBD_LL_Suspend
 .text.USBD_LL_Resume
                0x08007d22       0x2a ./Middlewares/ST/STM32_USB_Device_Library/Core/Src/usbd_core.o
                0x08007d22                USBD_LL_Resume
 .text.USBD_LL_SOF
                0x08007d4c       0x34 ./Middlewares/ST/STM32_USB_Device_Library/Core/Src/usbd_core.o
                0x08007d4c                USBD_LL_SOF
 .text.USBD_StdDevReq
                0x08007d80       0xd4 ./Middlewares/ST/STM32_USB_Device_Library/Core/Src/usbd_ctlreq.o
                0x08007d80                USBD_StdDevReq
 .text.USBD_StdItfReq
                0x08007e54       0x90 ./Middlewares/ST/STM32_USB_Device_Library/Core/Src/usbd_ctlreq.o
                0x08007e54                USBD_StdItfReq
 .text.USBD_StdEPReq
                0x08007ee4      0x2c6 ./Middlewares/ST/STM32_USB_Device_Library/Core/Src/usbd_ctlreq.o
                0x08007ee4                USBD_StdEPReq
 *fill*         0x080081aa        0x2 
 .text.USBD_GetDescriptor
                0x080081ac      0x2d0 ./Middlewares/ST/STM32_USB_Device_Library/Core/Src/usbd_ctlreq.o
 .text.USBD_SetAddress
                0x0800847c       0x86 ./Middlewares/ST/STM32_USB_Device_Library/Core/Src/usbd_ctlreq.o
 *fill*         0x08008502        0x2 
 .text.USBD_SetConfig
                0x08008504      0x11c ./Middlewares/ST/STM32_USB_Device_Library/Core/Src/usbd_ctlreq.o
 .text.USBD_GetConfig
                0x08008620       0x6a ./Middlewares/ST/STM32_USB_Device_Library/Core/Src/usbd_ctlreq.o
 .text.USBD_GetStatus
                0x0800868a       0x66 ./Middlewares/ST/STM32_USB_Device_Library/Core/Src/usbd_ctlreq.o
 .text.USBD_SetFeature
                0x080086f0       0x28 ./Middlewares/ST/STM32_USB_Device_Library/Core/Src/usbd_ctlreq.o
 .text.USBD_ClrFeature
                0x08008718       0x42 ./Middlewares/ST/STM32_USB_Device_Library/Core/Src/usbd_ctlreq.o
 .text.USBD_ParseSetupRequest
                0x0800875a       0x72 ./Middlewares/ST/STM32_USB_Device_Library/Core/Src/usbd_ctlreq.o
                0x0800875a                USBD_ParseSetupRequest
 .text.USBD_CtlError
                0x080087cc       0x22 ./Middlewares/ST/STM32_USB_Device_Library/Core/Src/usbd_ctlreq.o
                0x080087cc                USBD_CtlError
 .text.USBD_GetString
                0x080087ee       0x84 ./Middlewares/ST/STM32_USB_Device_Library/Core/Src/usbd_ctlreq.o
                0x080087ee                USBD_GetString
 .text.USBD_GetLen
                0x08008872       0x2e ./Middlewares/ST/STM32_USB_Device_Library/Core/Src/usbd_ctlreq.o
 .text.USBD_CtlSendData
                0x080088a0       0x38 ./Middlewares/ST/STM32_USB_Device_Library/Core/Src/usbd_ioreq.o
                0x080088a0                USBD_CtlSendData
 .text.USBD_CtlContinueSendData
                0x080088d8       0x24 ./Middlewares/ST/STM32_USB_Device_Library/Core/Src/usbd_ioreq.o
                0x080088d8                USBD_CtlContinueSendData
 .text.USBD_CtlContinueRx
                0x080088fc       0x24 ./Middlewares/ST/STM32_USB_Device_Library/Core/Src/usbd_ioreq.o
                0x080088fc                USBD_CtlContinueRx
 .text.USBD_CtlSendStatus
                0x08008920       0x26 ./Middlewares/ST/STM32_USB_Device_Library/Core/Src/usbd_ioreq.o
                0x08008920                USBD_CtlSendStatus
 .text.USBD_CtlReceiveStatus
                0x08008946       0x26 ./Middlewares/ST/STM32_USB_Device_Library/Core/Src/usbd_ioreq.o
                0x08008946                USBD_CtlReceiveStatus
 .text.__NVIC_SetPriority
                0x0800896c       0x54 ./Middlewares/Third_Party/FreeRTOS/Source/CMSIS_RTOS_V2/cmsis_os2.o
 .text.SVC_Setup
                0x080089c0       0x12 ./Middlewares/Third_Party/FreeRTOS/Source/CMSIS_RTOS_V2/cmsis_os2.o
 *fill*         0x080089d2        0x2 
 .text.osKernelInitialize
                0x080089d4       0x44 ./Middlewares/Third_Party/FreeRTOS/Source/CMSIS_RTOS_V2/cmsis_os2.o
                0x080089d4                osKernelInitialize
 .text.osKernelStart
                0x08008a18       0x4c ./Middlewares/Third_Party/FreeRTOS/Source/CMSIS_RTOS_V2/cmsis_os2.o
                0x08008a18                osKernelStart
 .text.osThreadNew
                0x08008a64      0x124 ./Middlewares/Third_Party/FreeRTOS/Source/CMSIS_RTOS_V2/cmsis_os2.o
                0x08008a64                osThreadNew
 .text.osDelay  0x08008b88       0x36 ./Middlewares/Third_Party/FreeRTOS/Source/CMSIS_RTOS_V2/cmsis_os2.o
                0x08008b88                osDelay
 .text.osSemaphoreNew
                0x08008bbe      0x112 ./Middlewares/Third_Party/FreeRTOS/Source/CMSIS_RTOS_V2/cmsis_os2.o
                0x08008bbe                osSemaphoreNew
 .text.osMessageQueueNew
                0x08008cd0       0xe6 ./Middlewares/Third_Party/FreeRTOS/Source/CMSIS_RTOS_V2/cmsis_os2.o
                0x08008cd0                osMessageQueueNew
 *fill*         0x08008db6        0x2 
 .text.vApplicationGetIdleTaskMemory
                0x08008db8       0x30 ./Middlewares/Third_Party/FreeRTOS/Source/CMSIS_RTOS_V2/cmsis_os2.o
                0x08008db8                vApplicationGetIdleTaskMemory
 .text.vApplicationGetTimerTaskMemory
                0x08008de8       0x34 ./Middlewares/Third_Party/FreeRTOS/Source/CMSIS_RTOS_V2/cmsis_os2.o
                0x08008de8                vApplicationGetTimerTaskMemory
 .text.vListInitialise
                0x08008e1c       0x3e ./Middlewares/Third_Party/FreeRTOS/Source/list.o
                0x08008e1c                vListInitialise
 .text.vListInitialiseItem
                0x08008e5a       0x18 ./Middlewares/Third_Party/FreeRTOS/Source/list.o
                0x08008e5a                vListInitialiseItem
 .text.vListInsertEnd
                0x08008e72       0x46 ./Middlewares/Third_Party/FreeRTOS/Source/list.o
                0x08008e72                vListInsertEnd
 .text.vListInsert
                0x08008eb8       0x70 ./Middlewares/Third_Party/FreeRTOS/Source/list.o
                0x08008eb8                vListInsert
 .text.uxListRemove
                0x08008f28       0x52 ./Middlewares/Third_Party/FreeRTOS/Source/list.o
                0x08008f28                uxListRemove
 *fill*         0x08008f7a        0x2 
 .text.xQueueGenericReset
                0x08008f7c       0xd4 ./Middlewares/Third_Party/FreeRTOS/Source/queue.o
                0x08008f7c                xQueueGenericReset
 .text.xQueueGenericCreateStatic
                0x08009050       0xfa ./Middlewares/Third_Party/FreeRTOS/Source/queue.o
                0x08009050                xQueueGenericCreateStatic
 .text.xQueueGenericCreate
                0x0800914a       0x76 ./Middlewares/Third_Party/FreeRTOS/Source/queue.o
                0x0800914a                xQueueGenericCreate
 .text.prvInitialiseNewQueue
                0x080091c0       0x46 ./Middlewares/Third_Party/FreeRTOS/Source/queue.o
 .text.xQueueCreateCountingSemaphoreStatic
                0x08009206       0x72 ./Middlewares/Third_Party/FreeRTOS/Source/queue.o
                0x08009206                xQueueCreateCountingSemaphoreStatic
 .text.xQueueCreateCountingSemaphore
                0x08009278       0x6a ./Middlewares/Third_Party/FreeRTOS/Source/queue.o
                0x08009278                xQueueCreateCountingSemaphore
 *fill*         0x080092e2        0x2 
 .text.xQueueGenericSend
                0x080092e4      0x204 ./Middlewares/Third_Party/FreeRTOS/Source/queue.o
                0x080092e4                xQueueGenericSend
 .text.xQueueGenericSendFromISR
                0x080094e8      0x13c ./Middlewares/Third_Party/FreeRTOS/Source/queue.o
                0x080094e8                xQueueGenericSendFromISR
 .text.xQueueReceive
                0x08009624      0x1c4 ./Middlewares/Third_Party/FreeRTOS/Source/queue.o
                0x08009624                xQueueReceive
 .text.vQueueDelete
                0x080097e8       0x48 ./Middlewares/Third_Party/FreeRTOS/Source/queue.o
                0x080097e8                vQueueDelete
 .text.prvCopyDataToQueue
                0x08009830       0xd4 ./Middlewares/Third_Party/FreeRTOS/Source/queue.o
 .text.prvCopyDataFromQueue
                0x08009904       0x4c ./Middlewares/Third_Party/FreeRTOS/Source/queue.o
 .text.prvUnlockQueue
                0x08009950       0xa4 ./Middlewares/Third_Party/FreeRTOS/Source/queue.o
 .text.prvIsQueueEmpty
                0x080099f4       0x2c ./Middlewares/Third_Party/FreeRTOS/Source/queue.o
 .text.prvIsQueueFull
                0x08009a20       0x30 ./Middlewares/Third_Party/FreeRTOS/Source/queue.o
 .text.vQueueAddToRegistry
                0x08009a50       0x50 ./Middlewares/Third_Party/FreeRTOS/Source/queue.o
                0x08009a50                vQueueAddToRegistry
 .text.vQueueUnregisterQueue
                0x08009aa0       0x54 ./Middlewares/Third_Party/FreeRTOS/Source/queue.o
                0x08009aa0                vQueueUnregisterQueue
 .text.vQueueWaitForMessageRestricted
                0x08009af4       0x68 ./Middlewares/Third_Party/FreeRTOS/Source/queue.o
                0x08009af4                vQueueWaitForMessageRestricted
 .text.xTaskCreateStatic
                0x08009b5c       0xc0 ./Middlewares/Third_Party/FreeRTOS/Source/tasks.o
                0x08009b5c                xTaskCreateStatic
 .text.xTaskCreate
                0x08009c1c       0x8a ./Middlewares/Third_Party/FreeRTOS/Source/tasks.o
                0x08009c1c                xTaskCreate
 .text.prvInitialiseNewTask
                0x08009ca6      0x120 ./Middlewares/Third_Party/FreeRTOS/Source/tasks.o
 *fill*         0x08009dc6        0x2 
 .text.prvAddNewTaskToReadyList
                0x08009dc8       0xe0 ./Middlewares/Third_Party/FreeRTOS/Source/tasks.o
 .text.vTaskDelay
                0x08009ea8       0x6c ./Middlewares/Third_Party/FreeRTOS/Source/tasks.o
                0x08009ea8                vTaskDelay
 .text.vTaskStartScheduler
                0x08009f14       0xd0 ./Middlewares/Third_Party/FreeRTOS/Source/tasks.o
                0x08009f14                vTaskStartScheduler
 .text.vTaskSuspendAll
                0x08009fe4       0x1c ./Middlewares/Third_Party/FreeRTOS/Source/tasks.o
                0x08009fe4                vTaskSuspendAll
 .text.xTaskResumeAll
                0x0800a000      0x13c ./Middlewares/Third_Party/FreeRTOS/Source/tasks.o
                0x0800a000                xTaskResumeAll
 .text.xTaskGetTickCount
                0x0800a13c       0x1c ./Middlewares/Third_Party/FreeRTOS/Source/tasks.o
                0x0800a13c                xTaskGetTickCount
 .text.xTaskIncrementTick
                0x0800a158      0x174 ./Middlewares/Third_Party/FreeRTOS/Source/tasks.o
                0x0800a158                xTaskIncrementTick
 .text.vTaskSwitchContext
                0x0800a2cc       0xbc ./Middlewares/Third_Party/FreeRTOS/Source/tasks.o
                0x0800a2cc                vTaskSwitchContext
 .text.vTaskPlaceOnEventList
                0x0800a388       0x4c ./Middlewares/Third_Party/FreeRTOS/Source/tasks.o
                0x0800a388                vTaskPlaceOnEventList
 .text.vTaskPlaceOnEventListRestricted
                0x0800a3d4       0x58 ./Middlewares/Third_Party/FreeRTOS/Source/tasks.o
                0x0800a3d4                vTaskPlaceOnEventListRestricted
 .text.xTaskRemoveFromEventList
                0x0800a42c       0xc8 ./Middlewares/Third_Party/FreeRTOS/Source/tasks.o
                0x0800a42c                xTaskRemoveFromEventList
 .text.vTaskInternalSetTimeOutState
                0x0800a4f4       0x2c ./Middlewares/Third_Party/FreeRTOS/Source/tasks.o
                0x0800a4f4                vTaskInternalSetTimeOutState
 .text.xTaskCheckForTimeOut
                0x0800a520       0xc8 ./Middlewares/Third_Party/FreeRTOS/Source/tasks.o
                0x0800a520                xTaskCheckForTimeOut
 .text.vTaskMissedYield
                0x0800a5e8       0x18 ./Middlewares/Third_Party/FreeRTOS/Source/tasks.o
                0x0800a5e8                vTaskMissedYield
 .text.prvIdleTask
                0x0800a600       0x30 ./Middlewares/Third_Party/FreeRTOS/Source/tasks.o
 .text.prvInitialiseTaskLists
                0x0800a630       0x80 ./Middlewares/Third_Party/FreeRTOS/Source/tasks.o
 .text.prvCheckTasksWaitingTermination
                0x0800a6b0       0x5c ./Middlewares/Third_Party/FreeRTOS/Source/tasks.o
 .text.prvDeleteTCB
                0x0800a70c       0x60 ./Middlewares/Third_Party/FreeRTOS/Source/tasks.o
 .text.prvResetNextTaskUnblockTime
                0x0800a76c       0x40 ./Middlewares/Third_Party/FreeRTOS/Source/tasks.o
 .text.xTaskGetSchedulerState
                0x0800a7ac       0x3c ./Middlewares/Third_Party/FreeRTOS/Source/tasks.o
                0x0800a7ac                xTaskGetSchedulerState
 .text.xTaskPriorityDisinherit
                0x0800a7e8       0xe0 ./Middlewares/Third_Party/FreeRTOS/Source/tasks.o
                0x0800a7e8                xTaskPriorityDisinherit
 .text.prvAddCurrentTaskToDelayedList
                0x0800a8c8       0xa8 ./Middlewares/Third_Party/FreeRTOS/Source/tasks.o
 .text.xTimerCreateTimerTask
                0x0800a970       0x94 ./Middlewares/Third_Party/FreeRTOS/Source/timers.o
                0x0800a970                xTimerCreateTimerTask
 .text.xTimerGenericCommand
                0x0800aa04       0x9c ./Middlewares/Third_Party/FreeRTOS/Source/timers.o
                0x0800aa04                xTimerGenericCommand
 .text.prvProcessExpiredTimer
                0x0800aaa0       0x9c ./Middlewares/Third_Party/FreeRTOS/Source/timers.o
 .text.prvTimerTask
                0x0800ab3c       0x26 ./Middlewares/Third_Party/FreeRTOS/Source/timers.o
 *fill*         0x0800ab62        0x2 
 .text.prvProcessTimerOrBlockTask
                0x0800ab64       0x9c ./Middlewares/Third_Party/FreeRTOS/Source/timers.o
 .text.prvGetNextExpireTime
                0x0800ac00       0x44 ./Middlewares/Third_Party/FreeRTOS/Source/timers.o
 .text.prvSampleTimeNow
                0x0800ac44       0x40 ./Middlewares/Third_Party/FreeRTOS/Source/timers.o
 .text.prvInsertTimerInActiveList
                0x0800ac84       0x84 ./Middlewares/Third_Party/FreeRTOS/Source/timers.o
 .text.prvProcessReceivedCommands
                0x0800ad08      0x1cc ./Middlewares/Third_Party/FreeRTOS/Source/timers.o
 .text.prvSwitchTimerLists
                0x0800aed4       0xcc ./Middlewares/Third_Party/FreeRTOS/Source/timers.o
 .text.prvCheckForValidListAndQueue
                0x0800afa0       0x80 ./Middlewares/Third_Party/FreeRTOS/Source/timers.o
 .text.pxPortInitialiseStack
                0x0800b020       0x58 ./Middlewares/Third_Party/FreeRTOS/Source/portable/GCC/ARM_CM3/port.o
                0x0800b020                pxPortInitialiseStack
 .text.prvTaskExitError
                0x0800b078       0x58 ./Middlewares/Third_Party/FreeRTOS/Source/portable/GCC/ARM_CM3/port.o
 .text.SVC_Handler
                0x0800b0d0       0x28 ./Middlewares/Third_Party/FreeRTOS/Source/portable/GCC/ARM_CM3/port.o
                0x0800b0d0                SVC_Handler
 .text.prvPortStartFirstTask
                0x0800b0f8       0x20 ./Middlewares/Third_Party/FreeRTOS/Source/portable/GCC/ARM_CM3/port.o
 .text.xPortStartScheduler
                0x0800b118       0xe4 ./Middlewares/Third_Party/FreeRTOS/Source/portable/GCC/ARM_CM3/port.o
                0x0800b118                xPortStartScheduler
 .text.vPortEnterCritical
                0x0800b1fc       0x60 ./Middlewares/Third_Party/FreeRTOS/Source/portable/GCC/ARM_CM3/port.o
                0x0800b1fc                vPortEnterCritical
 .text.vPortExitCritical
                0x0800b25c       0x54 ./Middlewares/Third_Party/FreeRTOS/Source/portable/GCC/ARM_CM3/port.o
                0x0800b25c                vPortExitCritical
 .text.PendSV_Handler
                0x0800b2b0       0x48 ./Middlewares/Third_Party/FreeRTOS/Source/portable/GCC/ARM_CM3/port.o
                0x0800b2b0                PendSV_Handler
 .text.xPortSysTickHandler
                0x0800b2f8       0x44 ./Middlewares/Third_Party/FreeRTOS/Source/portable/GCC/ARM_CM3/port.o
                0x0800b2f8                xPortSysTickHandler
 .text.vPortSetupTimerInterrupt
                0x0800b33c       0x44 ./Middlewares/Third_Party/FreeRTOS/Source/portable/GCC/ARM_CM3/port.o
                0x0800b33c                vPortSetupTimerInterrupt
 .text.vPortValidateInterruptPriority
                0x0800b380       0x80 ./Middlewares/Third_Party/FreeRTOS/Source/portable/GCC/ARM_CM3/port.o
                0x0800b380                vPortValidateInterruptPriority
 .text.pvPortMalloc
                0x0800b400      0x19c ./Middlewares/Third_Party/FreeRTOS/Source/portable/MemMang/heap_4.o
                0x0800b400                pvPortMalloc
 .text.vPortFree
                0x0800b59c       0xc8 ./Middlewares/Third_Party/FreeRTOS/Source/portable/MemMang/heap_4.o
                0x0800b59c                vPortFree
 .text.prvHeapInit
                0x0800b664       0xc4 ./Middlewares/Third_Party/FreeRTOS/Source/portable/MemMang/heap_4.o
 .text.prvInsertBlockIntoFreeList
                0x0800b728       0xb0 ./Middlewares/Third_Party/FreeRTOS/Source/portable/MemMang/heap_4.o
 .text.MX_USB_DEVICE_Init
                0x0800b7d8       0x4c ./USB_DEVICE/App/usb_device.o
                0x0800b7d8                MX_USB_DEVICE_Init
 .text.USBD_FS_DeviceDescriptor
                0x0800b824       0x24 ./USB_DEVICE/App/usbd_desc.o
                0x0800b824                USBD_FS_DeviceDescriptor
 .text.USBD_FS_LangIDStrDescriptor
                0x0800b848       0x24 ./USB_DEVICE/App/usbd_desc.o
                0x0800b848                USBD_FS_LangIDStrDescriptor
 .text.USBD_FS_ProductStrDescriptor
                0x0800b86c       0x3c ./USB_DEVICE/App/usbd_desc.o
                0x0800b86c                USBD_FS_ProductStrDescriptor
 .text.USBD_FS_ManufacturerStrDescriptor
                0x0800b8a8       0x28 ./USB_DEVICE/App/usbd_desc.o
                0x0800b8a8                USBD_FS_ManufacturerStrDescriptor
 .text.USBD_FS_SerialStrDescriptor
                0x0800b8d0       0x24 ./USB_DEVICE/App/usbd_desc.o
                0x0800b8d0                USBD_FS_SerialStrDescriptor
 .text.USBD_FS_ConfigStrDescriptor
                0x0800b8f4       0x3c ./USB_DEVICE/App/usbd_desc.o
                0x0800b8f4                USBD_FS_ConfigStrDescriptor
 .text.USBD_FS_InterfaceStrDescriptor
                0x0800b930       0x3c ./USB_DEVICE/App/usbd_desc.o
                0x0800b930                USBD_FS_InterfaceStrDescriptor
 .text.Get_SerialNum
                0x0800b96c       0x58 ./USB_DEVICE/App/usbd_desc.o
 .text.IntToUnicode
                0x0800b9c4       0x7c ./USB_DEVICE/App/usbd_desc.o
 .text.HAL_PCD_MspInit
                0x0800ba40       0x4c ./USB_DEVICE/Target/usbd_conf.o
                0x0800ba40                HAL_PCD_MspInit
 .text.HAL_PCD_SetupStageCallback
                0x0800ba8c       0x24 ./USB_DEVICE/Target/usbd_conf.o
                0x0800ba8c                HAL_PCD_SetupStageCallback
 .text.HAL_PCD_DataOutStageCallback
                0x0800bab0       0x36 ./USB_DEVICE/Target/usbd_conf.o
                0x0800bab0                HAL_PCD_DataOutStageCallback
 .text.HAL_PCD_DataInStageCallback
                0x0800bae6       0x34 ./USB_DEVICE/Target/usbd_conf.o
                0x0800bae6                HAL_PCD_DataInStageCallback
 .text.HAL_PCD_SOFCallback
                0x0800bb1a       0x1c ./USB_DEVICE/Target/usbd_conf.o
                0x0800bb1a                HAL_PCD_SOFCallback
 .text.HAL_PCD_ResetCallback
                0x0800bb36       0x3c ./USB_DEVICE/Target/usbd_conf.o
                0x0800bb36                HAL_PCD_ResetCallback
 *fill*         0x0800bb72        0x2 
 .text.HAL_PCD_SuspendCallback
                0x0800bb74       0x34 ./USB_DEVICE/Target/usbd_conf.o
                0x0800bb74                HAL_PCD_SuspendCallback
 .text.HAL_PCD_ResumeCallback
                0x0800bba8       0x1c ./USB_DEVICE/Target/usbd_conf.o
                0x0800bba8                HAL_PCD_ResumeCallback
 .text.USBD_LL_Init
                0x0800bbc4       0x90 ./USB_DEVICE/Target/usbd_conf.o
                0x0800bbc4                USBD_LL_Init
 .text.USBD_LL_Start
                0x0800bc54       0x36 ./USB_DEVICE/Target/usbd_conf.o
                0x0800bc54                USBD_LL_Start
 .text.USBD_LL_OpenEP
                0x0800bc8a       0x4c ./USB_DEVICE/Target/usbd_conf.o
                0x0800bc8a                USBD_LL_OpenEP
 .text.USBD_LL_CloseEP
                0x0800bcd6       0x3e ./USB_DEVICE/Target/usbd_conf.o
                0x0800bcd6                USBD_LL_CloseEP
 .text.USBD_LL_StallEP
                0x0800bd14       0x3e ./USB_DEVICE/Target/usbd_conf.o
                0x0800bd14                USBD_LL_StallEP
 .text.USBD_LL_ClearStallEP
                0x0800bd52       0x3e ./USB_DEVICE/Target/usbd_conf.o
                0x0800bd52                USBD_LL_ClearStallEP
 .text.USBD_LL_IsStallEP
                0x0800bd90       0x56 ./USB_DEVICE/Target/usbd_conf.o
                0x0800bd90                USBD_LL_IsStallEP
 .text.USBD_LL_SetUSBAddress
                0x0800bde6       0x3e ./USB_DEVICE/Target/usbd_conf.o
                0x0800bde6                USBD_LL_SetUSBAddress
 .text.USBD_LL_Transmit
                0x0800be24       0x46 ./USB_DEVICE/Target/usbd_conf.o
                0x0800be24                USBD_LL_Transmit
 .text.USBD_LL_PrepareReceive
                0x0800be6a       0x46 ./USB_DEVICE/Target/usbd_conf.o
                0x0800be6a                USBD_LL_PrepareReceive
 .text.USBD_static_malloc
                0x0800beb0       0x18 ./USB_DEVICE/Target/usbd_conf.o
                0x0800beb0                USBD_static_malloc
 .text.USBD_static_free
                0x0800bec8       0x12 ./USB_DEVICE/Target/usbd_conf.o
                0x0800bec8                USBD_static_free
 .text.HAL_PCDEx_SetConnectionState
                0x0800beda       0x16 ./USB_DEVICE/Target/usbd_conf.o
                0x0800beda                HAL_PCDEx_SetConnectionState
 .text.USBD_Get_USB_Status
                0x0800bef0       0x58 ./USB_DEVICE/Target/usbd_conf.o
 .text.memset   0x0800bf48       0x10 D:/stm/STM32CubeIDE_1.18.1/STM32CubeIDE/plugins/com.st.stm32cube.ide.mcu.externaltools.gnu-tools-for-stm32.13.3.rel1.win32_1.0.0.202411081344/tools/bin/../lib/gcc/arm-none-eabi/13.3.1/../../../../arm-none-eabi/lib/thumb/v7-m/nofp\libc_nano.a(libc_a-memset.o)
                0x0800bf48                memset
 .text.__libc_init_array
                0x0800bf58       0x48 D:/stm/STM32CubeIDE_1.18.1/STM32CubeIDE/plugins/com.st.stm32cube.ide.mcu.externaltools.gnu-tools-for-stm32.13.3.rel1.win32_1.0.0.202411081344/tools/bin/../lib/gcc/arm-none-eabi/13.3.1/../../../../arm-none-eabi/lib/thumb/v7-m/nofp\libc_nano.a(libc_a-init.o)
                0x0800bf58                __libc_init_array
 .text.memcpy   0x0800bfa0       0x1c D:/stm/STM32CubeIDE_1.18.1/STM32CubeIDE/plugins/com.st.stm32cube.ide.mcu.externaltools.gnu-tools-for-stm32.13.3.rel1.win32_1.0.0.202411081344/tools/bin/../lib/gcc/arm-none-eabi/13.3.1/../../../../arm-none-eabi/lib/thumb/v7-m/nofp\libc_nano.a(libc_a-memcpy-stub.o)
                0x0800bfa0                memcpy
 *(.glue_7)
 .glue_7        0x0800bfbc        0x0 linker stubs
 *(.glue_7t)
 .glue_7t       0x0800bfbc        0x0 linker stubs
 *(.eh_frame)
 .eh_frame      0x0800bfbc        0x0 D:/stm/STM32CubeIDE_1.18.1/STM32CubeIDE/plugins/com.st.stm32cube.ide.mcu.externaltools.gnu-tools-for-stm32.13.3.rel1.win32_1.0.0.202411081344/tools/bin/../lib/gcc/arm-none-eabi/13.3.1/thumb/v7-m/nofp/crtbegin.o
 *(.init)
 .init          0x0800bfbc        0x4 D:/stm/STM32CubeIDE_1.18.1/STM32CubeIDE/plugins/com.st.stm32cube.ide.mcu.externaltools.gnu-tools-for-stm32.13.3.rel1.win32_1.0.0.202411081344/tools/bin/../lib/gcc/arm-none-eabi/13.3.1/thumb/v7-m/nofp/crti.o
                0x0800bfbc                _init
 .init          0x0800bfc0        0x8 D:/stm/STM32CubeIDE_1.18.1/STM32CubeIDE/plugins/com.st.stm32cube.ide.mcu.externaltools.gnu-tools-for-stm32.13.3.rel1.win32_1.0.0.202411081344/tools/bin/../lib/gcc/arm-none-eabi/13.3.1/thumb/v7-m/nofp/crtn.o
 *(.fini)
 .fini          0x0800bfc8        0x4 D:/stm/STM32CubeIDE_1.18.1/STM32CubeIDE/plugins/com.st.stm32cube.ide.mcu.externaltools.gnu-tools-for-stm32.13.3.rel1.win32_1.0.0.202411081344/tools/bin/../lib/gcc/arm-none-eabi/13.3.1/thumb/v7-m/nofp/crti.o
                0x0800bfc8                _fini
 .fini          0x0800bfcc        0x8 D:/stm/STM32CubeIDE_1.18.1/STM32CubeIDE/plugins/com.st.stm32cube.ide.mcu.externaltools.gnu-tools-for-stm32.13.3.rel1.win32_1.0.0.202411081344/tools/bin/../lib/gcc/arm-none-eabi/13.3.1/thumb/v7-m/nofp/crtn.o
                0x0800bfd4                        . = ALIGN (0x4)
                0x0800bfd4                        _etext = .

.vfp11_veneer   0x0800bfd4        0x0
 .vfp11_veneer  0x0800bfd4        0x0 linker stubs

.v4_bx          0x0800bfd4        0x0
 .v4_bx         0x0800bfd4        0x0 linker stubs

.iplt           0x0800bfd4        0x0
 .iplt          0x0800bfd4        0x0 D:/stm/STM32CubeIDE_1.18.1/STM32CubeIDE/plugins/com.st.stm32cube.ide.mcu.externaltools.gnu-tools-for-stm32.13.3.rel1.win32_1.0.0.202411081344/tools/bin/../lib/gcc/arm-none-eabi/13.3.1/thumb/v7-m/nofp/crtbegin.o

.rodata         0x0800bfd4      0x190
                0x0800bfd4                        . = ALIGN (0x4)
 *(.rodata)
 .rodata        0x0800bfd4       0x4a ./Core/Src/main.o
 *fill*         0x0800c01e        0x2 
 .rodata        0x0800c020        0x5 ./Middlewares/Third_Party/FreeRTOS/Source/tasks.o
 *fill*         0x0800c025        0x3 
 .rodata        0x0800c028        0xd ./Middlewares/Third_Party/FreeRTOS/Source/timers.o
 *fill*         0x0800c035        0x3 
 .rodata        0x0800c038       0x46 ./USB_DEVICE/App/usbd_desc.o
 *(.rodata*)
 *fill*         0x0800c07e        0x2 
 .rodata.defaultTask_attributes
                0x0800c080       0x24 ./Core/Src/main.o
                0x0800c080                defaultTask_attributes
 .rodata.Read_attributes
                0x0800c0a4       0x24 ./Core/Src/main.o
                0x0800c0a4                Read_attributes
 .rodata.Write_attributes
                0x0800c0c8       0x24 ./Core/Src/main.o
                0x0800c0c8                Write_attributes
 .rodata.Send_attributes
                0x0800c0ec       0x24 ./Core/Src/main.o
                0x0800c0ec                Send_attributes
 .rodata.myQueue01_attributes
                0x0800c110       0x18 ./Core/Src/main.o
                0x0800c110                myQueue01_attributes
 .rodata.Counts_attributes
                0x0800c128       0x10 ./Core/Src/main.o
                0x0800c128                Counts_attributes
 .rodata.AHBPrescTable
                0x0800c138       0x10 ./Core/Src/system_stm32f1xx.o
                0x0800c138                AHBPrescTable
 .rodata.APBPrescTable
                0x0800c148        0x8 ./Core/Src/system_stm32f1xx.o
                0x0800c148                APBPrescTable
 .rodata.aPLLMULFactorTable.1
                0x0800c150       0x10 ./Drivers/STM32F1xx_HAL_Driver/Src/stm32f1xx_hal_rcc.o
 .rodata.aPredivFactorTable.0
                0x0800c160        0x2 ./Drivers/STM32F1xx_HAL_Driver/Src/stm32f1xx_hal_rcc.o
                0x0800c164                        . = ALIGN (0x4)
 *fill*         0x0800c162        0x2 

.ARM.extab      0x0800c164        0x0
                0x0800c164                        . = ALIGN (0x4)
 *(.ARM.extab* .gnu.linkonce.armextab.*)
                0x0800c164                        . = ALIGN (0x4)

.ARM            0x0800c164        0x0
                0x0800c164                        . = ALIGN (0x4)
                0x0800c164                        __exidx_start = .
 *(.ARM.exidx*)
                0x0800c164                        __exidx_end = .
                0x0800c164                        . = ALIGN (0x4)

.preinit_array  0x0800c164        0x0
                0x0800c164                        . = ALIGN (0x4)
                0x0800c164                        PROVIDE (__preinit_array_start = .)
 *(.preinit_array*)
                0x0800c164                        PROVIDE (__preinit_array_end = .)
                0x0800c164                        . = ALIGN (0x4)

.init_array     0x0800c164        0x4
                0x0800c164                        . = ALIGN (0x4)
                0x0800c164                        PROVIDE (__init_array_start = .)
 *(SORT_BY_NAME(.init_array.*))
 *(.init_array*)
 .init_array    0x0800c164        0x4 D:/stm/STM32CubeIDE_1.18.1/STM32CubeIDE/plugins/com.st.stm32cube.ide.mcu.externaltools.gnu-tools-for-stm32.13.3.rel1.win32_1.0.0.202411081344/tools/bin/../lib/gcc/arm-none-eabi/13.3.1/thumb/v7-m/nofp/crtbegin.o
                0x0800c168                        PROVIDE (__init_array_end = .)
                0x0800c168                        . = ALIGN (0x4)

.fini_array     0x0800c168        0x4
                0x0800c168                        . = ALIGN (0x4)
                [!provide]                        PROVIDE (__fini_array_start = .)
 *(SORT_BY_NAME(.fini_array.*))
 *(.fini_array*)
 .fini_array    0x0800c168        0x4 D:/stm/STM32CubeIDE_1.18.1/STM32CubeIDE/plugins/com.st.stm32cube.ide.mcu.externaltools.gnu-tools-for-stm32.13.3.rel1.win32_1.0.0.202411081344/tools/bin/../lib/gcc/arm-none-eabi/13.3.1/thumb/v7-m/nofp/crtbegin.o
                [!provide]                        PROVIDE (__fini_array_end = .)
                0x0800c16c                        . = ALIGN (0x4)
                0x0800c16c                        _sidata = LOADADDR (.data)

.rel.dyn        0x0800c16c        0x0
 .rel.iplt      0x0800c16c        0x0 D:/stm/STM32CubeIDE_1.18.1/STM32CubeIDE/plugins/com.st.stm32cube.ide.mcu.externaltools.gnu-tools-for-stm32.13.3.rel1.win32_1.0.0.202411081344/tools/bin/../lib/gcc/arm-none-eabi/13.3.1/thumb/v7-m/nofp/crtbegin.o

.data           0x20000000      0x168 load address 0x0800c16c
                0x20000000                        . = ALIGN (0x4)
                0x20000000                        _sdata = .
 *(.data)
 *(.data*)
 .data.SystemCoreClock
                0x20000000        0x4 ./Core/Src/system_stm32f1xx.o
                0x20000000                SystemCoreClock
 .data.uwTickPrio
                0x20000004        0x4 ./Drivers/STM32F1xx_HAL_Driver/Src/stm32f1xx_hal.o
                0x20000004                uwTickPrio
 .data.uwTickFreq
                0x20000008        0x1 ./Drivers/STM32F1xx_HAL_Driver/Src/stm32f1xx_hal.o
                0x20000008                uwTickFreq
 *fill*         0x20000009        0x3 
 .data.USBD_HID
                0x2000000c       0x38 ./Middlewares/ST/STM32_USB_Device_Library/Class/HID/Src/usbd_hid.o
                0x2000000c                USBD_HID
 .data.USBD_HID_CfgFSDesc
                0x20000044       0x22 ./Middlewares/ST/STM32_USB_Device_Library/Class/HID/Src/usbd_hid.o
 *fill*         0x20000066        0x2 
 .data.USBD_HID_CfgHSDesc
                0x20000068       0x22 ./Middlewares/ST/STM32_USB_Device_Library/Class/HID/Src/usbd_hid.o
 *fill*         0x2000008a        0x2 
 .data.USBD_HID_OtherSpeedCfgDesc
                0x2000008c       0x22 ./Middlewares/ST/STM32_USB_Device_Library/Class/HID/Src/usbd_hid.o
 *fill*         0x200000ae        0x2 
 .data.USBD_HID_Desc
                0x200000b0        0x9 ./Middlewares/ST/STM32_USB_Device_Library/Class/HID/Src/usbd_hid.o
 *fill*         0x200000b9        0x3 
 .data.USBD_HID_DeviceQualifierDesc
                0x200000bc        0xa ./Middlewares/ST/STM32_USB_Device_Library/Class/HID/Src/usbd_hid.o
 *fill*         0x200000c6        0x2 
 .data.HID_MOUSE_ReportDesc
                0x200000c8       0x4a ./Middlewares/ST/STM32_USB_Device_Library/Class/HID/Src/usbd_hid.o
 *fill*         0x20000112        0x2 
 .data.uxCriticalNesting
                0x20000114        0x4 ./Middlewares/Third_Party/FreeRTOS/Source/portable/GCC/ARM_CM3/port.o
 .data.FS_Desc  0x20000118       0x1c ./USB_DEVICE/App/usbd_desc.o
                0x20000118                FS_Desc
 .data.USBD_FS_DeviceDesc
                0x20000134       0x12 ./USB_DEVICE/App/usbd_desc.o
                0x20000134                USBD_FS_DeviceDesc
 *fill*         0x20000146        0x2 
 .data.USBD_LangIDDesc
                0x20000148        0x4 ./USB_DEVICE/App/usbd_desc.o
                0x20000148                USBD_LangIDDesc
 .data.USBD_StringSerial
                0x2000014c       0x1a ./USB_DEVICE/App/usbd_desc.o
                0x2000014c                USBD_StringSerial
 *(.RamFunc)
 *(.RamFunc*)
                0x20000168                        . = ALIGN (0x4)
 *fill*         0x20000166        0x2 
                0x20000168                        _edata = .

.igot.plt       0x20000168        0x0 load address 0x0800c2d4
 .igot.plt      0x20000168        0x0 D:/stm/STM32CubeIDE_1.18.1/STM32CubeIDE/plugins/com.st.stm32cube.ide.mcu.externaltools.gnu-tools-for-stm32.13.3.rel1.win32_1.0.0.202411081344/tools/bin/../lib/gcc/arm-none-eabi/13.3.1/thumb/v7-m/nofp/crtbegin.o
                0x20000168                        . = ALIGN (0x4)

.bss            0x20000168     0x2230 load address 0x0800c2d4
                0x20000168                        _sbss = .
                0x20000168                        __bss_start__ = _sbss
 *(.bss)
 .bss           0x20000168       0x1c D:/stm/STM32CubeIDE_1.18.1/STM32CubeIDE/plugins/com.st.stm32cube.ide.mcu.externaltools.gnu-tools-for-stm32.13.3.rel1.win32_1.0.0.202411081344/tools/bin/../lib/gcc/arm-none-eabi/13.3.1/thumb/v7-m/nofp/crtbegin.o
 *(.bss*)
 .bss.hi2c1     0x20000184       0x54 ./Core/Src/main.o
                0x20000184                hi2c1
 .bss.hspi2     0x200001d8       0x58 ./Core/Src/main.o
                0x200001d8                hspi2
 .bss.huart2    0x20000230       0x48 ./Core/Src/main.o
                0x20000230                huart2
 .bss.defaultTaskHandle
                0x20000278        0x4 ./Core/Src/main.o
                0x20000278                defaultTaskHandle
 .bss.ReadHandle
                0x2000027c        0x4 ./Core/Src/main.o
                0x2000027c                ReadHandle
 .bss.WriteHandle
                0x20000280        0x4 ./Core/Src/main.o
                0x20000280                WriteHandle
 .bss.SendHandle
                0x20000284        0x4 ./Core/Src/main.o
                0x20000284                SendHandle
 .bss.myQueue01Handle
                0x20000288        0x4 ./Core/Src/main.o
                0x20000288                myQueue01Handle
 .bss.CountsHandle
                0x2000028c        0x4 ./Core/Src/main.o
                0x2000028c                CountsHandle
 .bss.uwTick    0x20000290        0x4 ./Drivers/STM32F1xx_HAL_Driver/Src/stm32f1xx_hal.o
                0x20000290                uwTick
 .bss.cfgidx.0  0x20000294        0x1 ./Middlewares/ST/STM32_USB_Device_Library/Core/Src/usbd_ctlreq.o
 *fill*         0x20000295        0x3 
 .bss.KernelState
                0x20000298        0x4 ./Middlewares/Third_Party/FreeRTOS/Source/CMSIS_RTOS_V2/cmsis_os2.o
 .bss.Idle_TCB.3
                0x2000029c       0x5c ./Middlewares/Third_Party/FreeRTOS/Source/CMSIS_RTOS_V2/cmsis_os2.o
 .bss.Idle_Stack.2
                0x200002f8      0x200 ./Middlewares/Third_Party/FreeRTOS/Source/CMSIS_RTOS_V2/cmsis_os2.o
 .bss.Timer_TCB.1
                0x200004f8       0x5c ./Middlewares/Third_Party/FreeRTOS/Source/CMSIS_RTOS_V2/cmsis_os2.o
 .bss.Timer_Stack.0
                0x20000554      0x400 ./Middlewares/Third_Party/FreeRTOS/Source/CMSIS_RTOS_V2/cmsis_os2.o
 .bss.xQueueRegistry
                0x20000954       0x40 ./Middlewares/Third_Party/FreeRTOS/Source/queue.o
                0x20000954                xQueueRegistry
 .bss.pxCurrentTCB
                0x20000994        0x4 ./Middlewares/Third_Party/FreeRTOS/Source/tasks.o
                0x20000994                pxCurrentTCB
 .bss.pxReadyTasksLists
                0x20000998      0x460 ./Middlewares/Third_Party/FreeRTOS/Source/tasks.o
 .bss.xDelayedTaskList1
                0x20000df8       0x14 ./Middlewares/Third_Party/FreeRTOS/Source/tasks.o
 .bss.xDelayedTaskList2
                0x20000e0c       0x14 ./Middlewares/Third_Party/FreeRTOS/Source/tasks.o
 .bss.pxDelayedTaskList
                0x20000e20        0x4 ./Middlewares/Third_Party/FreeRTOS/Source/tasks.o
 .bss.pxOverflowDelayedTaskList
                0x20000e24        0x4 ./Middlewares/Third_Party/FreeRTOS/Source/tasks.o
 .bss.xPendingReadyList
                0x20000e28       0x14 ./Middlewares/Third_Party/FreeRTOS/Source/tasks.o
 .bss.xTasksWaitingTermination
                0x20000e3c       0x14 ./Middlewares/Third_Party/FreeRTOS/Source/tasks.o
 .bss.uxDeletedTasksWaitingCleanUp
                0x20000e50        0x4 ./Middlewares/Third_Party/FreeRTOS/Source/tasks.o
 .bss.xSuspendedTaskList
                0x20000e54       0x14 ./Middlewares/Third_Party/FreeRTOS/Source/tasks.o
 .bss.uxCurrentNumberOfTasks
                0x20000e68        0x4 ./Middlewares/Third_Party/FreeRTOS/Source/tasks.o
 .bss.xTickCount
                0x20000e6c        0x4 ./Middlewares/Third_Party/FreeRTOS/Source/tasks.o
 .bss.uxTopReadyPriority
                0x20000e70        0x4 ./Middlewares/Third_Party/FreeRTOS/Source/tasks.o
 .bss.xSchedulerRunning
                0x20000e74        0x4 ./Middlewares/Third_Party/FreeRTOS/Source/tasks.o
 .bss.xPendedTicks
                0x20000e78        0x4 ./Middlewares/Third_Party/FreeRTOS/Source/tasks.o
 .bss.xYieldPending
                0x20000e7c        0x4 ./Middlewares/Third_Party/FreeRTOS/Source/tasks.o
 .bss.xNumOfOverflows
                0x20000e80        0x4 ./Middlewares/Third_Party/FreeRTOS/Source/tasks.o
 .bss.uxTaskNumber
                0x20000e84        0x4 ./Middlewares/Third_Party/FreeRTOS/Source/tasks.o
 .bss.xNextTaskUnblockTime
                0x20000e88        0x4 ./Middlewares/Third_Party/FreeRTOS/Source/tasks.o
 .bss.xIdleTaskHandle
                0x20000e8c        0x4 ./Middlewares/Third_Party/FreeRTOS/Source/tasks.o
 .bss.uxSchedulerSuspended
                0x20000e90        0x4 ./Middlewares/Third_Party/FreeRTOS/Source/tasks.o
 .bss.xActiveTimerList1
                0x20000e94       0x14 ./Middlewares/Third_Party/FreeRTOS/Source/timers.o
 .bss.xActiveTimerList2
                0x20000ea8       0x14 ./Middlewares/Third_Party/FreeRTOS/Source/timers.o
 .bss.pxCurrentTimerList
                0x20000ebc        0x4 ./Middlewares/Third_Party/FreeRTOS/Source/timers.o
 .bss.pxOverflowTimerList
                0x20000ec0        0x4 ./Middlewares/Third_Party/FreeRTOS/Source/timers.o
 .bss.xTimerQueue
                0x20000ec4        0x4 ./Middlewares/Third_Party/FreeRTOS/Source/timers.o
 .bss.xTimerTaskHandle
                0x20000ec8        0x4 ./Middlewares/Third_Party/FreeRTOS/Source/timers.o
 .bss.xLastTime.2
                0x20000ecc        0x4 ./Middlewares/Third_Party/FreeRTOS/Source/timers.o
 .bss.ucStaticTimerQueueStorage.1
                0x20000ed0       0xa0 ./Middlewares/Third_Party/FreeRTOS/Source/timers.o
 .bss.xStaticTimerQueue.0
                0x20000f70       0x50 ./Middlewares/Third_Party/FreeRTOS/Source/timers.o
 .bss.ucMaxSysCallPriority
                0x20000fc0        0x1 ./Middlewares/Third_Party/FreeRTOS/Source/portable/GCC/ARM_CM3/port.o
 *fill*         0x20000fc1        0x3 
 .bss.ulMaxPRIGROUPValue
                0x20000fc4        0x4 ./Middlewares/Third_Party/FreeRTOS/Source/portable/GCC/ARM_CM3/port.o
 .bss.ucHeap    0x20000fc8      0xc00 ./Middlewares/Third_Party/FreeRTOS/Source/portable/MemMang/heap_4.o
 .bss.xStart    0x20001bc8        0x8 ./Middlewares/Third_Party/FreeRTOS/Source/portable/MemMang/heap_4.o
 .bss.pxEnd     0x20001bd0        0x4 ./Middlewares/Third_Party/FreeRTOS/Source/portable/MemMang/heap_4.o
 .bss.xFreeBytesRemaining
                0x20001bd4        0x4 ./Middlewares/Third_Party/FreeRTOS/Source/portable/MemMang/heap_4.o
 .bss.xMinimumEverFreeBytesRemaining
                0x20001bd8        0x4 ./Middlewares/Third_Party/FreeRTOS/Source/portable/MemMang/heap_4.o
 .bss.xNumberOfSuccessfulAllocations
                0x20001bdc        0x4 ./Middlewares/Third_Party/FreeRTOS/Source/portable/MemMang/heap_4.o
 .bss.xNumberOfSuccessfulFrees
                0x20001be0        0x4 ./Middlewares/Third_Party/FreeRTOS/Source/portable/MemMang/heap_4.o
 .bss.xBlockAllocatedBit
                0x20001be4        0x4 ./Middlewares/Third_Party/FreeRTOS/Source/portable/MemMang/heap_4.o
 .bss.hUsbDeviceFS
                0x20001be8      0x2c4 ./USB_DEVICE/App/usb_device.o
                0x20001be8                hUsbDeviceFS
 .bss.USBD_StrDesc
                0x20001eac      0x200 ./USB_DEVICE/App/usbd_desc.o
                0x20001eac                USBD_StrDesc
 .bss.hpcd_USB_FS
                0x200020ac      0x2d8 ./USB_DEVICE/Target/usbd_conf.o
                0x200020ac                hpcd_USB_FS
 .bss.mem.0     0x20002384       0x14 ./USB_DEVICE/Target/usbd_conf.o
 *(COMMON)
                0x20002398                        . = ALIGN (0x4)
                0x20002398                        _ebss = .
                0x20002398                        __bss_end__ = _ebss

._user_heap_stack
                0x20002398      0x600 load address 0x0800c2d4
                0x20002398                        . = ALIGN (0x8)
                [!provide]                        PROVIDE (end = .)
                0x20002398                        PROVIDE (_end = .)
                0x20002598                        . = (. + _Min_Heap_Size)
 *fill*         0x20002398      0x200 
                0x20002998                        . = (. + _Min_Stack_Size)
 *fill*         0x20002598      0x400 
                0x20002998                        . = ALIGN (0x8)

/DISCARD/
 libc.a(*)
 libm.a(*)
 libgcc.a(*)

.ARM.attributes
                0x00000000       0x29
 *(.ARM.attributes)
 .ARM.attributes
                0x00000000       0x1d D:/stm/STM32CubeIDE_1.18.1/STM32CubeIDE/plugins/com.st.stm32cube.ide.mcu.externaltools.gnu-tools-for-stm32.13.3.rel1.win32_1.0.0.202411081344/tools/bin/../lib/gcc/arm-none-eabi/13.3.1/thumb/v7-m/nofp/crti.o
 .ARM.attributes
                0x0000001d       0x2d D:/stm/STM32CubeIDE_1.18.1/STM32CubeIDE/plugins/com.st.stm32cube.ide.mcu.externaltools.gnu-tools-for-stm32.13.3.rel1.win32_1.0.0.202411081344/tools/bin/../lib/gcc/arm-none-eabi/13.3.1/thumb/v7-m/nofp/crtbegin.o
 .ARM.attributes
                0x0000004a       0x2d ./Core/Src/main.o
 .ARM.attributes
                0x00000077       0x2d ./Core/Src/rtos.o
 .ARM.attributes
                0x000000a4       0x2d ./Core/Src/stm32f1xx_hal_msp.o
 .ARM.attributes
                0x000000d1       0x2d ./Core/Src/stm32f1xx_it.o
 .ARM.attributes
                0x000000fe       0x2d ./Core/Src/system_stm32f1xx.o
 .ARM.attributes
                0x0000012b       0x21 ./Core/Startup/startup_stm32f103c8tx.o
 .ARM.attributes
                0x0000014c       0x2d ./Drivers/STM32F1xx_HAL_Driver/Src/stm32f1xx_hal.o
 .ARM.attributes
                0x00000179       0x2d ./Drivers/STM32F1xx_HAL_Driver/Src/stm32f1xx_hal_cortex.o
 .ARM.attributes
                0x000001a6       0x2d ./Drivers/STM32F1xx_HAL_Driver/Src/stm32f1xx_hal_gpio.o
 .ARM.attributes
                0x000001d3       0x2d ./Drivers/STM32F1xx_HAL_Driver/Src/stm32f1xx_hal_i2c.o
 .ARM.attributes
                0x00000200       0x2d ./Drivers/STM32F1xx_HAL_Driver/Src/stm32f1xx_hal_pcd.o
 .ARM.attributes
                0x0000022d       0x2d ./Drivers/STM32F1xx_HAL_Driver/Src/stm32f1xx_hal_pcd_ex.o
 .ARM.attributes
                0x0000025a       0x2d ./Drivers/STM32F1xx_HAL_Driver/Src/stm32f1xx_hal_rcc.o
 .ARM.attributes
                0x00000287       0x2d ./Drivers/STM32F1xx_HAL_Driver/Src/stm32f1xx_hal_rcc_ex.o
 .ARM.attributes
                0x000002b4       0x2d ./Drivers/STM32F1xx_HAL_Driver/Src/stm32f1xx_hal_spi.o
 .ARM.attributes
                0x000002e1       0x2d ./Drivers/STM32F1xx_HAL_Driver/Src/stm32f1xx_hal_uart.o
 .ARM.attributes
                0x0000030e       0x2d ./Drivers/STM32F1xx_HAL_Driver/Src/stm32f1xx_ll_usb.o
 .ARM.attributes
                0x0000033b       0x2d ./Middlewares/ST/STM32_USB_Device_Library/Class/HID/Src/usbd_hid.o
 .ARM.attributes
                0x00000368       0x2d ./Middlewares/ST/STM32_USB_Device_Library/Core/Src/usbd_core.o
 .ARM.attributes
                0x00000395       0x2d ./Middlewares/ST/STM32_USB_Device_Library/Core/Src/usbd_ctlreq.o
 .ARM.attributes
                0x000003c2       0x2d ./Middlewares/ST/STM32_USB_Device_Library/Core/Src/usbd_ioreq.o
 .ARM.attributes
                0x000003ef       0x2d ./Middlewares/Third_Party/FreeRTOS/Source/CMSIS_RTOS_V2/cmsis_os2.o
 .ARM.attributes
                0x0000041c       0x2d ./Middlewares/Third_Party/FreeRTOS/Source/list.o
 .ARM.attributes
                0x00000449       0x2d ./Middlewares/Third_Party/FreeRTOS/Source/queue.o
 .ARM.attributes
                0x00000476       0x2d ./Middlewares/Third_Party/FreeRTOS/Source/tasks.o
 .ARM.attributes
                0x000004a3       0x2d ./Middlewares/Third_Party/FreeRTOS/Source/timers.o
 .ARM.attributes
                0x000004d0       0x2d ./Middlewares/Third_Party/FreeRTOS/Source/portable/GCC/ARM_CM3/port.o
 .ARM.attributes
                0x000004fd       0x2d ./Middlewares/Third_Party/FreeRTOS/Source/portable/MemMang/heap_4.o
 .ARM.attributes
                0x0000052a       0x2d ./USB_DEVICE/App/usb_device.o
 .ARM.attributes
                0x00000557       0x2d ./USB_DEVICE/App/usbd_desc.o
 .ARM.attributes
                0x00000584       0x2d ./USB_DEVICE/Target/usbd_conf.o
 .ARM.attributes
                0x000005b1       0x2d D:/stm/STM32CubeIDE_1.18.1/STM32CubeIDE/plugins/com.st.stm32cube.ide.mcu.externaltools.gnu-tools-for-stm32.13.3.rel1.win32_1.0.0.202411081344/tools/bin/../lib/gcc/arm-none-eabi/13.3.1/../../../../arm-none-eabi/lib/thumb/v7-m/nofp\libc_nano.a(libc_a-memset.o)
 .ARM.attributes
                0x000005de       0x2d D:/stm/STM32CubeIDE_1.18.1/STM32CubeIDE/plugins/com.st.stm32cube.ide.mcu.externaltools.gnu-tools-for-stm32.13.3.rel1.win32_1.0.0.202411081344/tools/bin/../lib/gcc/arm-none-eabi/13.3.1/../../../../arm-none-eabi/lib/thumb/v7-m/nofp\libc_nano.a(libc_a-init.o)
 .ARM.attributes
                0x0000060b       0x2d D:/stm/STM32CubeIDE_1.18.1/STM32CubeIDE/plugins/com.st.stm32cube.ide.mcu.externaltools.gnu-tools-for-stm32.13.3.rel1.win32_1.0.0.202411081344/tools/bin/../lib/gcc/arm-none-eabi/13.3.1/../../../../arm-none-eabi/lib/thumb/v7-m/nofp\libc_nano.a(libc_a-memcpy-stub.o)
 .ARM.attributes
                0x00000638       0x1d D:/stm/STM32CubeIDE_1.18.1/STM32CubeIDE/plugins/com.st.stm32cube.ide.mcu.externaltools.gnu-tools-for-stm32.13.3.rel1.win32_1.0.0.202411081344/tools/bin/../lib/gcc/arm-none-eabi/13.3.1/thumb/v7-m/nofp/crtn.o
OUTPUT(freertos.elf elf32-littlearm)
LOAD linker stubs
LOAD D:/stm/STM32CubeIDE_1.18.1/STM32CubeIDE/plugins/com.st.stm32cube.ide.mcu.externaltools.gnu-tools-for-stm32.13.3.rel1.win32_1.0.0.202411081344/tools/bin/../lib/gcc/arm-none-eabi/13.3.1/../../../../arm-none-eabi/lib/thumb/v7-m/nofp\libc.a
LOAD D:/stm/STM32CubeIDE_1.18.1/STM32CubeIDE/plugins/com.st.stm32cube.ide.mcu.externaltools.gnu-tools-for-stm32.13.3.rel1.win32_1.0.0.202411081344/tools/bin/../lib/gcc/arm-none-eabi/13.3.1/../../../../arm-none-eabi/lib/thumb/v7-m/nofp\libm.a
LOAD D:/stm/STM32CubeIDE_1.18.1/STM32CubeIDE/plugins/com.st.stm32cube.ide.mcu.externaltools.gnu-tools-for-stm32.13.3.rel1.win32_1.0.0.202411081344/tools/bin/../lib/gcc/arm-none-eabi/13.3.1/thumb/v7-m/nofp\libgcc.a

.debug_info     0x00000000    0x1d797
 .debug_info    0x00000000     0x15df ./Core/Src/main.o
 .debug_info    0x000015df      0xcfb ./Core/Src/rtos.o
 .debug_info    0x000022da      0xf70 ./Core/Src/stm32f1xx_hal_msp.o
 .debug_info    0x0000324a      0x60a ./Core/Src/stm32f1xx_it.o
 .debug_info    0x00003854      0x222 ./Core/Src/system_stm32f1xx.o
 .debug_info    0x00003a76       0x30 ./Core/Startup/startup_stm32f103c8tx.o
 .debug_info    0x00003aa6      0x704 ./Drivers/STM32F1xx_HAL_Driver/Src/stm32f1xx_hal.o
 .debug_info    0x000041aa      0xa87 ./Drivers/STM32F1xx_HAL_Driver/Src/stm32f1xx_hal_cortex.o
 .debug_info    0x00004c31      0x5ab ./Drivers/STM32F1xx_HAL_Driver/Src/stm32f1xx_hal_gpio.o
 .debug_info    0x000051dc     0x2524 ./Drivers/STM32F1xx_HAL_Driver/Src/stm32f1xx_hal_i2c.o
 .debug_info    0x00007700     0x16dc ./Drivers/STM32F1xx_HAL_Driver/Src/stm32f1xx_hal_pcd.o
 .debug_info    0x00008ddc      0x6c3 ./Drivers/STM32F1xx_HAL_Driver/Src/stm32f1xx_hal_pcd_ex.o
 .debug_info    0x0000949f      0x7e9 ./Drivers/STM32F1xx_HAL_Driver/Src/stm32f1xx_hal_rcc.o
 .debug_info    0x00009c88      0x3c0 ./Drivers/STM32F1xx_HAL_Driver/Src/stm32f1xx_hal_rcc_ex.o
 .debug_info    0x0000a048     0x142d ./Drivers/STM32F1xx_HAL_Driver/Src/stm32f1xx_hal_spi.o
 .debug_info    0x0000b475     0x2eed ./Drivers/STM32F1xx_HAL_Driver/Src/stm32f1xx_hal_uart.o
 .debug_info    0x0000e362     0x17ae ./Drivers/STM32F1xx_HAL_Driver/Src/stm32f1xx_ll_usb.o
 .debug_info    0x0000fb10      0x927 ./Middlewares/ST/STM32_USB_Device_Library/Class/HID/Src/usbd_hid.o
 .debug_info    0x00010437      0xa52 ./Middlewares/ST/STM32_USB_Device_Library/Core/Src/usbd_core.o
 .debug_info    0x00010e89      0x91c ./Middlewares/ST/STM32_USB_Device_Library/Core/Src/usbd_ctlreq.o
 .debug_info    0x000117a5      0x6a0 ./Middlewares/ST/STM32_USB_Device_Library/Core/Src/usbd_ioreq.o
 .debug_info    0x00011e45     0x3975 ./Middlewares/Third_Party/FreeRTOS/Source/CMSIS_RTOS_V2/cmsis_os2.o
 .debug_info    0x000157ba      0x2af ./Middlewares/Third_Party/FreeRTOS/Source/list.o
 .debug_info    0x00015a69     0x1b79 ./Middlewares/Third_Party/FreeRTOS/Source/queue.o
 .debug_info    0x000175e2     0x21ec ./Middlewares/Third_Party/FreeRTOS/Source/tasks.o
 .debug_info    0x000197ce     0x1488 ./Middlewares/Third_Party/FreeRTOS/Source/timers.o
 .debug_info    0x0001ac56      0x494 ./Middlewares/Third_Party/FreeRTOS/Source/portable/GCC/ARM_CM3/port.o
 .debug_info    0x0001b0ea      0x4d5 ./Middlewares/Third_Party/FreeRTOS/Source/portable/MemMang/heap_4.o
 .debug_info    0x0001b5bf      0x53a ./USB_DEVICE/App/usb_device.o
 .debug_info    0x0001baf9      0x44a ./USB_DEVICE/App/usbd_desc.o
 .debug_info    0x0001bf43     0x1854 ./USB_DEVICE/Target/usbd_conf.o

.debug_abbrev   0x00000000     0x4784
 .debug_abbrev  0x00000000      0x2d4 ./Core/Src/main.o
 .debug_abbrev  0x000002d4      0x1ff ./Core/Src/rtos.o
 .debug_abbrev  0x000004d3      0x1f5 ./Core/Src/stm32f1xx_hal_msp.o
 .debug_abbrev  0x000006c8      0x1ba ./Core/Src/stm32f1xx_it.o
 .debug_abbrev  0x00000882      0x13f ./Core/Src/system_stm32f1xx.o
 .debug_abbrev  0x000009c1       0x24 ./Core/Startup/startup_stm32f103c8tx.o
 .debug_abbrev  0x000009e5      0x201 ./Drivers/STM32F1xx_HAL_Driver/Src/stm32f1xx_hal.o
 .debug_abbrev  0x00000be6      0x2f8 ./Drivers/STM32F1xx_HAL_Driver/Src/stm32f1xx_hal_cortex.o
 .debug_abbrev  0x00000ede      0x1ca ./Drivers/STM32F1xx_HAL_Driver/Src/stm32f1xx_hal_gpio.o
 .debug_abbrev  0x000010a8      0x2a3 ./Drivers/STM32F1xx_HAL_Driver/Src/stm32f1xx_hal_i2c.o
 .debug_abbrev  0x0000134b      0x2d6 ./Drivers/STM32F1xx_HAL_Driver/Src/stm32f1xx_hal_pcd.o
 .debug_abbrev  0x00001621      0x189 ./Drivers/STM32F1xx_HAL_Driver/Src/stm32f1xx_hal_pcd_ex.o
 .debug_abbrev  0x000017aa      0x2b3 ./Drivers/STM32F1xx_HAL_Driver/Src/stm32f1xx_hal_rcc.o
 .debug_abbrev  0x00001a5d      0x188 ./Drivers/STM32F1xx_HAL_Driver/Src/stm32f1xx_hal_rcc_ex.o
 .debug_abbrev  0x00001be5      0x27a ./Drivers/STM32F1xx_HAL_Driver/Src/stm32f1xx_hal_spi.o
 .debug_abbrev  0x00001e5f      0x2f8 ./Drivers/STM32F1xx_HAL_Driver/Src/stm32f1xx_hal_uart.o
 .debug_abbrev  0x00002157      0x1de ./Drivers/STM32F1xx_HAL_Driver/Src/stm32f1xx_ll_usb.o
 .debug_abbrev  0x00002335      0x26b ./Middlewares/ST/STM32_USB_Device_Library/Class/HID/Src/usbd_hid.o
 .debug_abbrev  0x000025a0      0x24a ./Middlewares/ST/STM32_USB_Device_Library/Core/Src/usbd_core.o
 .debug_abbrev  0x000027ea      0x26b ./Middlewares/ST/STM32_USB_Device_Library/Core/Src/usbd_ctlreq.o
 .debug_abbrev  0x00002a55      0x192 ./Middlewares/ST/STM32_USB_Device_Library/Core/Src/usbd_ioreq.o
 .debug_abbrev  0x00002be7      0x508 ./Middlewares/Third_Party/FreeRTOS/Source/CMSIS_RTOS_V2/cmsis_os2.o
 .debug_abbrev  0x000030ef       0xf5 ./Middlewares/Third_Party/FreeRTOS/Source/list.o
 .debug_abbrev  0x000031e4      0x3b6 ./Middlewares/Third_Party/FreeRTOS/Source/queue.o
 .debug_abbrev  0x0000359a      0x386 ./Middlewares/Third_Party/FreeRTOS/Source/tasks.o
 .debug_abbrev  0x00003920      0x352 ./Middlewares/Third_Party/FreeRTOS/Source/timers.o
 .debug_abbrev  0x00003c72      0x258 ./Middlewares/Third_Party/FreeRTOS/Source/portable/GCC/ARM_CM3/port.o
 .debug_abbrev  0x00003eca      0x21d ./Middlewares/Third_Party/FreeRTOS/Source/portable/MemMang/heap_4.o
 .debug_abbrev  0x000040e7      0x188 ./USB_DEVICE/App/usb_device.o
 .debug_abbrev  0x0000426f      0x1ff ./USB_DEVICE/App/usbd_desc.o
 .debug_abbrev  0x0000446e      0x316 ./USB_DEVICE/Target/usbd_conf.o

.debug_aranges  0x00000000     0x1920
 .debug_aranges
                0x00000000       0x70 ./Core/Src/main.o
 .debug_aranges
                0x00000070       0x38 ./Core/Src/rtos.o
 .debug_aranges
                0x000000a8       0x50 ./Core/Src/stm32f1xx_hal_msp.o
 .debug_aranges
                0x000000f8       0x58 ./Core/Src/stm32f1xx_it.o
 .debug_aranges
                0x00000150       0x28 ./Core/Src/system_stm32f1xx.o
 .debug_aranges
                0x00000178       0x28 ./Core/Startup/startup_stm32f103c8tx.o
 .debug_aranges
                0x000001a0       0xe0 ./Drivers/STM32F1xx_HAL_Driver/Src/stm32f1xx_hal.o
 .debug_aranges
                0x00000280      0x100 ./Drivers/STM32F1xx_HAL_Driver/Src/stm32f1xx_hal_cortex.o
 .debug_aranges
                0x00000380       0x58 ./Drivers/STM32F1xx_HAL_Driver/Src/stm32f1xx_hal_gpio.o
 .debug_aranges
                0x000003d8      0x2a8 ./Drivers/STM32F1xx_HAL_Driver/Src/stm32f1xx_hal_i2c.o
 .debug_aranges
                0x00000680      0x140 ./Drivers/STM32F1xx_HAL_Driver/Src/stm32f1xx_hal_pcd.o
 .debug_aranges
                0x000007c0       0x38 ./Drivers/STM32F1xx_HAL_Driver/Src/stm32f1xx_hal_pcd_ex.o
 .debug_aranges
                0x000007f8       0x90 ./Drivers/STM32F1xx_HAL_Driver/Src/stm32f1xx_hal_rcc.o
 .debug_aranges
                0x00000888       0x30 ./Drivers/STM32F1xx_HAL_Driver/Src/stm32f1xx_hal_rcc_ex.o
 .debug_aranges
                0x000008b8      0x1d0 ./Drivers/STM32F1xx_HAL_Driver/Src/stm32f1xx_hal_spi.o
 .debug_aranges
                0x00000a88      0x208 ./Drivers/STM32F1xx_HAL_Driver/Src/stm32f1xx_hal_uart.o
 .debug_aranges
                0x00000c90       0xf8 ./Drivers/STM32F1xx_HAL_Driver/Src/stm32f1xx_ll_usb.o
 .debug_aranges
                0x00000d88       0x68 ./Middlewares/ST/STM32_USB_Device_Library/Class/HID/Src/usbd_hid.o
 .debug_aranges
                0x00000df0       0xb8 ./Middlewares/ST/STM32_USB_Device_Library/Core/Src/usbd_core.o
 .debug_aranges
                0x00000ea8       0x88 ./Middlewares/ST/STM32_USB_Device_Library/Core/Src/usbd_ctlreq.o
 .debug_aranges
                0x00000f30       0x50 ./Middlewares/ST/STM32_USB_Device_Library/Core/Src/usbd_ioreq.o
 .debug_aranges
                0x00000f80      0x2a8 ./Middlewares/Third_Party/FreeRTOS/Source/CMSIS_RTOS_V2/cmsis_os2.o
 .debug_aranges
                0x00001228       0x40 ./Middlewares/Third_Party/FreeRTOS/Source/list.o
 .debug_aranges
                0x00001268      0x158 ./Middlewares/Third_Party/FreeRTOS/Source/queue.o
 .debug_aranges
                0x000013c0      0x208 ./Middlewares/Third_Party/FreeRTOS/Source/tasks.o
 .debug_aranges
                0x000015c8       0xf0 ./Middlewares/Third_Party/FreeRTOS/Source/timers.o
 .debug_aranges
                0x000016b8       0x78 ./Middlewares/Third_Party/FreeRTOS/Source/portable/GCC/ARM_CM3/port.o
 .debug_aranges
                0x00001730       0x58 ./Middlewares/Third_Party/FreeRTOS/Source/portable/MemMang/heap_4.o
 .debug_aranges
                0x00001788       0x20 ./USB_DEVICE/App/usb_device.o
 .debug_aranges
                0x000017a8       0x60 ./USB_DEVICE/App/usbd_desc.o
 .debug_aranges
                0x00001808      0x118 ./USB_DEVICE/Target/usbd_conf.o

.debug_rnglists
                0x00000000     0x134f
 .debug_rnglists
                0x00000000       0x52 ./Core/Src/main.o
 .debug_rnglists
                0x00000052       0x26 ./Core/Src/rtos.o
 .debug_rnglists
                0x00000078       0x39 ./Core/Src/stm32f1xx_hal_msp.o
 .debug_rnglists
                0x000000b1       0x3d ./Core/Src/stm32f1xx_it.o
 .debug_rnglists
                0x000000ee       0x1a ./Core/Src/system_stm32f1xx.o
 .debug_rnglists
                0x00000108       0x19 ./Core/Startup/startup_stm32f103c8tx.o
 .debug_rnglists
                0x00000121       0xa3 ./Drivers/STM32F1xx_HAL_Driver/Src/stm32f1xx_hal.o
 .debug_rnglists
                0x000001c4       0xbb ./Drivers/STM32F1xx_HAL_Driver/Src/stm32f1xx_hal_cortex.o
 .debug_rnglists
                0x0000027f       0x3f ./Drivers/STM32F1xx_HAL_Driver/Src/stm32f1xx_hal_gpio.o
 .debug_rnglists
                0x000002be      0x23c ./Drivers/STM32F1xx_HAL_Driver/Src/stm32f1xx_hal_i2c.o
 .debug_rnglists
                0x000004fa       0xf4 ./Drivers/STM32F1xx_HAL_Driver/Src/stm32f1xx_hal_pcd.o
 .debug_rnglists
                0x000005ee       0x26 ./Drivers/STM32F1xx_HAL_Driver/Src/stm32f1xx_hal_pcd_ex.o
 .debug_rnglists
                0x00000614       0x6c ./Drivers/STM32F1xx_HAL_Driver/Src/stm32f1xx_hal_rcc.o
 .debug_rnglists
                0x00000680       0x21 ./Drivers/STM32F1xx_HAL_Driver/Src/stm32f1xx_hal_rcc_ex.o
 .debug_rnglists
                0x000006a1      0x16e ./Drivers/STM32F1xx_HAL_Driver/Src/stm32f1xx_hal_spi.o
 .debug_rnglists
                0x0000080f      0x1bc ./Drivers/STM32F1xx_HAL_Driver/Src/stm32f1xx_hal_uart.o
 .debug_rnglists
                0x000009cb       0xbd ./Drivers/STM32F1xx_HAL_Driver/Src/stm32f1xx_ll_usb.o
 .debug_rnglists
                0x00000a88       0x4a ./Middlewares/ST/STM32_USB_Device_Library/Class/HID/Src/usbd_hid.o
 .debug_rnglists
                0x00000ad2       0x89 ./Middlewares/ST/STM32_USB_Device_Library/Core/Src/usbd_core.o
 .debug_rnglists
                0x00000b5b       0x68 ./Middlewares/ST/STM32_USB_Device_Library/Core/Src/usbd_ctlreq.o
 .debug_rnglists
                0x00000bc3       0x37 ./Middlewares/ST/STM32_USB_Device_Library/Core/Src/usbd_ioreq.o
 .debug_rnglists
                0x00000bfa      0x20c ./Middlewares/Third_Party/FreeRTOS/Source/CMSIS_RTOS_V2/cmsis_os2.o
 .debug_rnglists
                0x00000e06       0x2b ./Middlewares/Third_Party/FreeRTOS/Source/list.o
 .debug_rnglists
                0x00000e31      0x109 ./Middlewares/Third_Party/FreeRTOS/Source/queue.o
 .debug_rnglists
                0x00000f3a      0x1a0 ./Middlewares/Third_Party/FreeRTOS/Source/tasks.o
 .debug_rnglists
                0x000010da       0xb8 ./Middlewares/Third_Party/FreeRTOS/Source/timers.o
 .debug_rnglists
                0x00001192       0x57 ./Middlewares/Third_Party/FreeRTOS/Source/portable/GCC/ARM_CM3/port.o
 .debug_rnglists
                0x000011e9       0x42 ./Middlewares/Third_Party/FreeRTOS/Source/portable/MemMang/heap_4.o
 .debug_rnglists
                0x0000122b       0x13 ./USB_DEVICE/App/usb_device.o
 .debug_rnglists
                0x0000123e       0x43 ./USB_DEVICE/App/usbd_desc.o
 .debug_rnglists
                0x00001281       0xce ./USB_DEVICE/Target/usbd_conf.o

.debug_macro    0x00000000     0x5e3f
 .debug_macro   0x00000000      0x409 ./Core/Src/main.o
 .debug_macro   0x00000409      0x130 ./Core/Src/main.o
 .debug_macro   0x00000539       0x66 ./Core/Src/main.o
 .debug_macro   0x0000059f       0x74 ./Core/Src/main.o
 .debug_macro   0x00000613       0xdd ./Core/Src/main.o
 .debug_macro   0x000006f0       0x61 ./Core/Src/main.o
 .debug_macro   0x00000751       0x24 ./Core/Src/main.o
 .debug_macro   0x00000775       0x43 ./Core/Src/main.o
 .debug_macro   0x000007b8       0x34 ./Core/Src/main.o
 .debug_macro   0x000007ec       0x16 ./Core/Src/main.o
 .debug_macro   0x00000802       0x3c ./Core/Src/main.o
 .debug_macro   0x0000083e      0x370 ./Core/Src/main.o
 .debug_macro   0x00000bae       0x10 ./Core/Src/main.o
 .debug_macro   0x00000bbe       0x16 ./Core/Src/main.o
 .debug_macro   0x00000bd4       0x4a ./Core/Src/main.o
 .debug_macro   0x00000c1e       0x34 ./Core/Src/main.o
 .debug_macro   0x00000c52       0x10 ./Core/Src/main.o
 .debug_macro   0x00000c62       0x58 ./Core/Src/main.o
 .debug_macro   0x00000cba       0x8e ./Core/Src/main.o
 .debug_macro   0x00000d48       0x1c ./Core/Src/main.o
 .debug_macro   0x00000d64      0x185 ./Core/Src/main.o
 .debug_macro   0x00000ee9       0x16 ./Core/Src/main.o
 .debug_macro   0x00000eff       0x16 ./Core/Src/main.o
 .debug_macro   0x00000f15      0x146 ./Core/Src/main.o
 .debug_macro   0x0000105b       0x16 ./Core/Src/main.o
 .debug_macro   0x00001071       0x16 ./Core/Src/main.o
 .debug_macro   0x00001087       0x29 ./Core/Src/main.o
 .debug_macro   0x000010b0       0x16 ./Core/Src/main.o
 .debug_macro   0x000010c6       0x20 ./Core/Src/main.o
 .debug_macro   0x000010e6       0x5f ./Core/Src/main.o
 .debug_macro   0x00001145      0x1c8 ./Core/Src/main.o
 .debug_macro   0x0000130d       0x5e ./Core/Src/main.o
 .debug_macro   0x0000136b      0x1da ./Core/Src/rtos.o
 .debug_macro   0x00001545      0x1d0 ./Core/Src/stm32f1xx_hal_msp.o
 .debug_macro   0x00001715      0x242 ./Core/Src/stm32f1xx_it.o
 .debug_macro   0x00001957      0x1c6 ./Core/Src/system_stm32f1xx.o
 .debug_macro   0x00001b1d      0x1ea ./Drivers/STM32F1xx_HAL_Driver/Src/stm32f1xx_hal.o
 .debug_macro   0x00001d07      0x1c6 ./Drivers/STM32F1xx_HAL_Driver/Src/stm32f1xx_hal_cortex.o
 .debug_macro   0x00001ecd      0x231 ./Drivers/STM32F1xx_HAL_Driver/Src/stm32f1xx_hal_gpio.o
 .debug_macro   0x000020fe      0x214 ./Drivers/STM32F1xx_HAL_Driver/Src/stm32f1xx_hal_i2c.o
 .debug_macro   0x00002312      0x1d2 ./Drivers/STM32F1xx_HAL_Driver/Src/stm32f1xx_hal_pcd.o
 .debug_macro   0x000024e4      0x1c6 ./Drivers/STM32F1xx_HAL_Driver/Src/stm32f1xx_hal_pcd_ex.o
 .debug_macro   0x000026aa      0x1d8 ./Drivers/STM32F1xx_HAL_Driver/Src/stm32f1xx_hal_rcc.o
 .debug_macro   0x00002882      0x1c6 ./Drivers/STM32F1xx_HAL_Driver/Src/stm32f1xx_hal_rcc_ex.o
 .debug_macro   0x00002a48      0x1ce ./Drivers/STM32F1xx_HAL_Driver/Src/stm32f1xx_hal_spi.o
 .debug_macro   0x00002c16      0x1c7 ./Drivers/STM32F1xx_HAL_Driver/Src/stm32f1xx_hal_uart.o
 .debug_macro   0x00002ddd      0x1c6 ./Drivers/STM32F1xx_HAL_Driver/Src/stm32f1xx_ll_usb.o
 .debug_macro   0x00002fa3      0x35f ./Middlewares/ST/STM32_USB_Device_Library/Class/HID/Src/usbd_hid.o
 .debug_macro   0x00003302       0x9e ./Middlewares/ST/STM32_USB_Device_Library/Class/HID/Src/usbd_hid.o
 .debug_macro   0x000033a0      0x112 ./Middlewares/ST/STM32_USB_Device_Library/Class/HID/Src/usbd_hid.o
 .debug_macro   0x000034b2       0x56 ./Middlewares/ST/STM32_USB_Device_Library/Class/HID/Src/usbd_hid.o
 .debug_macro   0x00003508      0x346 ./Middlewares/ST/STM32_USB_Device_Library/Core/Src/usbd_core.o
 .debug_macro   0x0000384e      0x1ce ./Middlewares/ST/STM32_USB_Device_Library/Core/Src/usbd_core.o
 .debug_macro   0x00003a1c      0x350 ./Middlewares/ST/STM32_USB_Device_Library/Core/Src/usbd_ctlreq.o
 .debug_macro   0x00003d6c      0x34c ./Middlewares/ST/STM32_USB_Device_Library/Core/Src/usbd_ioreq.o
 .debug_macro   0x000040b8      0x3c2 ./Middlewares/Third_Party/FreeRTOS/Source/CMSIS_RTOS_V2/cmsis_os2.o
 .debug_macro   0x0000447a       0x10 ./Middlewares/Third_Party/FreeRTOS/Source/CMSIS_RTOS_V2/cmsis_os2.o
 .debug_macro   0x0000448a       0x10 ./Middlewares/Third_Party/FreeRTOS/Source/CMSIS_RTOS_V2/cmsis_os2.o
 .debug_macro   0x0000449a       0xb7 ./Middlewares/Third_Party/FreeRTOS/Source/CMSIS_RTOS_V2/cmsis_os2.o
 .debug_macro   0x00004551       0x91 ./Middlewares/Third_Party/FreeRTOS/Source/CMSIS_RTOS_V2/cmsis_os2.o
 .debug_macro   0x000045e2       0x8d ./Middlewares/Third_Party/FreeRTOS/Source/CMSIS_RTOS_V2/cmsis_os2.o
 .debug_macro   0x0000466f       0x9a ./Middlewares/Third_Party/FreeRTOS/Source/CMSIS_RTOS_V2/cmsis_os2.o
 .debug_macro   0x00004709       0x22 ./Middlewares/Third_Party/FreeRTOS/Source/CMSIS_RTOS_V2/cmsis_os2.o
 .debug_macro   0x0000472b       0x28 ./Middlewares/Third_Party/FreeRTOS/Source/CMSIS_RTOS_V2/cmsis_os2.o
 .debug_macro   0x00004753      0x187 ./Middlewares/Third_Party/FreeRTOS/Source/list.o
 .debug_macro   0x000048da      0x216 ./Middlewares/Third_Party/FreeRTOS/Source/queue.o
 .debug_macro   0x00004af0       0x87 ./Middlewares/Third_Party/FreeRTOS/Source/queue.o
 .debug_macro   0x00004b77      0x27f ./Middlewares/Third_Party/FreeRTOS/Source/tasks.o
 .debug_macro   0x00004df6       0x10 ./Middlewares/Third_Party/FreeRTOS/Source/tasks.o
 .debug_macro   0x00004e06      0x1dc ./Middlewares/Third_Party/FreeRTOS/Source/timers.o
 .debug_macro   0x00004fe2       0x97 ./Middlewares/Third_Party/FreeRTOS/Source/timers.o
 .debug_macro   0x00005079      0x172 ./Middlewares/Third_Party/FreeRTOS/Source/portable/GCC/ARM_CM3/port.o
 .debug_macro   0x000051eb      0x1ae ./Middlewares/Third_Party/FreeRTOS/Source/portable/MemMang/heap_4.o
 .debug_macro   0x00005399      0x37c ./USB_DEVICE/App/usb_device.o