Archive member included to satisfy reference by file (symbol)

D:/stm/STM32CubeIDE_1.18.1/STM32CubeIDE/plugins/com.st.stm32cube.ide.mcu.externaltools.gnu-tools-for-stm32.13.3.rel1.win32_1.0.0.202411081344/tools/bin/../lib/gcc/arm-none-eabi/13.3.1/../../../../arm-none-eabi/lib/thumb/v7-m/nofp\libc_nano.a(libc_a-exit.o)
                              D:/stm/STM32CubeIDE_1.18.1/STM32CubeIDE/plugins/com.st.stm32cube.ide.mcu.externaltools.gnu-tools-for-stm32.13.3.rel1.win32_1.0.0.202411081344/tools/bin/../lib/gcc/arm-none-eabi/13.3.1/../../../../arm-none-eabi/lib/thumb/v7-m/nofp/crt0.o (exit)
D:/stm/STM32CubeIDE_1.18.1/STM32CubeIDE/plugins/com.st.stm32cube.ide.mcu.externaltools.gnu-tools-for-stm32.13.3.rel1.win32_1.0.0.202411081344/tools/bin/../lib/gcc/arm-none-eabi/13.3.1/../../../../arm-none-eabi/lib/thumb/v7-m/nofp\libc_nano.a(libc_a-findfp.o)
                              D:/stm/STM32CubeIDE_1.18.1/STM32CubeIDE/plugins/com.st.stm32cube.ide.mcu.externaltools.gnu-tools-for-stm32.13.3.rel1.win32_1.0.0.202411081344/tools/bin/../lib/gcc/arm-none-eabi/13.3.1/../../../../arm-none-eabi/lib/thumb/v7-m/nofp\libc_nano.a(libc_a-exit.o) (__stdio_exit_handler)
D:/stm/STM32CubeIDE_1.18.1/STM32CubeIDE/plugins/com.st.stm32cube.ide.mcu.externaltools.gnu-tools-for-stm32.13.3.rel1.win32_1.0.0.202411081344/tools/bin/../lib/gcc/arm-none-eabi/13.3.1/../../../../arm-none-eabi/lib/thumb/v7-m/nofp\libc_nano.a(libc_a-fwalk.o)
                              D:/stm/STM32CubeIDE_1.18.1/STM32CubeIDE/plugins/com.st.stm32cube.ide.mcu.externaltools.gnu-tools-for-stm32.13.3.rel1.win32_1.0.0.202411081344/tools/bin/../lib/gcc/arm-none-eabi/13.3.1/../../../../arm-none-eabi/lib/thumb/v7-m/nofp\libc_nano.a(libc_a-findfp.o) (_fwalk_sglue)
D:/stm/STM32CubeIDE_1.18.1/STM32CubeIDE/plugins/com.st.stm32cube.ide.mcu.externaltools.gnu-tools-for-stm32.13.3.rel1.win32_1.0.0.202411081344/tools/bin/../lib/gcc/arm-none-eabi/13.3.1/../../../../arm-none-eabi/lib/thumb/v7-m/nofp\libc_nano.a(libc_a-stdio.o)
                              D:/stm/STM32CubeIDE_1.18.1/STM32CubeIDE/plugins/com.st.stm32cube.ide.mcu.externaltools.gnu-tools-for-stm32.13.3.rel1.win32_1.0.0.202411081344/tools/bin/../lib/gcc/arm-none-eabi/13.3.1/../../../../arm-none-eabi/lib/thumb/v7-m/nofp\libc_nano.a(libc_a-findfp.o) (__sread)
D:/stm/STM32CubeIDE_1.18.1/STM32CubeIDE/plugins/com.st.stm32cube.ide.mcu.externaltools.gnu-tools-for-stm32.13.3.rel1.win32_1.0.0.202411081344/tools/bin/../lib/gcc/arm-none-eabi/13.3.1/../../../../arm-none-eabi/lib/thumb/v7-m/nofp\libc_nano.a(libc_a-memset.o)
                              D:/stm/STM32CubeIDE_1.18.1/STM32CubeIDE/plugins/com.st.stm32cube.ide.mcu.externaltools.gnu-tools-for-stm32.13.3.rel1.win32_1.0.0.202411081344/tools/bin/../lib/gcc/arm-none-eabi/13.3.1/../../../../arm-none-eabi/lib/thumb/v7-m/nofp/crt0.o (memset)
D:/stm/STM32CubeIDE_1.18.1/STM32CubeIDE/plugins/com.st.stm32cube.ide.mcu.externaltools.gnu-tools-for-stm32.13.3.rel1.win32_1.0.0.202411081344/tools/bin/../lib/gcc/arm-none-eabi/13.3.1/../../../../arm-none-eabi/lib/thumb/v7-m/nofp\libc_nano.a(libc_a-closer.o)
                              D:/stm/STM32CubeIDE_1.18.1/STM32CubeIDE/plugins/com.st.stm32cube.ide.mcu.externaltools.gnu-tools-for-stm32.13.3.rel1.win32_1.0.0.202411081344/tools/bin/../lib/gcc/arm-none-eabi/13.3.1/../../../../arm-none-eabi/lib/thumb/v7-m/nofp\libc_nano.a(libc_a-stdio.o) (_close_r)
D:/stm/STM32CubeIDE_1.18.1/STM32CubeIDE/plugins/com.st.stm32cube.ide.mcu.externaltools.gnu-tools-for-stm32.13.3.rel1.win32_1.0.0.202411081344/tools/bin/../lib/gcc/arm-none-eabi/13.3.1/../../../../arm-none-eabi/lib/thumb/v7-m/nofp\libc_nano.a(libc_a-reent.o)
                              D:/stm/STM32CubeIDE_1.18.1/STM32CubeIDE/plugins/com.st.stm32cube.ide.mcu.externaltools.gnu-tools-for-stm32.13.3.rel1.win32_1.0.0.202411081344/tools/bin/../lib/gcc/arm-none-eabi/13.3.1/../../../../arm-none-eabi/lib/thumb/v7-m/nofp\libc_nano.a(libc_a-closer.o) (errno)
D:/stm/STM32CubeIDE_1.18.1/STM32CubeIDE/plugins/com.st.stm32cube.ide.mcu.externaltools.gnu-tools-for-stm32.13.3.rel1.win32_1.0.0.202411081344/tools/bin/../lib/gcc/arm-none-eabi/13.3.1/../../../../arm-none-eabi/lib/thumb/v7-m/nofp\libc_nano.a(libc_a-impure.o)
                              D:/stm/STM32CubeIDE_1.18.1/STM32CubeIDE/plugins/com.st.stm32cube.ide.mcu.externaltools.gnu-tools-for-stm32.13.3.rel1.win32_1.0.0.202411081344/tools/bin/../lib/gcc/arm-none-eabi/13.3.1/../../../../arm-none-eabi/lib/thumb/v7-m/nofp\libc_nano.a(libc_a-reent.o) (_impure_ptr)
D:/stm/STM32CubeIDE_1.18.1/STM32CubeIDE/plugins/com.st.stm32cube.ide.mcu.externaltools.gnu-tools-for-stm32.13.3.rel1.win32_1.0.0.202411081344/tools/bin/../lib/gcc/arm-none-eabi/13.3.1/../../../../arm-none-eabi/lib/thumb/v7-m/nofp\libc_nano.a(libc_a-lseekr.o)
[...]
Memory Configuration

Name             Origin             Length             Attributes
RAM              0x20000000         0x00005000         xrw
FLASH            0x08000000         0x00010000         xr
*default*        0x00000000         0xffffffff

Linker script and memory map

LOAD D:/stm/STM32CubeIDE_1.18.1/STM32CubeIDE/plugins/com.st.stm32cube.ide.mcu.externaltools.gnu-tools-for-stm32.13.3.rel1.win32_1.0.0.202411081344/tools/bin/../lib/gcc/arm-none-eabi/13.3.1/thumb/v7-m/nofp/crti.o
LOAD D:/stm/STM32CubeIDE_1.18.1/STM32CubeIDE/plugins/com.st.stm32cube.ide.mcu.externaltools.gnu-tools-for-stm32.13.3.rel1.win32_1.0.0.202411081344/tools/bin/../lib/gcc/arm-none-eabi/13.3.1/thumb/v7-m/nofp/crtbegin.o
LOAD D:/stm/STM32CubeIDE_1.18.1/STM32CubeIDE/plugins/com.st.stm32cube.ide.mcu.externaltools.gnu-tools-for-stm32.13.3.rel1.win32_1.0.0.202411081344/tools/bin/../lib/gcc/arm-none-eabi/13.3.1/../../../../arm-none-eabi/lib/thumb/v7-m/nofp/crt0.o
LOAD ./Core/Src/lcd1602_i2c_lib.o
LOAD ./Core/Src/main.o
LOAD ./Core/Src/stm32f1xx_hal_msp.o
LOAD ./Core/Src/stm32f1xx_it.o
LOAD ./Core/Src/syscalls.o
LOAD ./Core/Src/sysmem.o
LOAD ./Core/Src/system_stm32f1xx.o
LOAD ./Core/Startup/startup_stm32f103c8tx.o
LOAD ./Drivers/STM32F1xx_HAL_Driver/Src/stm32f1xx_hal.o
LOAD ./Drivers/STM32F1xx_HAL_Driver/Src/stm32f1xx_hal_cortex.o
LOAD ./Drivers/STM32F1xx_HAL_Driver/Src/stm32f1xx_hal_dma.o
LOAD ./Drivers/STM32F1xx_HAL_Driver/Src/stm32f1xx_hal_exti.o
LOAD ./Drivers/STM32F1xx_HAL_Driver/Src/stm32f1xx_hal_flash.o
LOAD ./Drivers/STM32F1xx_HAL_Driver/Src/stm32f1xx_hal_flash_ex.o
LOAD ./Drivers/STM32F1xx_HAL_Driver/Src/stm32f1xx_hal_gpio.o
LOAD ./Drivers/STM32F1xx_HAL_Driver/Src/stm32f1xx_hal_gpio_ex.o
LOAD ./Drivers/STM32F1xx_HAL_Driver/Src/stm32f1xx_hal_i2c.o
LOAD ./Drivers/STM32F1xx_HAL_Driver/Src/stm32f1xx_hal_pwr.o
LOAD ./Drivers/STM32F1xx_HAL_Driver/Src/stm32f1xx_hal_rcc.o
LOAD ./Drivers/STM32F1xx_HAL_Driver/Src/stm32f1xx_hal_rcc_ex.o
LOAD ./Drivers/STM32F1xx_HAL_Driver/Src/stm32f1xx_hal_uart.o
START GROUP
LOAD D:/stm/STM32CubeIDE_1.18.1/STM32CubeIDE/plugins/com.st.stm32cube.ide.mcu.externaltools.gnu-tools-for-stm32.13.3.rel1.win32_1.0.0.202411081344/tools/bin/../lib/gcc/arm-none-eabi/13.3.1/../../../../arm-none-eabi/lib/thumb/v7-m/nofp\libc_nano.a
LOAD D:/stm/STM32CubeIDE_1.18.1/STM32CubeIDE/plugins/com.st.stm32cube.ide.mcu.externaltools.gnu-tools-for-stm32.13.3.rel1.win32_1.0.0.202411081344/tools/bin/../lib/gcc/arm-none-eabi/13.3.1/../../../../arm-none-eabi/lib/thumb/v7-m/nofp\libm.a
END GROUP
START GROUP
LOAD D:/stm/STM32CubeIDE_1.18.1/STM32CubeIDE/plugins/com.st.stm32cube.ide.mcu.externaltools.gnu-tools-for-stm32.13.3.rel1.win32_1.0.0.202411081344/tools/bin/../lib/gcc/arm-none-eabi/13.3.1/thumb/v7-m/nofp\libgcc.a
LOAD D:/stm/STM32CubeIDE_1.18.1/STM32CubeIDE/plugins/com.st.stm32cube.ide.mcu.externaltools.gnu-tools-for-stm32.13.3.rel1.win32_1.0.0.202411081344/tools/bin/../lib/gcc/arm-none-eabi/13.3.1/../../../../arm-none-eabi/lib/thumb/v7-m/nofp\libc_nano.a
END GROUP
START GROUP
LOAD D:/stm/STM32CubeIDE_1.18.1/STM32CubeIDE/plugins/com.st.stm32cube.ide.mcu.externaltools.gnu-tools-for-stm32.13.3.rel1.win32_1.0.0.202411081344/tools/bin/../lib/gcc/arm-none-eabi/13.3.1/thumb/v7-m/nofp\libgcc.a
LOAD D:/stm/STM32CubeIDE_1.18.1/STM32CubeIDE/plugins/com.st.stm32cube.ide.mcu.externaltools.gnu-tools-for-stm32.13.3.rel1.win32_1.0.0.202411081344/tools/bin/../lib/gcc/arm-none-eabi/13.3.1/../../../../arm-none-eabi/lib/thumb/v7-m/nofp\libc_nano.a
LOAD D:/stm/STM32CubeIDE_1.18.1/STM32CubeIDE/plugins/com.st.stm32cube.ide.mcu.externaltools.gnu-tools-for-stm32.13.3.rel1.win32_1.0.0.202411081344/tools/bin/../lib/gcc/arm-none-eabi/13.3.1/../../../../arm-none-eabi/lib/thumb/v7-m/nofp\libnosys.a
END GROUP
START GROUP
LOAD D:/stm/STM32CubeIDE_1.18.1/STM32CubeIDE/plugins/com.st.stm32cube.ide.mcu.externaltools.gnu-tools-for-stm32.13.3.rel1.win32_1.0.0.202411081344/tools/bin/../lib/gcc/arm-none-eabi/13.3.1/thumb/v7-m/nofp\libgcc.a
LOAD D:/stm/STM32CubeIDE_1.18.1/STM32CubeIDE/plugins/com.st.stm32cube.ide.mcu.externaltools.gnu-tools-for-stm32.13.3.rel1.win32_1.0.0.202411081344/tools/bin/../lib/gcc/arm-none-eabi/13.3.1/../../../../arm-none-eabi/lib/thumb/v7-m/nofp\libc_nano.a
LOAD D:/stm/STM32CubeIDE_1.18.1/STM32CubeIDE/plugins/com.st.stm32cube.ide.mcu.externaltools.gnu-tools-for-stm32.13.3.rel1.win32_1.0.0.202411081344/tools/bin/../lib/gcc/arm-none-eabi/13.3.1/../../../../arm-none-eabi/lib/thumb/v7-m/nofp\libnosys.a
END GROUP
LOAD D:/stm/STM32CubeIDE_1.18.1/STM32CubeIDE/plugins/com.st.stm32cube.ide.mcu.externaltools.gnu-tools-for-stm32.13.3.rel1.win32_1.0.0.202411081344/tools/bin/../lib/gcc/arm-none-eabi/13.3.1/thumb/v7-m/nofp/crtend.o
LOAD D:/stm/STM32CubeIDE_1.18.1/STM32CubeIDE/plugins/com.st.stm32cube.ide.mcu.externaltools.gnu-tools-for-stm32.13.3.rel1.win32_1.0.0.202411081344/tools/bin/../lib/gcc/arm-none-eabi/13.3.1/thumb/v7-m/nofp/crtn.o
                0x20005000                        _estack = (ORIGIN (RAM) + LENGTH (RAM))
                0x00000200                        _Min_Heap_Size = 0x200
                0x00000400                        _Min_Stack_Size = 0x400

.isr_vector     0x08000000      0x10c
                0x08000000                        . = ALIGN (0x4)
 *(.isr_vector)
 .isr_vector    0x08000000      0x10c ./Core/Startup/startup_stm32f103c8tx.o
                0x08000000                g_pfnVectors
                0x0800010c                        . = ALIGN (0x4)

.text           0x0800010c     0x20bc
                0x0800010c                        . = ALIGN (0x4)
 *(.text)
 .text          0x0800010c       0x40 D:/stm/STM32CubeIDE_1.18.1/STM32CubeIDE/plugins/com.st.stm32cube.ide.mcu.externaltools.gnu-tools-for-stm32.13.3.rel1.win32_1.0.0.202411081344/tools/bin/../lib/gcc/arm-none-eabi/13.3.1/thumb/v7-m/nofp/crtbegin.o
 .text          0x0800014c       0x10 D:/stm/STM32CubeIDE_1.18.1/STM32CubeIDE/plugins/com.st.stm32cube.ide.mcu.externaltools.gnu-tools-for-stm32.13.3.rel1.win32_1.0.0.202411081344/tools/bin/../lib/gcc/arm-none-eabi/13.3.1/../../../../arm-none-eabi/lib/thumb/v7-m/nofp\libc_nano.a(libc_a-strlen.o)
                0x0800014c                strlen
 *(.text*)
 .text.lcd1602_Send_init_Data
                0x0800015c       0x88 ./Core/Src/lcd1602_i2c_lib.o
 .text.lcd1602_Send_data
                0x080001e4       0x7c ./Core/Src/lcd1602_i2c_lib.o
 .text.lcd1602_Init
                0x08000260       0xc0 ./Core/Src/lcd1602_i2c_lib.o
                0x08000260                lcd1602_Init
 .text.lcd1602_Print_symbol
                0x08000320       0x4c ./Core/Src/lcd1602_i2c_lib.o
                0x08000320                lcd1602_Print_symbol
 .text.lcd1602_Print_text
                0x0800036c       0x3a ./Core/Src/lcd1602_i2c_lib.o
                0x0800036c                lcd1602_Print_text
 .text.lcd1602_SetCursor
                0x080003a6       0x8a ./Core/Src/lcd1602_i2c_lib.o
                0x080003a6                lcd1602_SetCursor
 .text.lcd1602_Backlight
                0x08000430       0x2c ./Core/Src/lcd1602_i2c_lib.o
                0x08000430                lcd1602_Backlight
 .text.main     0x0800045c       0x54 ./Core/Src/main.o
                0x0800045c                main
 .text.SystemClock_Config
                0x080004b0       0x76 ./Core/Src/main.o
                0x080004b0                SystemClock_Config
 *fill*         0x08000526        0x2 
 .text.MX_I2C1_Init
                0x08000528       0x5c ./Core/Src/main.o
 .text.MX_USART1_UART_Init
                0x08000584       0x54 ./Core/Src/main.o
 .text.MX_GPIO_Init
                0x080005d8       0x5c ./Core/Src/main.o
 .text.Error_Handler
                0x08000634        0xc ./Core/Src/main.o
                0x08000634                Error_Handler
 .text.HAL_MspInit
                0x08000640       0x64 ./Core/Src/stm32f1xx_hal_msp.o
                0x08000640                HAL_MspInit
 .text.HAL_I2C_MspInit
                0x080006a4       0x7c ./Core/Src/stm32f1xx_hal_msp.o
                0x080006a4                HAL_I2C_MspInit
 .text.HAL_UART_MspInit
                0x08000720       0x98 ./Core/Src/stm32f1xx_hal_msp.o
                0x08000720                HAL_UART_MspInit
 .text.NMI_Handler
                0x080007b8        0x8 ./Core/Src/stm32f1xx_it.o
                0x080007b8                NMI_Handler
 .text.HardFault_Handler
                0x080007c0        0x8 ./Core/Src/stm32f1xx_it.o
                0x080007c0                HardFault_Handler
 .text.MemManage_Handler
                0x080007c8        0x8 ./Core/Src/stm32f1xx_it.o
                0x080007c8                MemManage_Handler
 .text.BusFault_Handler
                0x080007d0        0x8 ./Core/Src/stm32f1xx_it.o
                0x080007d0                BusFault_Handler
 .text.UsageFault_Handler
                0x080007d8        0x8 ./Core/Src/stm32f1xx_it.o
                0x080007d8                UsageFault_Handler
 .text.SVC_Handler
                0x080007e0        0xc ./Core/Src/stm32f1xx_it.o
                0x080007e0                SVC_Handler
 .text.DebugMon_Handler
                0x080007ec        0xc ./Core/Src/stm32f1xx_it.o
                0x080007ec                DebugMon_Handler
 .text.PendSV_Handler
                0x080007f8        0xc ./Core/Src/stm32f1xx_it.o
                0x080007f8                PendSV_Handler
 .text.SysTick_Handler
                0x08000804        0xc ./Core/Src/stm32f1xx_it.o
                0x08000804                SysTick_Handler
 .text.SystemInit
                0x08000810        0xc ./Core/Src/system_stm32f1xx.o
                0x08000810                SystemInit
 .text.Reset_Handler
                0x0800081c       0x48 ./Core/Startup/startup_stm32f103c8tx.o
                0x0800081c                Reset_Handler
 .text.Default_Handler
                0x08000864        0x2 ./Core/Startup/startup_stm32f103c8tx.o
                0x08000864                RTC_Alarm_IRQHandler
                0x08000864                EXTI2_IRQHandler
                0x08000864                TIM1_CC_IRQHandler
                0x08000864                PVD_IRQHandler
                0x08000864                EXTI3_IRQHandler
                0x08000864                EXTI0_IRQHandler
                0x08000864                I2C2_EV_IRQHandler
                0x08000864                ADC1_2_IRQHandler
                0x08000864                SPI1_IRQHandler
                0x08000864                TAMPER_IRQHandler
                0x08000864                DMA1_Channel4_IRQHandler
                0x08000864                USART3_IRQHandler
                0x08000864                RTC_IRQHandler
                0x08000864                DMA1_Channel7_IRQHandler
                0x08000864                CAN1_RX1_IRQHandler
                0x08000864                TIM4_IRQHandler
                0x08000864                I2C1_EV_IRQHandler
                0x08000864                DMA1_Channel6_IRQHandler
                0x08000864                TIM3_IRQHandler
                0x08000864                RCC_IRQHandler
                0x08000864                TIM1_TRG_COM_IRQHandler
                0x08000864                DMA1_Channel1_IRQHandler
                0x08000864                Default_Handler
                0x08000864                EXTI15_10_IRQHandler
                0x08000864                EXTI9_5_IRQHandler
                0x08000864                SPI2_IRQHandler
                0x08000864                DMA1_Channel5_IRQHandler
                0x08000864                EXTI4_IRQHandler
                0x08000864                USB_LP_CAN1_RX0_IRQHandler
                0x08000864                USB_HP_CAN1_TX_IRQHandler
                0x08000864                DMA1_Channel3_IRQHandler
                0x08000864                TIM1_UP_IRQHandler
                0x08000864                WWDG_IRQHandler
                0x08000864                TIM2_IRQHandler
                0x08000864                TIM1_BRK_IRQHandler
                0x08000864                EXTI1_IRQHandler
                0x08000864                USART2_IRQHandler
                0x08000864                I2C2_ER_IRQHandler
                0x08000864                DMA1_Channel2_IRQHandler
                0x08000864                CAN1_SCE_IRQHandler
                0x08000864                FLASH_IRQHandler
                0x08000864                USART1_IRQHandler
                0x08000864                I2C1_ER_IRQHandler
                0x08000864                USBWakeUp_IRQHandler
 *fill*         0x08000866        0x2 
 .text.HAL_Init
                0x08000868       0x2c ./Drivers/STM32F1xx_HAL_Driver/Src/stm32f1xx_hal.o
                0x08000868                HAL_Init
 .text.HAL_InitTick
                0x08000894       0x60 ./Drivers/STM32F1xx_HAL_Driver/Src/stm32f1xx_hal.o
                0x08000894                HAL_InitTick
 .text.HAL_IncTick
                0x080008f4       0x24 ./Drivers/STM32F1xx_HAL_Driver/Src/stm32f1xx_hal.o
                0x080008f4                HAL_IncTick
 .text.HAL_GetTick
                0x08000918       0x14 ./Drivers/STM32F1xx_HAL_Driver/Src/stm32f1xx_hal.o
                0x08000918                HAL_GetTick
 .text.HAL_Delay
                0x0800092c       0x48 ./Drivers/STM32F1xx_HAL_Driver/Src/stm32f1xx_hal.o
                0x0800092c                HAL_Delay
 .text.__NVIC_SetPriorityGrouping
                0x08000974       0x48 ./Drivers/STM32F1xx_HAL_Driver/Src/stm32f1xx_hal_cortex.o
 .text.__NVIC_GetPriorityGrouping
                0x080009bc       0x1c ./Drivers/STM32F1xx_HAL_Driver/Src/stm32f1xx_hal_cortex.o
 .text.__NVIC_SetPriority
                0x080009d8       0x54 ./Drivers/STM32F1xx_HAL_Driver/Src/stm32f1xx_hal_cortex.o
 .text.NVIC_EncodePriority
                0x08000a2c       0x64 ./Drivers/STM32F1xx_HAL_Driver/Src/stm32f1xx_hal_cortex.o
 .text.SysTick_Config
                0x08000a90       0x44 ./Drivers/STM32F1xx_HAL_Driver/Src/stm32f1xx_hal_cortex.o
 .text.HAL_NVIC_SetPriorityGrouping
                0x08000ad4       0x16 ./Drivers/STM32F1xx_HAL_Driver/Src/stm32f1xx_hal_cortex.o
                0x08000ad4                HAL_NVIC_SetPriorityGrouping
 .text.HAL_NVIC_SetPriority
                0x08000aea       0x38 ./Drivers/STM32F1xx_HAL_Driver/Src/stm32f1xx_hal_cortex.o
                0x08000aea                HAL_NVIC_SetPriority
 .text.HAL_SYSTICK_Config
                0x08000b22       0x18 ./Drivers/STM32F1xx_HAL_Driver/Src/stm32f1xx_hal_cortex.o
                0x08000b22                HAL_SYSTICK_Config
 *fill*         0x08000b3a        0x2 
 .text.HAL_GPIO_Init
                0x08000b3c      0x308 ./Drivers/STM32F1xx_HAL_Driver/Src/stm32f1xx_hal_gpio.o
                0x08000b3c                HAL_GPIO_Init
 .text.HAL_I2C_Init
                0x08000e44      0x288 ./Drivers/STM32F1xx_HAL_Driver/Src/stm32f1xx_hal_i2c.o
                0x08000e44                HAL_I2C_Init
 .text.HAL_I2C_Master_Transmit
                0x080010cc      0x1fc ./Drivers/STM32F1xx_HAL_Driver/Src/stm32f1xx_hal_i2c.o
                0x080010cc                HAL_I2C_Master_Transmit
 .text.I2C_MasterRequestWrite
                0x080012c8      0x104 ./Drivers/STM32F1xx_HAL_Driver/Src/stm32f1xx_hal_i2c.o
 .text.I2C_WaitOnFlagUntilTimeout
                0x080013cc       0xf4 ./Drivers/STM32F1xx_HAL_Driver/Src/stm32f1xx_hal_i2c.o
 .text.I2C_WaitOnMasterAddressFlagUntilTimeout
                0x080014c0      0x140 ./Drivers/STM32F1xx_HAL_Driver/Src/stm32f1xx_hal_i2c.o
 .text.I2C_WaitOnTXEFlagUntilTimeout
                0x08001600       0x90 ./Drivers/STM32F1xx_HAL_Driver/Src/stm32f1xx_hal_i2c.o
 .text.I2C_WaitOnBTFFlagUntilTimeout
                0x08001690       0x90 ./Drivers/STM32F1xx_HAL_Driver/Src/stm32f1xx_hal_i2c.o
 .text.I2C_IsAcknowledgeFailed
                0x08001720       0x5c ./Drivers/STM32F1xx_HAL_Driver/Src/stm32f1xx_hal_i2c.o
 .text.HAL_RCC_OscConfig
                0x0800177c      0x504 ./Drivers/STM32F1xx_HAL_Driver/Src/stm32f1xx_hal_rcc.o
                0x0800177c                HAL_RCC_OscConfig
 .text.HAL_RCC_ClockConfig
                0x08001c80      0x1d4 ./Drivers/STM32F1xx_HAL_Driver/Src/stm32f1xx_hal_rcc.o
                0x08001c80                HAL_RCC_ClockConfig
 .text.HAL_RCC_GetSysClockFreq
                0x08001e54       0xa8 ./Drivers/STM32F1xx_HAL_Driver/Src/stm32f1xx_hal_rcc.o
                0x08001e54                HAL_RCC_GetSysClockFreq
 .text.HAL_RCC_GetHCLKFreq
                0x08001efc       0x14 ./Drivers/STM32F1xx_HAL_Driver/Src/stm32f1xx_hal_rcc.o
                0x08001efc                HAL_RCC_GetHCLKFreq
 .text.HAL_RCC_GetPCLK1Freq
                0x08001f10       0x28 ./Drivers/STM32F1xx_HAL_Driver/Src/stm32f1xx_hal_rcc.o
                0x08001f10                HAL_RCC_GetPCLK1Freq
 .text.HAL_RCC_GetPCLK2Freq
                0x08001f38       0x28 ./Drivers/STM32F1xx_HAL_Driver/Src/stm32f1xx_hal_rcc.o
                0x08001f38                HAL_RCC_GetPCLK2Freq
 .text.RCC_Delay
                0x08001f60       0x3c ./Drivers/STM32F1xx_HAL_Driver/Src/stm32f1xx_hal_rcc.o
 .text.HAL_UART_Init
                0x08001f9c       0xa0 ./Drivers/STM32F1xx_HAL_Driver/Src/stm32f1xx_hal_uart.o
                0x08001f9c                HAL_UART_Init
 .text.UART_SetConfig
                0x0800203c      0x11c ./Drivers/STM32F1xx_HAL_Driver/Src/stm32f1xx_hal_uart.o
 .text.memset   0x08002158       0x10 D:/stm/STM32CubeIDE_1.18.1/STM32CubeIDE/plugins/com.st.stm32cube.ide.mcu.externaltools.gnu-tools-for-stm32.13.3.rel1.win32_1.0.0.202411081344/tools/bin/../lib/gcc/arm-none-eabi/13.3.1/../../../../arm-none-eabi/lib/thumb/v7-m/nofp\libc_nano.a(libc_a-memset.o)
                0x08002158                memset
 .text.__libc_init_array
                0x08002168       0x48 D:/stm/STM32CubeIDE_1.18.1/STM32CubeIDE/plugins/com.st.stm32cube.ide.mcu.externaltools.gnu-tools-for-stm32.13.3.rel1.win32_1.0.0.202411081344/tools/bin/../lib/gcc/arm-none-eabi/13.3.1/../../../../arm-none-eabi/lib/thumb/v7-m/nofp\libc_nano.a(libc_a-init.o)
                0x08002168                __libc_init_array
 *(.glue_7)
 .glue_7        0x080021b0        0x0 linker stubs
 *(.glue_7t)
 .glue_7t       0x080021b0        0x0 linker stubs
 *(.eh_frame)
 .eh_frame      0x080021b0        0x0 D:/stm/STM32CubeIDE_1.18.1/STM32CubeIDE/plugins/com.st.stm32cube.ide.mcu.externaltools.gnu-tools-for-stm32.13.3.rel1.win32_1.0.0.202411081344/tools/bin/../lib/gcc/arm-none-eabi/13.3.1/thumb/v7-m/nofp/crtbegin.o
 *(.init)
 .init          0x080021b0        0x4 D:/stm/STM32CubeIDE_1.18.1/STM32CubeIDE/plugins/com.st.stm32cube.ide.mcu.externaltools.gnu-tools-for-stm32.13.3.rel1.win32_1.0.0.202411081344/tools/bin/../lib/gcc/arm-none-eabi/13.3.1/thumb/v7-m/nofp/crti.o
                0x080021b0                _init
 .init          0x080021b4        0x8 D:/stm/STM32CubeIDE_1.18.1/STM32CubeIDE/plugins/com.st.stm32cube.ide.mcu.externaltools.gnu-tools-for-stm32.13.3.rel1.win32_1.0.0.202411081344/tools/bin/../lib/gcc/arm-none-eabi/13.3.1/thumb/v7-m/nofp/crtn.o
 *(.fini)
 .fini          0x080021bc        0x4 D:/stm/STM32CubeIDE_1.18.1/STM32CubeIDE/plugins/com.st.stm32cube.ide.mcu.externaltools.gnu-tools-for-stm32.13.3.rel1.win32_1.0.0.202411081344/tools/bin/../lib/gcc/arm-none-eabi/13.3.1/thumb/v7-m/nofp/crti.o
                0x080021bc                _fini
 .fini          0x080021c0        0x8 D:/stm/STM32CubeIDE_1.18.1/STM32CubeIDE/plugins/com.st.stm32cube.ide.mcu.externaltools.gnu-tools-for-stm32.13.3.rel1.win32_1.0.0.202411081344/tools/bin/../lib/gcc/arm-none-eabi/13.3.1/thumb/v7-m/nofp/crtn.o
                0x080021c8                        . = ALIGN (0x4)
                0x080021c8                        _etext = .

.vfp11_veneer   0x080021c8        0x0
 .vfp11_veneer  0x080021c8        0x0 linker stubs

.v4_bx          0x080021c8        0x0
 .v4_bx         0x080021c8        0x0 linker stubs

.iplt           0x080021c8        0x0
 .iplt          0x080021c8        0x0 D:/stm/STM32CubeIDE_1.18.1/STM32CubeIDE/plugins/com.st.stm32cube.ide.mcu.externaltools.gnu-tools-for-stm32.13.3.rel1.win32_1.0.0.202411081344/tools/bin/../lib/gcc/arm-none-eabi/13.3.1/thumb/v7-m/nofp/crtbegin.o

.rodata         0x080021c8       0x50
                0x080021c8                        . = ALIGN (0x4)
 *(.rodata)
 .rodata        0x080021c8       0x23 ./Core/Src/main.o
 *(.rodata*)
 *fill*         0x080021eb        0x1 
 .rodata.AHBPrescTable
                0x080021ec       0x10 ./Core/Src/system_stm32f1xx.o
                0x080021ec                AHBPrescTable
 .rodata.APBPrescTable
                0x080021fc        0x8 ./Core/Src/system_stm32f1xx.o
                0x080021fc                APBPrescTable
 .rodata.aPLLMULFactorTable.1
                0x08002204       0x10 ./Drivers/STM32F1xx_HAL_Driver/Src/stm32f1xx_hal_rcc.o
 .rodata.aPredivFactorTable.0
                0x08002214        0x2 ./Drivers/STM32F1xx_HAL_Driver/Src/stm32f1xx_hal_rcc.o
                0x08002218                        . = ALIGN (0x4)
 *fill*         0x08002216        0x2 

.ARM.extab      0x08002218        0x0
                0x08002218                        . = ALIGN (0x4)
 *(.ARM.extab* .gnu.linkonce.armextab.*)
                0x08002218                        . = ALIGN (0x4)

.ARM            0x08002218        0x8
                0x08002218                        . = ALIGN (0x4)
                0x08002218                        __exidx_start = .
 *(.ARM.exidx*)
 .ARM.exidx     0x08002218        0x8 D:/stm/STM32CubeIDE_1.18.1/STM32CubeIDE/plugins/com.st.stm32cube.ide.mcu.externaltools.gnu-tools-for-stm32.13.3.rel1.win32_1.0.0.202411081344/tools/bin/../lib/gcc/arm-none-eabi/13.3.1/../../../../arm-none-eabi/lib/thumb/v7-m/nofp\libc_nano.a(libc_a-strlen.o)
                0x08002220                        __exidx_end = .
                0x08002220                        . = ALIGN (0x4)

.preinit_array  0x08002220        0x0
                0x08002220                        . = ALIGN (0x4)
                0x08002220                        PROVIDE (__preinit_array_start = .)
 *(.preinit_array*)
                0x08002220                        PROVIDE (__preinit_array_end = .)
                0x08002220                        . = ALIGN (0x4)

.init_array     0x08002220        0x4
                0x08002220                        . = ALIGN (0x4)
                0x08002220                        PROVIDE (__init_array_start = .)
 *(SORT_BY_NAME(.init_array.*))
 *(.init_array*)
 .init_array    0x08002220        0x4 D:/stm/STM32CubeIDE_1.18.1/STM32CubeIDE/plugins/com.st.stm32cube.ide.mcu.externaltools.gnu-tools-for-stm32.13.3.rel1.win32_1.0.0.202411081344/tools/bin/../lib/gcc/arm-none-eabi/13.3.1/thumb/v7-m/nofp/crtbegin.o
                0x08002224                        PROVIDE (__init_array_end = .)
                0x08002224                        . = ALIGN (0x4)

.fini_array     0x08002224        0x4
                0x08002224                        . = ALIGN (0x4)
                [!provide]                        PROVIDE (__fini_array_start = .)
 *(SORT_BY_NAME(.fini_array.*))
 *(.fini_array*)
 .fini_array    0x08002224        0x4 D:/stm/STM32CubeIDE_1.18.1/STM32CubeIDE/plugins/com.st.stm32cube.ide.mcu.externaltools.gnu-tools-for-stm32.13.3.rel1.win32_1.0.0.202411081344/tools/bin/../lib/gcc/arm-none-eabi/13.3.1/thumb/v7-m/nofp/crtbegin.o
                [!provide]                        PROVIDE (__fini_array_end = .)
                0x08002228                        . = ALIGN (0x4)
                0x08002228                        _sidata = LOADADDR (.data)

.rel.dyn        0x08002228        0x0
 .rel.iplt      0x08002228        0x0 D:/stm/STM32CubeIDE_1.18.1/STM32CubeIDE/plugins/com.st.stm32cube.ide.mcu.externaltools.gnu-tools-for-stm32.13.3.rel1.win32_1.0.0.202411081344/tools/bin/../lib/gcc/arm-none-eabi/13.3.1/thumb/v7-m/nofp/crtbegin.o

.data           0x20000000       0x10 load address 0x08002228
                0x20000000                        . = ALIGN (0x4)
                0x20000000                        _sdata = .
 *(.data)
 *(.data*)
 .data.backlight
                0x20000000        0x1 ./Core/Src/lcd1602_i2c_lib.o
                0x20000000                backlight
 *fill*         0x20000001        0x3 
 .data.SystemCoreClock
                0x20000004        0x4 ./Core/Src/system_stm32f1xx.o
                0x20000004                SystemCoreClock
 .data.uwTickPrio
                0x20000008        0x4 ./Drivers/STM32F1xx_HAL_Driver/Src/stm32f1xx_hal.o
                0x20000008                uwTickPrio
 .data.uwTickFreq
                0x2000000c        0x1 ./Drivers/STM32F1xx_HAL_Driver/Src/stm32f1xx_hal.o
                0x2000000c                uwTickFreq
 *(.RamFunc)
 *(.RamFunc*)
                0x20000010                        . = ALIGN (0x4)
 *fill*         0x2000000d        0x3 
                0x20000010                        _edata = .

.igot.plt       0x20000010        0x0 load address 0x08002238
 .igot.plt      0x20000010        0x0 D:/stm/STM32CubeIDE_1.18.1/STM32CubeIDE/plugins/com.st.stm32cube.ide.mcu.externaltools.gnu-tools-for-stm32.13.3.rel1.win32_1.0.0.202411081344/tools/bin/../lib/gcc/arm-none-eabi/13.3.1/thumb/v7-m/nofp/crtbegin.o
                0x20000010                        . = ALIGN (0x4)

.bss            0x20000010       0xbc load address 0x08002238
                0x20000010                        _sbss = .
                0x20000010                        __bss_start__ = _sbss
 *(.bss)
 .bss           0x20000010       0x1c D:/stm/STM32CubeIDE_1.18.1/STM32CubeIDE/plugins/com.st.stm32cube.ide.mcu.externaltools.gnu-tools-for-stm32.13.3.rel1.win32_1.0.0.202411081344/tools/bin/../lib/gcc/arm-none-eabi/13.3.1/thumb/v7-m/nofp/crtbegin.o
 *(.bss*)
 .bss.hi2c1     0x2000002c       0x54 ./Core/Src/main.o
                0x2000002c                hi2c1
 .bss.huart1    0x20000080       0x48 ./Core/Src/main.o
                0x20000080                huart1
 .bss.uwTick    0x200000c8        0x4 ./Drivers/STM32F1xx_HAL_Driver/Src/stm32f1xx_hal.o
                0x200000c8                uwTick
 *(COMMON)
                0x200000cc                        . = ALIGN (0x4)
                0x200000cc                        _ebss = .
                0x200000cc                        __bss_end__ = _ebss

._user_heap_stack
                0x200000cc      0x604 load address 0x08002238
                0x200000d0                        . = ALIGN (0x8)
 *fill*         0x200000cc        0x4 
                [!provide]                        PROVIDE (end = .)
                0x200000d0                        PROVIDE (_end = .)
                0x200002d0                        . = (. + _Min_Heap_Size)
 *fill*         0x200000d0      0x200 
                0x200006d0                        . = (. + _Min_Stack_Size)
 *fill*         0x200002d0      0x400 
                0x200006d0                        . = ALIGN (0x8)

/DISCARD/
 libc.a(*)
 libm.a(*)
 libgcc.a(*)

.ARM.attributes
                0x00000000       0x29
 *(.ARM.attributes)
 .ARM.attributes
                0x00000000       0x1d D:/stm/STM32CubeIDE_1.18.1/STM32CubeIDE/plugins/com.st.stm32cube.ide.mcu.externaltools.gnu-tools-for-stm32.13.3.rel1.win32_1.0.0.202411081344/tools/bin/../lib/gcc/arm-none-eabi/13.3.1/thumb/v7-m/nofp/crti.o
 .ARM.attributes
                0x0000001d       0x2d D:/stm/STM32CubeIDE_1.18.1/STM32CubeIDE/plugins/com.st.stm32cube.ide.mcu.externaltools.gnu-tools-for-stm32.13.3.rel1.win32_1.0.0.202411081344/tools/bin/../lib/gcc/arm-none-eabi/13.3.1/thumb/v7-m/nofp/crtbegin.o
 .ARM.attributes
                0x0000004a       0x2d ./Core/Src/lcd1602_i2c_lib.o
 .ARM.attributes
                0x00000077       0x2d ./Core/Src/main.o
 .ARM.attributes
                0x000000a4       0x2d ./Core/Src/stm32f1xx_hal_msp.o
 .ARM.attributes
                0x000000d1       0x2d ./Core/Src/stm32f1xx_it.o
 .ARM.attributes
                0x000000fe       0x2d ./Core/Src/system_stm32f1xx.o
 .ARM.attributes
                0x0000012b       0x21 ./Core/Startup/startup_stm32f103c8tx.o
 .ARM.attributes
                0x0000014c       0x2d ./Drivers/STM32F1xx_HAL_Driver/Src/stm32f1xx_hal.o
 .ARM.attributes
                0x00000179       0x2d ./Drivers/STM32F1xx_HAL_Driver/Src/stm32f1xx_hal_cortex.o
 .ARM.attributes
                0x000001a6       0x2d ./Drivers/STM32F1xx_HAL_Driver/Src/stm32f1xx_hal_gpio.o
 .ARM.attributes
                0x000001d3       0x2d ./Drivers/STM32F1xx_HAL_Driver/Src/stm32f1xx_hal_i2c.o
 .ARM.attributes
                0x00000200       0x2d ./Drivers/STM32F1xx_HAL_Driver/Src/stm32f1xx_hal_rcc.o
 .ARM.attributes
                0x0000022d       0x2d ./Drivers/STM32F1xx_HAL_Driver/Src/stm32f1xx_hal_uart.o
 .ARM.attributes
                0x0000025a       0x2d D:/stm/STM32CubeIDE_1.18.1/STM32CubeIDE/plugins/com.st.stm32cube.ide.mcu.externaltools.gnu-tools-for-stm32.13.3.rel1.win32_1.0.0.202411081344/tools/bin/../lib/gcc/arm-none-eabi/13.3.1/../../../../arm-none-eabi/lib/thumb/v7-m/nofp\libc_nano.a(libc_a-memset.o)
 .ARM.attributes
                0x00000287       0x2d D:/stm/STM32CubeIDE_1.18.1/STM32CubeIDE/plugins/com.st.stm32cube.ide.mcu.externaltools.gnu-tools-for-stm32.13.3.rel1.win32_1.0.0.202411081344/tools/bin/../lib/gcc/arm-none-eabi/13.3.1/../../../../arm-none-eabi/lib/thumb/v7-m/nofp\libc_nano.a(libc_a-init.o)
 .ARM.attributes
                0x000002b4       0x17 D:/stm/STM32CubeIDE_1.18.1/STM32CubeIDE/plugins/com.st.stm32cube.ide.mcu.externaltools.gnu-tools-for-stm32.13.3.rel1.win32_1.0.0.202411081344/tools/bin/../lib/gcc/arm-none-eabi/13.3.1/../../../../arm-none-eabi/lib/thumb/v7-m/nofp\libc_nano.a(libc_a-strlen.o)
 .ARM.attributes
                0x000002cb       0x1d D:/stm/STM32CubeIDE_1.18.1/STM32CubeIDE/plugins/com.st.stm32cube.ide.mcu.externaltools.gnu-tools-for-stm32.13.3.rel1.win32_1.0.0.202411081344/tools/bin/../lib/gcc/arm-none-eabi/13.3.1/thumb/v7-m/nofp/crtn.o
OUTPUT(LCD.elf elf32-littlearm)
LOAD linker stubs
LOAD D:/stm/STM32CubeIDE_1.18.1/STM32CubeIDE/plugins/com.st.stm32cube.ide.mcu.externaltools.gnu-tools-for-stm32.13.3.rel1.win32_1.0.0.202411081344/tools/bin/../lib/gcc/arm-none-eabi/13.3.1/../../../../arm-none-eabi/lib/thumb/v7-m/nofp\libc.a
LOAD D:/stm/STM32CubeIDE_1.18.1/STM32CubeIDE/plugins/com.st.stm32cube.ide.mcu.externaltools.gnu-tools-for-stm32.13.3.rel1.win32_1.0.0.202411081344/tools/bin/../lib/gcc/arm-none-eabi/13.3.1/../../../../arm-none-eabi/lib/thumb/v7-m/nofp\libm.a
LOAD D:/stm/STM32CubeIDE_1.18.1/STM32CubeIDE/plugins/com.st.stm32cube.ide.mcu.externaltools.gnu-tools-for-stm32.13.3.rel1.win32_1.0.0.202411081344/tools/bin/../lib/gcc/arm-none-eabi/13.3.1/thumb/v7-m/nofp\libgcc.a

.debug_info     0x00000000     0x961a
 .debug_info    0x00000000      0x8f1 ./Core/Src/lcd1602_i2c_lib.o
 .debug_info    0x000008f1      0xb85 ./Core/Src/main.o
 .debug_info    0x00001476      0xb0f ./Core/Src/stm32f1xx_hal_msp.o
 .debug_info    0x00001f85      0x113 ./Core/Src/stm32f1xx_it.o
 .debug_info    0x00002098      0x222 ./Core/Src/system_stm32f1xx.o
 .debug_info    0x000022ba       0x30 ./Core/Startup/startup_stm32f103c8tx.o
 .debug_info    0x000022ea      0x704 ./Drivers/STM32F1xx_HAL_Driver/Src/stm32f1xx_hal.o
 .debug_info    0x000029ee      0xa87 ./Drivers/STM32F1xx_HAL_Driver/Src/stm32f1xx_hal_cortex.o
 .debug_info    0x00003475      0x5ab ./Drivers/STM32F1xx_HAL_Driver/Src/stm32f1xx_hal_gpio.o
 .debug_info    0x00003a20     0x2524 ./Drivers/STM32F1xx_HAL_Driver/Src/stm32f1xx_hal_i2c.o
 .debug_info    0x00005f44      0x7e9 ./Drivers/STM32F1xx_HAL_Driver/Src/stm32f1xx_hal_rcc.o
 .debug_info    0x0000672d     0x2eed ./Drivers/STM32F1xx_HAL_Driver/Src/stm32f1xx_hal_uart.o

.debug_abbrev   0x00000000     0x17ac
 .debug_abbrev  0x00000000      0x2a7 ./Core/Src/lcd1602_i2c_lib.o
 .debug_abbrev  0x000002a7      0x273 ./Core/Src/main.o
 .debug_abbrev  0x0000051a      0x1ab ./Core/Src/stm32f1xx_hal_msp.o
 .debug_abbrev  0x000006c5       0x73 ./Core/Src/stm32f1xx_it.o
 .debug_abbrev  0x00000738      0x13f ./Core/Src/system_stm32f1xx.o
 .debug_abbrev  0x00000877       0x24 ./Core/Startup/startup_stm32f103c8tx.o
 .debug_abbrev  0x0000089b      0x201 ./Drivers/STM32F1xx_HAL_Driver/Src/stm32f1xx_hal.o
 .debug_abbrev  0x00000a9c      0x2f8 ./Drivers/STM32F1xx_HAL_Driver/Src/stm32f1xx_hal_cortex.o
 .debug_abbrev  0x00000d94      0x1ca ./Drivers/STM32F1xx_HAL_Driver/Src/stm32f1xx_hal_gpio.o
 .debug_abbrev  0x00000f5e      0x2a3 ./Drivers/STM32F1xx_HAL_Driver/Src/stm32f1xx_hal_i2c.o
 .debug_abbrev  0x00001201      0x2b3 ./Drivers/STM32F1xx_HAL_Driver/Src/stm32f1xx_hal_rcc.o
 .debug_abbrev  0x000014b4      0x2f8 ./Drivers/STM32F1xx_HAL_Driver/Src/stm32f1xx_hal_uart.o

.debug_aranges  0x00000000      0x940
 .debug_aranges
                0x00000000       0x90 ./Core/Src/lcd1602_i2c_lib.o
 .debug_aranges
                0x00000090       0x48 ./Core/Src/main.o
 .debug_aranges
                0x000000d8       0x40 ./Core/Src/stm32f1xx_hal_msp.o
 .debug_aranges
                0x00000118       0x60 ./Core/Src/stm32f1xx_it.o
 .debug_aranges
                0x00000178       0x28 ./Core/Src/system_stm32f1xx.o
 .debug_aranges
                0x000001a0       0x28 ./Core/Startup/startup_stm32f103c8tx.o
 .debug_aranges
                0x000001c8       0xe0 ./Drivers/STM32F1xx_HAL_Driver/Src/stm32f1xx_hal.o
 .debug_aranges
                0x000002a8      0x100 ./Drivers/STM32F1xx_HAL_Driver/Src/stm32f1xx_hal_cortex.o
 .debug_aranges
                0x000003a8       0x58 ./Drivers/STM32F1xx_HAL_Driver/Src/stm32f1xx_hal_gpio.o
 .debug_aranges
                0x00000400      0x2a8 ./Drivers/STM32F1xx_HAL_Driver/Src/stm32f1xx_hal_i2c.o
 .debug_aranges
                0x000006a8       0x90 ./Drivers/STM32F1xx_HAL_Driver/Src/stm32f1xx_hal_rcc.o
 .debug_aranges
                0x00000738      0x208 ./Drivers/STM32F1xx_HAL_Driver/Src/stm32f1xx_hal_uart.o

.debug_rnglists
                0x00000000      0x73e
 .debug_rnglists
                0x00000000       0x6a ./Core/Src/lcd1602_i2c_lib.o
 .debug_rnglists
                0x0000006a       0x31 ./Core/Src/main.o
 .debug_rnglists
                0x0000009b       0x2c ./Core/Src/stm32f1xx_hal_msp.o
 .debug_rnglists
                0x000000c7       0x43 ./Core/Src/stm32f1xx_it.o
 .debug_rnglists
                0x0000010a       0x1a ./Core/Src/system_stm32f1xx.o
 .debug_rnglists
                0x00000124       0x19 ./Core/Startup/startup_stm32f103c8tx.o
 .debug_rnglists
                0x0000013d       0xa3 ./Drivers/STM32F1xx_HAL_Driver/Src/stm32f1xx_hal.o
 .debug_rnglists
                0x000001e0       0xbb ./Drivers/STM32F1xx_HAL_Driver/Src/stm32f1xx_hal_cortex.o
 .debug_rnglists
                0x0000029b       0x3f ./Drivers/STM32F1xx_HAL_Driver/Src/stm32f1xx_hal_gpio.o
 .debug_rnglists
                0x000002da      0x23c ./Drivers/STM32F1xx_HAL_Driver/Src/stm32f1xx_hal_i2c.o
 .debug_rnglists
                0x00000516       0x6c ./Drivers/STM32F1xx_HAL_Driver/Src/stm32f1xx_hal_rcc.o
 .debug_rnglists
                0x00000582      0x1bc ./Drivers/STM32F1xx_HAL_Driver/Src/stm32f1xx_hal_uart.o

.debug_macro    0x00000000    0x16e27
 .debug_macro   0x00000000      0x289 ./Core/Src/lcd1602_i2c_lib.o
 .debug_macro   0x00000289      0xacc ./Core/Src/lcd1602_i2c_lib.o
 .debug_macro   0x00000d55      0x21b ./Core/Src/lcd1602_i2c_lib.o
 .debug_macro   0x00000f70       0x2e ./Core/Src/lcd1602_i2c_lib.o
 .debug_macro   0x00000f9e       0x22 ./Core/Src/lcd1602_i2c_lib.o
 .debug_macro   0x00000fc0       0x22 ./Core/Src/lcd1602_i2c_lib.o
 .debug_macro   0x00000fe2       0x8e ./Core/Src/lcd1602_i2c_lib.o
 .debug_macro   0x00001070       0x51 ./Core/Src/lcd1602_i2c_lib.o
 .debug_macro   0x000010c1      0x103 ./Core/Src/lcd1602_i2c_lib.o
 .debug_macro   0x000011c4       0x6a ./Core/Src/lcd1602_i2c_lib.o
 .debug_macro   0x0000122e      0x1df ./Core/Src/lcd1602_i2c_lib.o
 .debug_macro   0x0000140d       0x1c ./Core/Src/lcd1602_i2c_lib.o
 .debug_macro   0x00001429       0x22 ./Core/Src/lcd1602_i2c_lib.o
 .debug_macro   0x0000144b       0xbd ./Core/Src/lcd1602_i2c_lib.o
 .debug_macro   0x00001508      0xd23 ./Core/Src/lcd1602_i2c_lib.o
 .debug_macro   0x0000222b     0xe09e ./Core/Src/lcd1602_i2c_lib.o
 .debug_macro   0x000102c9       0x6d ./Core/Src/lcd1602_i2c_lib.o
 .debug_macro   0x00010336     0x34a2 ./Core/Src/lcd1602_i2c_lib.o
 .debug_macro   0x000137d8      0x190 ./Core/Src/lcd1602_i2c_lib.o
 .debug_macro   0x00013968       0x5c ./Core/Src/lcd1602_i2c_lib.o
 .debug_macro   0x000139c4      0x5bc ./Core/Src/lcd1602_i2c_lib.o
 .debug_macro   0x00013f80      0x289 ./Core/Src/lcd1602_i2c_lib.o
 .debug_macro   0x00014209      0x1cb ./Core/Src/lcd1602_i2c_lib.o
 .debug_macro   0x000143d4      0x114 ./Core/Src/lcd1602_i2c_lib.o
 .debug_macro   0x000144e8      0x1b2 ./Core/Src/lcd1602_i2c_lib.o
 .debug_macro   0x0001469a       0x27 ./Core/Src/lcd1602_i2c_lib.o
 .debug_macro   0x000146c1      0x136 ./Core/Src/lcd1602_i2c_lib.o
 .debug_macro   0x000147f7      0x1bc ./Core/Src/lcd1602_i2c_lib.o
 .debug_macro   0x000149b3       0x34 ./Core/Src/lcd1602_i2c_lib.o
 .debug_macro   0x000149e7       0x3c ./Core/Src/lcd1602_i2c_lib.o
 .debug_macro   0x00014a23       0x57 ./Core/Src/lcd1602_i2c_lib.o
 .debug_macro   0x00014a7a       0x87 ./Core/Src/lcd1602_i2c_lib.o
 .debug_macro   0x00014b01      0x240 ./Core/Src/lcd1602_i2c_lib.o
 .debug_macro   0x00014d41      0x287 ./Core/Src/lcd1602_i2c_lib.o
 .debug_macro   0x00014fc8      0x140 ./Core/Src/lcd1602_i2c_lib.o
 .debug_macro   0x00015108      0x28e ./Core/Src/lcd1602_i2c_lib.o
 .debug_macro   0x00015396       0x83 ./Core/Src/lcd1602_i2c_lib.o
 .debug_macro   0x00015419       0x61 ./Core/Src/lcd1602_i2c_lib.o
 .debug_macro   0x0001547a       0x24 ./Core/Src/lcd1602_i2c_lib.o
 .debug_macro   0x0001549e       0x43 ./Core/Src/lcd1602_i2c_lib.o
 .debug_macro   0x000154e1       0x34 ./Core/Src/lcd1602_i2c_lib.o
 .debug_macro   0x00015515      0x370 ./Core/Src/lcd1602_i2c_lib.o
 .debug_macro   0x00015885       0x16 ./Core/Src/lcd1602_i2c_lib.o
 .debug_macro   0x0001589b       0x4a ./Core/Src/lcd1602_i2c_lib.o
 .debug_macro   0x000158e5       0x34 ./Core/Src/lcd1602_i2c_lib.o
 .debug_macro   0x00015919       0x10 ./Core/Src/lcd1602_i2c_lib.o
 .debug_macro   0x00015929       0x58 ./Core/Src/lcd1602_i2c_lib.o
 .debug_macro   0x00015981       0x8e ./Core/Src/lcd1602_i2c_lib.o
 .debug_macro   0x00015a0f       0x1c ./Core/Src/lcd1602_i2c_lib.o
 .debug_macro   0x00015a2b      0x185 ./Core/Src/lcd1602_i2c_lib.o
 .debug_macro   0x00015bb0       0x10 ./Core/Src/lcd1602_i2c_lib.o
 .debug_macro   0x00015bc0       0x3c ./Core/Src/lcd1602_i2c_lib.o
 .debug_macro   0x00015bfc       0x20 ./Core/Src/lcd1602_i2c_lib.o
 .debug_macro   0x00015c1c       0x22 ./Core/Src/lcd1602_i2c_lib.o
 .debug_macro   0x00015c3e      0x283 ./Core/Src/main.o
 .debug_macro   0x00015ec1      0x1a2 ./Core/Src/stm32f1xx_hal_msp.o
 .debug_macro   0x00016063      0x1ac ./Core/Src/stm32f1xx_it.o
 .debug_macro   0x0001620f      0x198 ./Core/Src/system_stm32f1xx.o
 .debug_macro   0x000163a7      0x1bc ./Drivers/STM32F1xx_HAL_Driver/Src/stm32f1xx_hal.o
 .debug_macro   0x00016563      0x198 ./Drivers/STM32F1xx_HAL_Driver/Src/stm32f1xx_hal_cortex.o
 .debug_macro   0x000166fb      0x203 ./Drivers/STM32F1xx_HAL_Driver/Src/stm32f1xx_hal_gpio.o
 .debug_macro   0x000168fe      0x1e6 ./Drivers/STM32F1xx_HAL_Driver/Src/stm32f1xx_hal_i2c.o
 .debug_macro   0x00016ae4      0x1aa ./Drivers/STM32F1xx_HAL_Driver/Src/stm32f1xx_hal_rcc.o
 .debug_macro   0x00016c8e      0x199 ./Drivers/STM32F1xx_HAL_Driver/Src/stm32f1xx_hal_uart.o

.debug_line     0x00000000     0xb91a
 .debug_line    0x00000000      0xaf9 ./Core/Src/lcd1602_i2c_lib.o
 .debug_line    0x00000af9      0x972 ./Core/Src/main.o
 .debug_line    0x0000146b      0x784 ./Core/Src/stm32f1xx_hal_msp.o
 .debug_line    0x00001bef      0x795 ./Core/Src/stm32f1xx_it.o
 .debug_line    0x00002384      0x765 ./Core/Src/system_stm32f1xx.o
 .debug_line    0x00002ae9       0x78 ./Core/Startup/startup_stm32f103c8tx.o
 .debug_line    0x00002b61      0x996 ./Drivers/STM32F1xx_HAL_Driver/Src/stm32f1xx_hal.o
 .debug_line    0x000034f7      0xb60 ./Drivers/STM32F1xx_HAL_Driver/Src/stm32f1xx_hal_cortex.o
 .debug_line    0x00004057      0x9f3 ./Drivers/STM32F1xx_HAL_Driver/Src/stm32f1xx_hal_gpio.o
 .debug_line    0x00004a4a     0x3b93 ./Drivers/STM32F1xx_HAL_Driver/Src/stm32f1xx_hal_i2c.o
 .debug_line    0x000085dd      0xe4f ./Drivers/STM32F1xx_HAL_Driver/Src/stm32f1xx_hal_rcc.o
 .debug_line    0x0000942c     0x24ee ./Drivers/STM32F1xx_HAL_Driver/Src/stm32f1xx_hal_uart.o

.debug_str      0x00000000    0x83dca
 .debug_str     0x00000000    0x83dca ./Core/Src/lcd1602_i2c_lib.o
                              0x81b64 (size before relaxing)
 .debug_str     0x00083dca    0x81daf ./Core/Src/main.o
 .debug_str     0x00083dca    0x7ea11 ./Core/Src/stm32f1xx_hal_msp.o
 .debug_str     0x00083dca    0x7e309 ./Core/Src/stm32f1xx_it.o
 .debug_str     0x00083dca    0x7e31f ./Core/Src/system_stm32f1xx.o
 .debug_str     0x00083dca       0x5d ./Core/Startup/startup_stm32f103c8tx.o
 .debug_str     0x00083dca    0x7ea52 ./Drivers/STM32F1xx_HAL_Driver/Src/stm32f1xx_hal.o
 .debug_str     0x00083dca    0x7e99e ./Drivers/STM32F1xx_HAL_Driver/Src/stm32f1xx_hal_cortex.o
 .debug_str     0x00083dca    0x7e6a5 ./Drivers/STM32F1xx_HAL_Driver/Src/stm32f1xx_hal_gpio.o
 .debug_str     0x00083dca    0x7f3e6 ./Drivers/STM32F1xx_HAL_Driver/Src/stm32f1xx_hal_i2c.o
 .debug_str     0x00083dca    0x7e74e ./Drivers/STM32F1xx_HAL_Driver/Src/stm32f1xx_hal_rcc.o
 .debug_str     0x00083dca    0x7edbf ./Drivers/STM32F1xx_HAL_Driver/Src/stm32f1xx_hal_uart.o

.comment        0x00000000       0x43
 .comment       0x00000000       0x43 ./Core/Src/lcd1602_i2c_lib.o
                                 0x44 (size before relaxing)
 .comment       0x00000043       0x44 ./Core/Src/main.o
 .comment       0x00000043       0x44 ./Core/Src/stm32f1xx_hal_msp.o
 .comment       0x00000043       0x44 ./Core/Src/stm32f1xx_it.o
 .comment       0x00000043       0x44 ./Core/Src/system_stm32f1xx.o
 .comment       0x00000043       0x44 ./Drivers/STM32F1xx_HAL_Driver/Src/stm32f1xx_hal.o
 .comment       0x00000043       0x44 ./Drivers/STM32F1xx_HAL_Driver/Src/stm32f1xx_hal_cortex.o
 .comment       0x00000043       0x44 ./Drivers/STM32F1xx_HAL_Driver/Src/stm32f1xx_hal_gpio.o
 .comment       0x00000043       0x44 ./Drivers/STM32F1xx_HAL_Driver/Src/stm32f1xx_hal_i2c.o
 .comment       0x00000043       0x44 ./Drivers/STM32F1xx_HAL_Driver/Src/stm32f1xx_hal_rcc.o
 .comment       0x00000043       0x44 ./Drivers/STM32F1xx_HAL_Driver/Src/stm32f1xx_hal_uart.o

.debug_frame    0x00000000     0x25e8
 .debug_frame   0x00000000      0x228 ./Core/Src/lcd1602_i2c_lib.o
 .debug_frame   0x00000228       0xc8 ./Core/Src/main.o
 .debug_frame   0x000002f0       0xc8 ./Core/Src/stm32f1xx_hal_msp.o
 .debug_frame   0x000003b8      0x104 ./Core/Src/stm32f1xx_it.o
 .debug_frame   0x000004bc       0x58 ./Core/Src/system_stm32f1xx.o
 .debug_frame   0x00000514      0x334 ./Drivers/STM32F1xx_HAL_Driver/Src/stm32f1xx_hal.o
 .debug_frame   0x00000848      0x428 ./Drivers/STM32F1xx_HAL_Driver/Src/stm32f1xx_hal_cortex.o
 .debug_frame   0x00000c70      0x14c ./Drivers/STM32F1xx_HAL_Driver/Src/stm32f1xx_hal_gpio.o
 .debug_frame   0x00000dbc      0xc84 ./Drivers/STM32F1xx_HAL_Driver/Src/stm32f1xx_hal_i2c.o
 .debug_frame   0x00001a40      0x218 ./Drivers/STM32F1xx_HAL_Driver/Src/stm32f1xx_hal_rcc.o
 .debug_frame   0x00001c58      0x944 ./Drivers/STM32F1xx_HAL_Driver/Src/stm32f1xx_hal_uart.o
 .debug_frame   0x0000259c       0x20 D:/stm/STM32CubeIDE_1.18.1/STM32CubeIDE/plugins/com.st.stm32cube.ide.mcu.externaltools.gnu-tools-for-stm32.13.3.rel1.win32_1.0.0.202411081344/tools/bin/../lib/gcc/arm-none-eabi/13.3.1/../../../../arm-none-eabi/lib/thumb/v7-m/nofp\libc_nano.a(libc_a-memset.o)
 .debug_frame   0x000025bc       0x2c D:/stm/STM32CubeIDE_1.18.1/STM32CubeIDE/plugins/com.st.stm32cube.ide.mcu.externaltools.gnu-tools-for-stm32.13.3.rel1.win32_1.0.0.202411081344/tools/bin/../lib/gcc/arm-none-eabi/13.3.1/../../../../arm-none-eabi/lib/thumb/v7-m/nofp\libc_nano.a(libc_a-init.o)

.debug_line_str
                0x00000000       0x41
 .debug_line_str
                0x00000000       0x41 ./Core/Startup/startup_stm32f103c8tx.o
