../Core/Src/main.c:120:5:main	8	static
../Core/Src/main.c:220:6:SystemClock_Config	88	static
../Core/Src/main.c:267:13:MX_I2C1_Init	8	static
../Core/Src/main.c:301:13:MX_SPI2_Init	8	static
../Core/Src/main.c:339:13:MX_USART2_UART_Init	8	static
../Core/Src/main.c:372:13:MX_GPIO_Init	40	static
../Core/Src/main.c:410:6:StartDefaultTask	16	static
../Core/Src/main.c:430:6:StartTask02	32	static
../Core/Src/main.c:450:6:StartTask03	24	static
../Core/Src/main.c:470:6:StartTask04	32	static
../Core/Src/main.c:492:6:Error_Handler	4	static,ignoring_inline_asm
