Archive member included to satisfy reference by file (symbol)

D:/stm/STM32CubeIDE_1.18.1/STM32CubeIDE/plugins/com.st.stm32cube.ide.mcu.externaltools.gnu-tools-for-stm32.13.3.rel1.win32_1.0.0.202411081344/tools/bin/../lib/gcc/arm-none-eabi/13.3.1/../../../../arm-none-eabi/lib/thumb/v8-m.main+fp/hard\libc_nano.a(libc_a-exit.o)
                              D:/stm/STM32CubeIDE_1.18.1/STM32CubeIDE/plugins/com.st.stm32cube.ide.mcu.externaltools.gnu-tools-for-stm32.13.3.rel1.win32_1.0.0.202411081344/tools/bin/../lib/gcc/arm-none-eabi/13.3.1/../../../../arm-none-eabi/lib/thumb/v8-m.main+fp/hard/crt0.o (exit)
D:/stm/STM32CubeIDE_1.18.1/STM32CubeIDE/plugins/com.st.stm32cube.ide.mcu.externaltools.gnu-tools-for-stm32.13.3.rel1.win32_1.0.0.202411081344/tools/bin/../lib/gcc/arm-none-eabi/13.3.1/../../../../arm-none-eabi/lib/thumb/v8-m.main+fp/hard\libc_nano.a(libc_a-findfp.o)
                              D:/stm/STM32CubeIDE_1.18.1/STM32CubeIDE/plugins/com.st.stm32cube.ide.mcu.externaltools.gnu-tools-for-stm32.13.3.rel1.win32_1.0.0.202411081344/tools/bin/../lib/gcc/arm-none-eabi/13.3.1/../../../../arm-none-eabi/lib/thumb/v8-m.main+fp/hard\libc_nano.a(libc_a-exit.o) (__stdio_exit_handler)
D:/stm/STM32CubeIDE_1.18.1/STM32CubeIDE/plugins/com.st.stm32cube.ide.mcu.externaltools.gnu-tools-for-stm32.13.3.rel1.win32_1.0.0.202411081344/tools/bin/../lib/gcc/arm-none-eabi/13.3.1/../../../../arm-none-eabi/lib/thumb/v8-m.main+fp/hard\libc_nano.a(libc_a-fwalk.o)
                              D:/stm/STM32CubeIDE_1.18.1/STM32CubeIDE/plugins/com.st.stm32cube.ide.mcu.externaltools.gnu-tools-for-stm32.13.3.rel1.win32_1.0.0.202411081344/tools/bin/../lib/gcc/arm-none-eabi/13.3.1/../../../../arm-none-eabi/lib/thumb/v8-m.main+fp/hard\libc_nano.a(libc_a-findfp.o) (_fwalk_sglue)
D:/stm/STM32CubeIDE_1.18.1/STM32CubeIDE/plugins/com.st.stm32cube.ide.mcu.externaltools.gnu-tools-for-stm32.13.3.rel1.win32_1.0.0.202411081344/tools/bin/../lib/gcc/arm-none-eabi/13.3.1/../../../../arm-none-eabi/lib/thumb/v8-m.main+fp/hard\libc_nano.a(libc_a-stdio.o)
                              D:/stm/STM32CubeIDE_1.18.1/STM32CubeIDE/plugins/com.st.stm32cube.ide.mcu.externaltools.gnu-tools-for-stm32.13.3.rel1.win32_1.0.0.202411081344/tools/bin/../lib/gcc/arm-none-eabi/13.3.1/../../../../arm-none-eabi/lib/thumb/v8-m.main+fp/hard\libc_nano.a(libc_a-findfp.o) (__sread)
D:/stm/STM32CubeIDE_1.18.1/STM32CubeIDE/plugins/com.st.stm32cube.ide.mcu.externaltools.gnu-tools-for-stm32.13.3.rel1.win32_1.0.0.202411081344/tools/bin/../lib/gcc/arm-none-eabi/13.3.1/../../../../arm-none-eabi/lib/thumb/v8-m.main+fp/hard\libc_nano.a(libc_a-memset.o)
                              D:/stm/STM32CubeIDE_1.18.1/STM32CubeIDE/plugins/com.st.stm32cube.ide.mcu.externaltools.gnu-tools-for-stm32.13.3.rel1.win32_1.0.0.202411081344/tools/bin/../lib/gcc/arm-none-eabi/13.3.1/../../../../arm-none-eabi/lib/thumb/v8-m.main+fp/hard/crt0.o (memset)
D:/stm/STM32CubeIDE_1.18.1/STM32CubeIDE/plugins/com.st.stm32cube.ide.mcu.externaltools.gnu-tools-for-stm32.13.3.rel1.win32_1.0.0.202411081344/tools/bin/../lib/gcc/arm-none-eabi/13.3.1/../../../../arm-none-eabi/lib/thumb/v8-m.main+fp/hard\libc_nano.a(libc_a-closer.o)
                              D:/stm/STM32CubeIDE_1.18.1/STM32CubeIDE/plugins/com.st.stm32cube.ide.mcu.externaltools.gnu-tools-for-stm32.13.3.rel1.win32_1.0.0.202411081344/tools/bin/../lib/gcc/arm-none-eabi/13.3.1/../../../../arm-none-eabi/lib/thumb/v8-m.main+fp/hard\libc_nano.a(libc_a-stdio.o) (_close_r)
D:/stm/STM32CubeIDE_1.18.1/STM32CubeIDE/plugins/com.st.stm32cube.ide.mcu.externaltools.gnu-tools-for-stm32.13.3.rel1.win32_1.0.0.202411081344/tools/bin/../lib/gcc/arm-none-eabi/13.3.1/../../../../arm-none-eabi/lib/thumb/v8-m.main+fp/hard\libc_nano.a(libc_a-reent.o)
                              D:/stm/STM32CubeIDE_1.18.1/STM32CubeIDE/plugins/com.st.stm32cube.ide.mcu.externaltools.gnu-tools-for-stm32.13.3.rel1.win32_1.0.0.202411081344/tools/bin/../lib/gcc/arm-none-eabi/13.3.1/../../../../arm-none-eabi/lib/thumb/v8-m.main+fp/hard\libc_nano.a(libc_a-closer.o) (errno)
D:/stm/STM32CubeIDE_1.18.1/STM32CubeIDE/plugins/com.st.stm32cube.ide.mcu.externaltools.gnu-tools-for-stm32.13.3.rel1.win32_1.0.0.202411081344/tools/bin/../lib/gcc/arm-none-eabi/13.3.1/../../../../arm-none-eabi/lib/thumb/v8-m.main+fp/hard\libc_nano.a(libc_a-impure.o)
                              D:/stm/STM32CubeIDE_1.18.1/STM32CubeIDE/plugins/com.st.stm32cube.ide.mcu.externaltools.gnu-tools-for-stm32.13.3.rel1.win32_1.0.0.202411081344/tools/bin/../lib/gcc/arm-none-eabi/13.3.1/../../../../arm-none-eabi/lib/thumb/v8-m.main+fp/hard\libc_nano.a(libc_a-reent.o) (_impure_ptr)
D:/stm/STM32CubeIDE_1.18.1/STM32CubeIDE/plugins/com.st.stm32cube.ide.mcu.externaltools.gnu-tools-for-stm32.13.3.rel1.win32_1.0.0.202411081344/tools/bin/../lib/gcc/arm-none-eabi/13.3.1/../../../../arm-none-eabi/lib/thumb/v8-m.main+fp/hard\libc_nano.a(libc_a-lseekr.o)
[...]
Memory Configuration

Name             Origin             Length             Attributes
RAM              0x20000000         0x00008000         xrw
FLASH            0x08000000         0x00020000         xr
*default*        0x00000000         0xffffffff

Linker script and memory map

LOAD D:/stm/STM32CubeIDE_1.18.1/STM32CubeIDE/plugins/com.st.stm32cube.ide.mcu.externaltools.gnu-tools-for-stm32.13.3.rel1.win32_1.0.0.202411081344/tools/bin/../lib/gcc/arm-none-eabi/13.3.1/thumb/v8-m.main+fp/hard/crti.o
LOAD D:/stm/STM32CubeIDE_1.18.1/STM32CubeIDE/plugins/com.st.stm32cube.ide.mcu.externaltools.gnu-tools-for-stm32.13.3.rel1.win32_1.0.0.202411081344/tools/bin/../lib/gcc/arm-none-eabi/13.3.1/thumb/v8-m.main+fp/hard/crtbegin.o
LOAD D:/stm/STM32CubeIDE_1.18.1/STM32CubeIDE/plugins/com.st.stm32cube.ide.mcu.externaltools.gnu-tools-for-stm32.13.3.rel1.win32_1.0.0.202411081344/tools/bin/../lib/gcc/arm-none-eabi/13.3.1/../../../../arm-none-eabi/lib/thumb/v8-m.main+fp/hard/crt0.o
LOAD ./Core/Src/main.o
LOAD ./Core/Src/stm32h5xx_hal_msp.o
LOAD ./Core/Src/stm32h5xx_it.o
LOAD ./Core/Src/syscalls.o
LOAD ./Core/Src/sysmem.o
LOAD ./Core/Src/system_stm32h5xx.o
LOAD ./Core/Startup/startup_stm32h503cbtx.o
LOAD ./Drivers/STM32H5xx_HAL_Driver/Src/stm32h5xx_hal.o
LOAD ./Drivers/STM32H5xx_HAL_Driver/Src/stm32h5xx_hal_adc.o
LOAD ./Drivers/STM32H5xx_HAL_Driver/Src/stm32h5xx_hal_adc_ex.o
LOAD ./Drivers/STM32H5xx_HAL_Driver/Src/stm32h5xx_hal_cortex.o
LOAD ./Drivers/STM32H5xx_HAL_Driver/Src/stm32h5xx_hal_dma.o
LOAD ./Drivers/STM32H5xx_HAL_Driver/Src/stm32h5xx_hal_dma_ex.o
LOAD ./Drivers/STM32H5xx_HAL_Driver/Src/stm32h5xx_hal_exti.o
LOAD ./Drivers/STM32H5xx_HAL_Driver/Src/stm32h5xx_hal_flash.o
LOAD ./Drivers/STM32H5xx_HAL_Driver/Src/stm32h5xx_hal_flash_ex.o
LOAD ./Drivers/STM32H5xx_HAL_Driver/Src/stm32h5xx_hal_gpio.o
LOAD ./Drivers/STM32H5xx_HAL_Driver/Src/stm32h5xx_hal_pwr.o
LOAD ./Drivers/STM32H5xx_HAL_Driver/Src/stm32h5xx_hal_pwr_ex.o
LOAD ./Drivers/STM32H5xx_HAL_Driver/Src/stm32h5xx_hal_rcc.o
LOAD ./Drivers/STM32H5xx_HAL_Driver/Src/stm32h5xx_hal_rcc_ex.o
LOAD ./Drivers/STM32H5xx_HAL_Driver/Src/stm32h5xx_hal_tim.o
LOAD ./Drivers/STM32H5xx_HAL_Driver/Src/stm32h5xx_hal_tim_ex.o
START GROUP
LOAD D:/stm/STM32CubeIDE_1.18.1/STM32CubeIDE/plugins/com.st.stm32cube.ide.mcu.externaltools.gnu-tools-for-stm32.13.3.rel1.win32_1.0.0.202411081344/tools/bin/../lib/gcc/arm-none-eabi/13.3.1/../../../../arm-none-eabi/lib/thumb/v8-m.main+fp/hard\libc_nano.a
LOAD D:/stm/STM32CubeIDE_1.18.1/STM32CubeIDE/plugins/com.st.stm32cube.ide.mcu.externaltools.gnu-tools-for-stm32.13.3.rel1.win32_1.0.0.202411081344/tools/bin/../lib/gcc/arm-none-eabi/13.3.1/../../../../arm-none-eabi/lib/thumb/v8-m.main+fp/hard\libm.a
END GROUP
START GROUP
LOAD D:/stm/STM32CubeIDE_1.18.1/STM32CubeIDE/plugins/com.st.stm32cube.ide.mcu.externaltools.gnu-tools-for-stm32.13.3.rel1.win32_1.0.0.202411081344/tools/bin/../lib/gcc/arm-none-eabi/13.3.1/thumb/v8-m.main+fp/hard\libgcc.a
LOAD D:/stm/STM32CubeIDE_1.18.1/STM32CubeIDE/plugins/com.st.stm32cube.ide.mcu.externaltools.gnu-tools-for-stm32.13.3.rel1.win32_1.0.0.202411081344/tools/bin/../lib/gcc/arm-none-eabi/13.3.1/../../../../arm-none-eabi/lib/thumb/v8-m.main+fp/hard\libc_nano.a
END GROUP
START GROUP
LOAD D:/stm/STM32CubeIDE_1.18.1/STM32CubeIDE/plugins/com.st.stm32cube.ide.mcu.externaltools.gnu-tools-for-stm32.13.3.rel1.win32_1.0.0.202411081344/tools/bin/../lib/gcc/arm-none-eabi/13.3.1/thumb/v8-m.main+fp/hard\libgcc.a
LOAD D:/stm/STM32CubeIDE_1.18.1/STM32CubeIDE/plugins/com.st.stm32cube.ide.mcu.externaltools.gnu-tools-for-stm32.13.3.rel1.win32_1.0.0.202411081344/tools/bin/../lib/gcc/arm-none-eabi/13.3.1/../../../../arm-none-eabi/lib/thumb/v8-m.main+fp/hard\libc_nano.a
LOAD D:/stm/STM32CubeIDE_1.18.1/STM32CubeIDE/plugins/com.st.stm32cube.ide.mcu.externaltools.gnu-tools-for-stm32.13.3.rel1.win32_1.0.0.202411081344/tools/bin/../lib/gcc/arm-none-eabi/13.3.1/../../../../arm-none-eabi/lib/thumb/v8-m.main+fp/hard\libnosys.a
END GROUP
START GROUP
LOAD D:/stm/STM32CubeIDE_1.18.1/STM32CubeIDE/plugins/com.st.stm32cube.ide.mcu.externaltools.gnu-tools-for-stm32.13.3.rel1.win32_1.0.0.202411081344/tools/bin/../lib/gcc/arm-none-eabi/13.3.1/thumb/v8-m.main+fp/hard\libgcc.a
LOAD D:/stm/STM32CubeIDE_1.18.1/STM32CubeIDE/plugins/com.st.stm32cube.ide.mcu.externaltools.gnu-tools-for-stm32.13.3.rel1.win32_1.0.0.202411081344/tools/bin/../lib/gcc/arm-none-eabi/13.3.1/../../../../arm-none-eabi/lib/thumb/v8-m.main+fp/hard\libc_nano.a
LOAD D:/stm/STM32CubeIDE_1.18.1/STM32CubeIDE/plugins/com.st.stm32cube.ide.mcu.externaltools.gnu-tools-for-stm32.13.3.rel1.win32_1.0.0.202411081344/tools/bin/../lib/gcc/arm-none-eabi/13.3.1/../../../../arm-none-eabi/lib/thumb/v8-m.main+fp/hard\libnosys.a
END GROUP
LOAD D:/stm/STM32CubeIDE_1.18.1/STM32CubeIDE/plugins/com.st.stm32cube.ide.mcu.externaltools.gnu-tools-for-stm32.13.3.rel1.win32_1.0.0.202411081344/tools/bin/../lib/gcc/arm-none-eabi/13.3.1/thumb/v8-m.main+fp/hard/crtend.o
LOAD D:/stm/STM32CubeIDE_1.18.1/STM32CubeIDE/plugins/com.st.stm32cube.ide.mcu.externaltools.gnu-tools-for-stm32.13.3.rel1.win32_1.0.0.202411081344/tools/bin/../lib/gcc/arm-none-eabi/13.3.1/thumb/v8-m.main+fp/hard/crtn.o
                0x20008000                        _estack = (ORIGIN (RAM) + LENGTH (RAM))
                0x00000200                        _Min_Heap_Size = 0x200
                0x00000400                        _Min_Stack_Size = 0x400

.isr_vector     0x08000000      0x258
                0x08000000                        . = ALIGN (0x4)
 *(.isr_vector)
 .isr_vector    0x08000000      0x258 ./Core/Startup/startup_stm32h503cbtx.o
                0x08000000                g_pfnVectors
                0x08000258                        . = ALIGN (0x4)

.text           0x08000258     0x48c4
                0x08000258                        . = ALIGN (0x4)
 *(.text)
 .text          0x08000258       0x40 D:/stm/STM32CubeIDE_1.18.1/STM32CubeIDE/plugins/com.st.stm32cube.ide.mcu.externaltools.gnu-tools-for-stm32.13.3.rel1.win32_1.0.0.202411081344/tools/bin/../lib/gcc/arm-none-eabi/13.3.1/thumb/v8-m.main+fp/hard/crtbegin.o
 *(.text*)
 .text.main     0x08000298       0x8c ./Core/Src/main.o
                0x08000298                main
 .text.SystemClock_Config
                0x08000324       0xc0 ./Core/Src/main.o
                0x08000324                SystemClock_Config
 .text.MX_ADC1_Init
                0x080003e4       0xc4 ./Core/Src/main.o
 .text.MX_TIM1_Init
                0x080004a8      0x128 ./Core/Src/main.o
 .text.MX_GPIO_Init
                0x080005d0       0x54 ./Core/Src/main.o
 .text.Error_Handler
                0x08000624        0xc ./Core/Src/main.o
                0x08000624                Error_Handler
 .text.HAL_MspInit
                0x08000630        0xe ./Core/Src/stm32h5xx_hal_msp.o
                0x08000630                HAL_MspInit
 *fill*         0x0800063e        0x2 
 .text.HAL_ADC_MspInit
                0x08000640       0xc4 ./Core/Src/stm32h5xx_hal_msp.o
                0x08000640                HAL_ADC_MspInit
 .text.HAL_TIM_PWM_MspInit
                0x08000704       0x44 ./Core/Src/stm32h5xx_hal_msp.o
                0x08000704                HAL_TIM_PWM_MspInit
 .text.HAL_TIM_MspPostInit
                0x08000748       0x78 ./Core/Src/stm32h5xx_hal_msp.o
                0x08000748                HAL_TIM_MspPostInit
 .text.NMI_Handler
                0x080007c0        0x8 ./Core/Src/stm32h5xx_it.o
                0x080007c0                NMI_Handler
 .text.HardFault_Handler
                0x080007c8        0x8 ./Core/Src/stm32h5xx_it.o
                0x080007c8                HardFault_Handler
 .text.MemManage_Handler
                0x080007d0        0x8 ./Core/Src/stm32h5xx_it.o
                0x080007d0                MemManage_Handler
 .text.BusFault_Handler
                0x080007d8        0x8 ./Core/Src/stm32h5xx_it.o
                0x080007d8                BusFault_Handler
 .text.UsageFault_Handler
                0x080007e0        0x8 ./Core/Src/stm32h5xx_it.o
                0x080007e0                UsageFault_Handler
 .text.SVC_Handler
                0x080007e8        0xe ./Core/Src/stm32h5xx_it.o
                0x080007e8                SVC_Handler
 .text.DebugMon_Handler
                0x080007f6        0xe ./Core/Src/stm32h5xx_it.o
                0x080007f6                DebugMon_Handler
 .text.PendSV_Handler
                0x08000804        0xe ./Core/Src/stm32h5xx_it.o
                0x08000804                PendSV_Handler
 .text.SysTick_Handler
                0x08000812        0xc ./Core/Src/stm32h5xx_it.o
                0x08000812                SysTick_Handler
 *fill*         0x0800081e        0x2 
 .text.SystemInit
                0x08000820       0xe4 ./Core/Src/system_stm32h5xx.o
                0x08000820                SystemInit
 .text.Reset_Handler
                0x08000904       0x50 ./Core/Startup/startup_stm32h503cbtx.o
                0x08000904                Reset_Handler
 .text.Default_Handler
                0x08000954        0x2 ./Core/Startup/startup_stm32h503cbtx.o
                0x08000954                EXTI2_IRQHandler
                0x08000954                EXTI5_IRQHandler
                0x08000954                I3C1_ER_IRQHandler
                0x08000954                GPDMA2_Channel1_IRQHandler
                0x08000954                EXTI13_IRQHandler
                0x08000954                TIM1_CC_IRQHandler
                0x08000954                GPDMA2_Channel3_IRQHandler
                0x08000954                TAMP_IRQHandler
                0x08000954                TIM6_IRQHandler
                0x08000954                EXTI12_IRQHandler
                0x08000954                USB_DRD_FS_IRQHandler
                0x08000954                EXTI3_IRQHandler
                0x08000954                GPDMA1_Channel5_IRQHandler
                0x08000954                EXTI8_IRQHandler
                0x08000954                GPDMA2_Channel5_IRQHandler
                0x08000954                LPTIM2_IRQHandler
                0x08000954                GPDMA2_Channel2_IRQHandler
                0x08000954                EXTI0_IRQHandler
                0x08000954                I2C2_EV_IRQHandler
                0x08000954                FPU_IRQHandler
                0x08000954                GPDMA1_Channel3_IRQHandler
                0x08000954                GPDMA1_Channel7_IRQHandler
                0x08000954                FDCAN1_IT1_IRQHandler
                0x08000954                RAMCFG_IRQHandler
                0x08000954                SPI1_IRQHandler
                0x08000954                GPDMA1_Channel2_IRQHandler
                0x08000954                ADC1_IRQHandler
                0x08000954                I3C2_ER_IRQHandler
                0x08000954                EXTI15_IRQHandler
                0x08000954                USART3_IRQHandler
                0x08000954                RTC_IRQHandler
                0x08000954                EXTI9_IRQHandler
                0x08000954                I3C2_EV_IRQHandler
                0x08000954                I2C1_EV_IRQHandler
                0x08000954                GPDMA1_Channel1_IRQHandler
                0x08000954                TIM3_IRQHandler
                0x08000954                RCC_IRQHandler
                0x08000954                TIM1_TRG_COM_IRQHandler
                0x08000954                Default_Handler
                0x08000954                GPDMA2_Channel4_IRQHandler
                0x08000954                TIM7_IRQHandler
                0x08000954                GPDMA1_Channel0_IRQHandler
                0x08000954                I3C1_EV_IRQHandler
                0x08000954                PVD_AVD_IRQHandler
                0x08000954                SPI2_IRQHandler
                0x08000954                EXTI14_IRQHandler
                0x08000954                EXTI11_IRQHandler
                0x08000954                CRS_IRQHandler
                0x08000954                EXTI4_IRQHandler
                0x08000954                GPDMA2_Channel0_IRQHandler
                0x08000954                RNG_IRQHandler
                0x08000954                GPDMA2_Channel6_IRQHandler
                0x08000954                TIM1_UP_IRQHandler
                0x08000954                WWDG_IRQHandler
                0x08000954                IWDG_IRQHandler
                0x08000954                LPUART1_IRQHandler
                0x08000954                FDCAN1_IT0_IRQHandler
                0x08000954                TIM2_IRQHandler
                0x08000954                GPDMA1_Channel4_IRQHandler
                0x08000954                EXTI7_IRQHandler
                0x08000954                TIM1_BRK_IRQHandler
                0x08000954                EXTI1_IRQHandler
                0x08000954                DAC1_IRQHandler
                0x08000954                DTS_IRQHandler
                0x08000954                GTZC_IRQHandler
                0x08000954                USART2_IRQHandler
                0x08000954                GPDMA1_Channel6_IRQHandler
                0x08000954                GPDMA2_Channel7_IRQHandler
                0x08000954                I2C2_ER_IRQHandler
                0x08000954                FLASH_IRQHandler
                0x08000954                USART1_IRQHandler
                0x08000954                EXTI10_IRQHandler
                0x08000954                SPI3_IRQHandler
                0x08000954                I2C1_ER_IRQHandler
                0x08000954                EXTI6_IRQHandler
                0x08000954                COMP1_IRQHandler
                0x08000954                LPTIM1_IRQHandler
                0x08000954                ICACHE_IRQHandler
                0x08000954                HASH_IRQHandler
 *fill*         0x08000956        0x2 
 .text.HAL_Init
                0x08000958       0x50 ./Drivers/STM32H5xx_HAL_Driver/Src/stm32h5xx_hal.o
                0x08000958                HAL_Init
 .text.HAL_InitTick
                0x080009a8       0xec ./Drivers/STM32H5xx_HAL_Driver/Src/stm32h5xx_hal.o
                0x080009a8                HAL_InitTick
 .text.HAL_IncTick
                0x08000a94       0x28 ./Drivers/STM32H5xx_HAL_Driver/Src/stm32h5xx_hal.o
                0x08000a94                HAL_IncTick
 .text.HAL_GetTick
                0x08000abc       0x18 ./Drivers/STM32H5xx_HAL_Driver/Src/stm32h5xx_hal.o
                0x08000abc                HAL_GetTick
 .text.HAL_Delay
                0x08000ad4       0x48 ./Drivers/STM32H5xx_HAL_Driver/Src/stm32h5xx_hal.o
                0x08000ad4                HAL_Delay
 .text.LL_ADC_SetCommonClock
                0x08000b1c       0x26 ./Drivers/STM32H5xx_HAL_Driver/Src/stm32h5xx_hal_adc.o
 .text.LL_ADC_SetCommonPathInternalCh
                0x08000b42       0x26 ./Drivers/STM32H5xx_HAL_Driver/Src/stm32h5xx_hal_adc.o
 .text.LL_ADC_GetCommonPathInternalCh
                0x08000b68       0x1c ./Drivers/STM32H5xx_HAL_Driver/Src/stm32h5xx_hal_adc.o
 .text.LL_ADC_EnableChannelVDDcore
                0x08000b84       0x24 ./Drivers/STM32H5xx_HAL_Driver/Src/stm32h5xx_hal_adc.o
 .text.LL_ADC_EnableChannel0_GPIO
                0x08000ba8       0x28 ./Drivers/STM32H5xx_HAL_Driver/Src/stm32h5xx_hal_adc.o
 .text.LL_ADC_SetOffset
                0x08000bd0       0x48 ./Drivers/STM32H5xx_HAL_Driver/Src/stm32h5xx_hal_adc.o
 .text.LL_ADC_GetOffsetChannel
                0x08000c18       0x2c ./Drivers/STM32H5xx_HAL_Driver/Src/stm32h5xx_hal_adc.o
 .text.LL_ADC_SetOffsetState
                0x08000c44       0x36 ./Drivers/STM32H5xx_HAL_Driver/Src/stm32h5xx_hal_adc.o
 .text.LL_ADC_SetOffsetSign
                0x08000c7a       0x36 ./Drivers/STM32H5xx_HAL_Driver/Src/stm32h5xx_hal_adc.o
 .text.LL_ADC_SetOffsetSaturation
                0x08000cb0       0x36 ./Drivers/STM32H5xx_HAL_Driver/Src/stm32h5xx_hal_adc.o
 .text.LL_ADC_SetSamplingTimeCommonConfig
                0x08000ce6       0x26 ./Drivers/STM32H5xx_HAL_Driver/Src/stm32h5xx_hal_adc.o
 .text.LL_ADC_REG_IsTriggerSourceSWStart
                0x08000d0c       0x26 ./Drivers/STM32H5xx_HAL_Driver/Src/stm32h5xx_hal_adc.o
 .text.LL_ADC_REG_SetSequencerRanks
                0x08000d32       0x58 ./Drivers/STM32H5xx_HAL_Driver/Src/stm32h5xx_hal_adc.o
 .text.LL_ADC_SetChannelSamplingTime
                0x08000d8a       0x56 ./Drivers/STM32H5xx_HAL_Driver/Src/stm32h5xx_hal_adc.o
 .text.LL_ADC_SetChannelSingleDiff
                0x08000de0       0x48 ./Drivers/STM32H5xx_HAL_Driver/Src/stm32h5xx_hal_adc.o
 .text.LL_ADC_DisableDeepPowerDown
                0x08000e28       0x24 ./Drivers/STM32H5xx_HAL_Driver/Src/stm32h5xx_hal_adc.o
 .text.LL_ADC_IsDeepPowerDownEnabled
                0x08000e4c       0x28 ./Drivers/STM32H5xx_HAL_Driver/Src/stm32h5xx_hal_adc.o
 .text.LL_ADC_EnableInternalRegulator
                0x08000e74       0x28 ./Drivers/STM32H5xx_HAL_Driver/Src/stm32h5xx_hal_adc.o
 .text.LL_ADC_IsInternalRegulatorEnabled
                0x08000e9c       0x28 ./Drivers/STM32H5xx_HAL_Driver/Src/stm32h5xx_hal_adc.o
 .text.LL_ADC_Enable
                0x08000ec4       0x28 ./Drivers/STM32H5xx_HAL_Driver/Src/stm32h5xx_hal_adc.o
 .text.LL_ADC_IsEnabled
                0x08000eec       0x26 ./Drivers/STM32H5xx_HAL_Driver/Src/stm32h5xx_hal_adc.o
 .text.LL_ADC_REG_StartConversion
                0x08000f12       0x28 ./Drivers/STM32H5xx_HAL_Driver/Src/stm32h5xx_hal_adc.o
 .text.LL_ADC_REG_IsConversionOngoing
                0x08000f3a       0x26 ./Drivers/STM32H5xx_HAL_Driver/Src/stm32h5xx_hal_adc.o
 .text.LL_ADC_INJ_IsConversionOngoing
                0x08000f60       0x26 ./Drivers/STM32H5xx_HAL_Driver/Src/stm32h5xx_hal_adc.o
 *fill*         0x08000f86        0x2 
 .text.HAL_ADC_Init
                0x08000f88      0x29c ./Drivers/STM32H5xx_HAL_Driver/Src/stm32h5xx_hal_adc.o
                0x08000f88                HAL_ADC_Init
 .text.HAL_ADC_Start
                0x08001224       0xc6 ./Drivers/STM32H5xx_HAL_Driver/Src/stm32h5xx_hal_adc.o
                0x08001224                HAL_ADC_Start
 .text.HAL_ADC_PollForConversion
                0x080012ea      0x11e ./Drivers/STM32H5xx_HAL_Driver/Src/stm32h5xx_hal_adc.o
                0x080012ea                HAL_ADC_PollForConversion
 .text.HAL_ADC_GetValue
                0x08001408       0x1a ./Drivers/STM32H5xx_HAL_Driver/Src/stm32h5xx_hal_adc.o
                0x08001408                HAL_ADC_GetValue
 *fill*         0x08001422        0x2 
 .text.HAL_ADC_ConfigChannel
                0x08001424      0x81c ./Drivers/STM32H5xx_HAL_Driver/Src/stm32h5xx_hal_adc.o
                0x08001424                HAL_ADC_ConfigChannel
 .text.ADC_Enable
                0x08001c40      0x104 ./Drivers/STM32H5xx_HAL_Driver/Src/stm32h5xx_hal_adc.o
                0x08001c40                ADC_Enable
 .text.__NVIC_SetPriorityGrouping
                0x08001d44       0x48 ./Drivers/STM32H5xx_HAL_Driver/Src/stm32h5xx_hal_cortex.o
 .text.__NVIC_GetPriorityGrouping
                0x08001d8c       0x1c ./Drivers/STM32H5xx_HAL_Driver/Src/stm32h5xx_hal_cortex.o
 .text.__NVIC_SetPriority
                0x08001da8       0x54 ./Drivers/STM32H5xx_HAL_Driver/Src/stm32h5xx_hal_cortex.o
 .text.NVIC_EncodePriority
                0x08001dfc       0x66 ./Drivers/STM32H5xx_HAL_Driver/Src/stm32h5xx_hal_cortex.o
 .text.HAL_NVIC_SetPriorityGrouping
                0x08001e62       0x16 ./Drivers/STM32H5xx_HAL_Driver/Src/stm32h5xx_hal_cortex.o
                0x08001e62                HAL_NVIC_SetPriorityGrouping
 .text.HAL_NVIC_SetPriority
                0x08001e78       0x34 ./Drivers/STM32H5xx_HAL_Driver/Src/stm32h5xx_hal_cortex.o
                0x08001e78                HAL_NVIC_SetPriority
 .text.HAL_SYSTICK_Config
                0x08001eac       0x44 ./Drivers/STM32H5xx_HAL_Driver/Src/stm32h5xx_hal_cortex.o
                0x08001eac                HAL_SYSTICK_Config
 .text.HAL_SYSTICK_CLKSourceConfig
                0x08001ef0       0xb0 ./Drivers/STM32H5xx_HAL_Driver/Src/stm32h5xx_hal_cortex.o
                0x08001ef0                HAL_SYSTICK_CLKSourceConfig
 .text.HAL_SYSTICK_GetCLKSourceConfig
                0x08001fa0       0x6c ./Drivers/STM32H5xx_HAL_Driver/Src/stm32h5xx_hal_cortex.o
                0x08001fa0                HAL_SYSTICK_GetCLKSourceConfig
 .text.HAL_GPIO_Init
                0x0800200c      0x2bc ./Drivers/STM32H5xx_HAL_Driver/Src/stm32h5xx_hal_gpio.o
                0x0800200c                HAL_GPIO_Init
 .text.HAL_RCC_OscConfig
                0x080022c8      0x870 ./Drivers/STM32H5xx_HAL_Driver/Src/stm32h5xx_hal_rcc.o
                0x080022c8                HAL_RCC_OscConfig
 .text.HAL_RCC_ClockConfig
                0x08002b38      0x370 ./Drivers/STM32H5xx_HAL_Driver/Src/stm32h5xx_hal_rcc.o
                0x08002b38                HAL_RCC_ClockConfig
 .text.HAL_RCC_GetSysClockFreq
                0x08002ea8      0x258 ./Drivers/STM32H5xx_HAL_Driver/Src/stm32h5xx_hal_rcc.o
                0x08002ea8                HAL_RCC_GetSysClockFreq
 .text.HAL_RCC_GetHCLKFreq
                0x08003100       0x38 ./Drivers/STM32H5xx_HAL_Driver/Src/stm32h5xx_hal_rcc.o
                0x08003100                HAL_RCC_GetHCLKFreq
 .text.HAL_RCCEx_PeriphCLKConfig
                0x08003138      0xc48 ./Drivers/STM32H5xx_HAL_Driver/Src/stm32h5xx_hal_rcc_ex.o
                0x08003138                HAL_RCCEx_PeriphCLKConfig
 .text.RCCEx_PLL2_Config
                0x08003d80      0x130 ./Drivers/STM32H5xx_HAL_Driver/Src/stm32h5xx_hal_rcc_ex.o
 .text.HAL_TIM_PWM_Init
                0x08003eb0       0xae ./Drivers/STM32H5xx_HAL_Driver/Src/stm32h5xx_hal_tim.o
                0x08003eb0                HAL_TIM_PWM_Init
 *fill*         0x08003f5e        0x2 
 .text.HAL_TIM_PWM_Start
                0x08003f60      0x19c ./Drivers/STM32H5xx_HAL_Driver/Src/stm32h5xx_hal_tim.o
                0x08003f60                HAL_TIM_PWM_Start
 .text.HAL_TIM_PWM_ConfigChannel
                0x080040fc      0x228 ./Drivers/STM32H5xx_HAL_Driver/Src/stm32h5xx_hal_tim.o
                0x080040fc                HAL_TIM_PWM_ConfigChannel
 .text.TIM_Base_SetConfig
                0x08004324       0xcc ./Drivers/STM32H5xx_HAL_Driver/Src/stm32h5xx_hal_tim.o
                0x08004324                TIM_Base_SetConfig
 .text.TIM_OC1_SetConfig
                0x080043f0       0xd0 ./Drivers/STM32H5xx_HAL_Driver/Src/stm32h5xx_hal_tim.o
 .text.TIM_OC2_SetConfig
                0x080044c0       0xdc ./Drivers/STM32H5xx_HAL_Driver/Src/stm32h5xx_hal_tim.o
                0x080044c0                TIM_OC2_SetConfig
 .text.TIM_OC3_SetConfig
                0x0800459c       0xd8 ./Drivers/STM32H5xx_HAL_Driver/Src/stm32h5xx_hal_tim.o
 .text.TIM_OC4_SetConfig
                0x08004674       0xdc ./Drivers/STM32H5xx_HAL_Driver/Src/stm32h5xx_hal_tim.o
 .text.TIM_OC5_SetConfig
                0x08004750       0x98 ./Drivers/STM32H5xx_HAL_Driver/Src/stm32h5xx_hal_tim.o
 .text.TIM_OC6_SetConfig
                0x080047e8       0x9c ./Drivers/STM32H5xx_HAL_Driver/Src/stm32h5xx_hal_tim.o
 .text.TIM_CCxChannelCmd
                0x08004884       0x4a ./Drivers/STM32H5xx_HAL_Driver/Src/stm32h5xx_hal_tim.o
                0x08004884                TIM_CCxChannelCmd
 *fill*         0x080048ce        0x2 
 .text.HAL_TIMEx_MasterConfigSynchronization
                0x080048d0       0xd0 ./Drivers/STM32H5xx_HAL_Driver/Src/stm32h5xx_hal_tim_ex.o
                0x080048d0                HAL_TIMEx_MasterConfigSynchronization
 .text.HAL_TIMEx_ConfigBreakDeadTime
                0x080049a0      0x10c ./Drivers/STM32H5xx_HAL_Driver/Src/stm32h5xx_hal_tim_ex.o
                0x080049a0                HAL_TIMEx_ConfigBreakDeadTime
 .text.memset   0x08004aac       0x10 D:/stm/STM32CubeIDE_1.18.1/STM32CubeIDE/plugins/com.st.stm32cube.ide.mcu.externaltools.gnu-tools-for-stm32.13.3.rel1.win32_1.0.0.202411081344/tools/bin/../lib/gcc/arm-none-eabi/13.3.1/../../../../arm-none-eabi/lib/thumb/v8-m.main+fp/hard\libc_nano.a(libc_a-memset.o)
                0x08004aac                memset
 .text.__libc_init_array
                0x08004abc       0x48 D:/stm/STM32CubeIDE_1.18.1/STM32CubeIDE/plugins/com.st.stm32cube.ide.mcu.externaltools.gnu-tools-for-stm32.13.3.rel1.win32_1.0.0.202411081344/tools/bin/../lib/gcc/arm-none-eabi/13.3.1/../../../../arm-none-eabi/lib/thumb/v8-m.main+fp/hard\libc_nano.a(libc_a-init.o)
                0x08004abc                __libc_init_array
 *(.glue_7)
 .glue_7        0x08004b04        0x0 linker stubs
 *(.glue_7t)
 .glue_7t       0x08004b04        0x0 linker stubs
 *(.eh_frame)
 .eh_frame      0x08004b04        0x0 D:/stm/STM32CubeIDE_1.18.1/STM32CubeIDE/plugins/com.st.stm32cube.ide.mcu.externaltools.gnu-tools-for-stm32.13.3.rel1.win32_1.0.0.202411081344/tools/bin/../lib/gcc/arm-none-eabi/13.3.1/thumb/v8-m.main+fp/hard/crtbegin.o
 *(.init)
 .init          0x08004b04        0x4 D:/stm/STM32CubeIDE_1.18.1/STM32CubeIDE/plugins/com.st.stm32cube.ide.mcu.externaltools.gnu-tools-for-stm32.13.3.rel1.win32_1.0.0.202411081344/tools/bin/../lib/gcc/arm-none-eabi/13.3.1/thumb/v8-m.main+fp/hard/crti.o
                0x08004b04                _init
 .init          0x08004b08        0x8 D:/stm/STM32CubeIDE_1.18.1/STM32CubeIDE/plugins/com.st.stm32cube.ide.mcu.externaltools.gnu-tools-for-stm32.13.3.rel1.win32_1.0.0.202411081344/tools/bin/../lib/gcc/arm-none-eabi/13.3.1/thumb/v8-m.main+fp/hard/crtn.o
 *(.fini)
 .fini          0x08004b10        0x4 D:/stm/STM32CubeIDE_1.18.1/STM32CubeIDE/plugins/com.st.stm32cube.ide.mcu.externaltools.gnu-tools-for-stm32.13.3.rel1.win32_1.0.0.202411081344/tools/bin/../lib/gcc/arm-none-eabi/13.3.1/thumb/v8-m.main+fp/hard/crti.o
                0x08004b10                _fini
 .fini          0x08004b14        0x8 D:/stm/STM32CubeIDE_1.18.1/STM32CubeIDE/plugins/com.st.stm32cube.ide.mcu.externaltools.gnu-tools-for-stm32.13.3.rel1.win32_1.0.0.202411081344/tools/bin/../lib/gcc/arm-none-eabi/13.3.1/thumb/v8-m.main+fp/hard/crtn.o
                0x08004b1c                        . = ALIGN (0x4)
                0x08004b1c                        _etext = .

.vfp11_veneer   0x08004b1c        0x0
 .vfp11_veneer  0x08004b1c        0x0 linker stubs

.v4_bx          0x08004b1c        0x0
 .v4_bx         0x08004b1c        0x0 linker stubs

.iplt           0x08004b1c        0x0
 .iplt          0x08004b1c        0x0 D:/stm/STM32CubeIDE_1.18.1/STM32CubeIDE/plugins/com.st.stm32cube.ide.mcu.externaltools.gnu-tools-for-stm32.13.3.rel1.win32_1.0.0.202411081344/tools/bin/../lib/gcc/arm-none-eabi/13.3.1/thumb/v8-m.main+fp/hard/crtbegin.o

.rodata         0x08004b1c       0x10
                0x08004b1c                        . = ALIGN (0x4)
 *(.rodata)
 *(.rodata*)
 .rodata.AHBPrescTable
                0x08004b1c       0x10 ./Core/Src/system_stm32h5xx.o
                0x08004b1c                AHBPrescTable
                0x08004b2c                        . = ALIGN (0x4)

.ARM.extab      0x08004b2c        0x0
                0x08004b2c                        . = ALIGN (0x4)
 *(.ARM.extab* .gnu.linkonce.armextab.*)
                0x08004b2c                        . = ALIGN (0x4)

.ARM            0x08004b2c        0x0
                0x08004b2c                        . = ALIGN (0x4)
                0x08004b2c                        __exidx_start = .
 *(.ARM.exidx*)
                0x08004b2c                        __exidx_end = .
                0x08004b2c                        . = ALIGN (0x4)

.preinit_array  0x08004b2c        0x0
                0x08004b2c                        . = ALIGN (0x4)
                0x08004b2c                        PROVIDE (__preinit_array_start = .)
 *(.preinit_array*)
                0x08004b2c                        PROVIDE (__preinit_array_end = .)
                0x08004b2c                        . = ALIGN (0x4)

.init_array     0x08004b2c        0x4
                0x08004b2c                        . = ALIGN (0x4)
                0x08004b2c                        PROVIDE (__init_array_start = .)
 *(SORT_BY_NAME(.init_array.*))
 *(.init_array*)
 .init_array    0x08004b2c        0x4 D:/stm/STM32CubeIDE_1.18.1/STM32CubeIDE/plugins/com.st.stm32cube.ide.mcu.externaltools.gnu-tools-for-stm32.13.3.rel1.win32_1.0.0.202411081344/tools/bin/../lib/gcc/arm-none-eabi/13.3.1/thumb/v8-m.main+fp/hard/crtbegin.o
                0x08004b30                        PROVIDE (__init_array_end = .)
                0x08004b30                        . = ALIGN (0x4)

.fini_array     0x08004b30        0x4
                0x08004b30                        . = ALIGN (0x4)
                [!provide]                        PROVIDE (__fini_array_start = .)
 *(SORT_BY_NAME(.fini_array.*))
 *(.fini_array*)
 .fini_array    0x08004b30        0x4 D:/stm/STM32CubeIDE_1.18.1/STM32CubeIDE/plugins/com.st.stm32cube.ide.mcu.externaltools.gnu-tools-for-stm32.13.3.rel1.win32_1.0.0.202411081344/tools/bin/../lib/gcc/arm-none-eabi/13.3.1/thumb/v8-m.main+fp/hard/crtbegin.o
                [!provide]                        PROVIDE (__fini_array_end = .)
                0x08004b34                        . = ALIGN (0x4)
                0x08004b34                        _sidata = LOADADDR (.data)

.rel.dyn        0x08004b34        0x0
 .rel.iplt      0x08004b34        0x0 D:/stm/STM32CubeIDE_1.18.1/STM32CubeIDE/plugins/com.st.stm32cube.ide.mcu.externaltools.gnu-tools-for-stm32.13.3.rel1.win32_1.0.0.202411081344/tools/bin/../lib/gcc/arm-none-eabi/13.3.1/thumb/v8-m.main+fp/hard/crtbegin.o

.data           0x20000000        0xc load address 0x08004b34
                0x20000000                        . = ALIGN (0x4)
                0x20000000                        _sdata = .
 *(.data)
 *(.data*)
 .data.SystemCoreClock
                0x20000000        0x4 ./Core/Src/system_stm32h5xx.o
                0x20000000                SystemCoreClock
 .data.uwTickPrio
                0x20000004        0x4 ./Drivers/STM32H5xx_HAL_Driver/Src/stm32h5xx_hal.o
                0x20000004                uwTickPrio
 .data.uwTickFreq
                0x20000008        0x1 ./Drivers/STM32H5xx_HAL_Driver/Src/stm32h5xx_hal.o
                0x20000008                uwTickFreq
 *(.RamFunc)
 *(.RamFunc*)
                0x2000000c                        . = ALIGN (0x4)
 *fill*         0x20000009        0x3 
                0x2000000c                        _edata = .

.igot.plt       0x2000000c        0x0 load address 0x08004b40
 .igot.plt      0x2000000c        0x0 D:/stm/STM32CubeIDE_1.18.1/STM32CubeIDE/plugins/com.st.stm32cube.ide.mcu.externaltools.gnu-tools-for-stm32.13.3.rel1.win32_1.0.0.202411081344/tools/bin/../lib/gcc/arm-none-eabi/13.3.1/thumb/v8-m.main+fp/hard/crtbegin.o
                0x2000000c                        . = ALIGN (0x4)

.bss            0x2000000c       0xdc load address 0x08004b40
                0x2000000c                        _sbss = .
                0x2000000c                        __bss_start__ = _sbss
 *(.bss)
 .bss           0x2000000c       0x1c D:/stm/STM32CubeIDE_1.18.1/STM32CubeIDE/plugins/com.st.stm32cube.ide.mcu.externaltools.gnu-tools-for-stm32.13.3.rel1.win32_1.0.0.202411081344/tools/bin/../lib/gcc/arm-none-eabi/13.3.1/thumb/v8-m.main+fp/hard/crtbegin.o
 *(.bss*)
 .bss.hadc1     0x20000028       0x68 ./Core/Src/main.o
                0x20000028                hadc1
 .bss.htim1     0x20000090       0x4c ./Core/Src/main.o
                0x20000090                htim1
 .bss.adc_value
                0x200000dc        0x4 ./Core/Src/main.o
                0x200000dc                adc_value
 .bss.pwm_duty  0x200000e0        0x2 ./Core/Src/main.o
                0x200000e0                pwm_duty
 *fill*         0x200000e2        0x2 
 .bss.uwTick    0x200000e4        0x4 ./Drivers/STM32H5xx_HAL_Driver/Src/stm32h5xx_hal.o
                0x200000e4                uwTick
 *(COMMON)
                0x200000e8                        . = ALIGN (0x4)
                0x200000e8                        _ebss = .
                0x200000e8                        __bss_end__ = _ebss

._user_heap_stack
                0x200000e8      0x600 load address 0x08004b40
                0x200000e8                        . = ALIGN (0x8)
                [!provide]                        PROVIDE (end = .)
                0x200000e8                        PROVIDE (_end = .)
                0x200002e8                        . = (. + _Min_Heap_Size)
 *fill*         0x200000e8      0x200 
                0x200006e8                        . = (. + _Min_Stack_Size)
 *fill*         0x200002e8      0x400 
                0x200006e8                        . = ALIGN (0x8)

/DISCARD/
 libc.a(*)
 libm.a(*)
 libgcc.a(*)

.ARM.attributes
                0x00000000       0x36
 *(.ARM.attributes)
 .ARM.attributes
                0x00000000       0x26 D:/stm/STM32CubeIDE_1.18.1/STM32CubeIDE/plugins/com.st.stm32cube.ide.mcu.externaltools.gnu-tools-for-stm32.13.3.rel1.win32_1.0.0.202411081344/tools/bin/../lib/gcc/arm-none-eabi/13.3.1/thumb/v8-m.main+fp/hard/crti.o
 .ARM.attributes
                0x00000026       0x38 D:/stm/STM32CubeIDE_1.18.1/STM32CubeIDE/plugins/com.st.stm32cube.ide.mcu.externaltools.gnu-tools-for-stm32.13.3.rel1.win32_1.0.0.202411081344/tools/bin/../lib/gcc/arm-none-eabi/13.3.1/thumb/v8-m.main+fp/hard/crtbegin.o
 .ARM.attributes
                0x0000005e       0x3a ./Core/Src/main.o
 .ARM.attributes
                0x00000098       0x3a ./Core/Src/stm32h5xx_hal_msp.o
 .ARM.attributes
                0x000000d2       0x3a ./Core/Src/stm32h5xx_it.o
 .ARM.attributes
                0x0000010c       0x3a ./Core/Src/system_stm32h5xx.o
 .ARM.attributes
                0x00000146       0x24 ./Core/Startup/startup_stm32h503cbtx.o
 .ARM.attributes
                0x0000016a       0x3a ./Drivers/STM32H5xx_HAL_Driver/Src/stm32h5xx_hal.o
 .ARM.attributes
                0x000001a4       0x3a ./Drivers/STM32H5xx_HAL_Driver/Src/stm32h5xx_hal_adc.o
 .ARM.attributes
                0x000001de       0x3a ./Drivers/STM32H5xx_HAL_Driver/Src/stm32h5xx_hal_cortex.o
 .ARM.attributes
                0x00000218       0x3a ./Drivers/STM32H5xx_HAL_Driver/Src/stm32h5xx_hal_gpio.o
 .ARM.attributes
                0x00000252       0x3a ./Drivers/STM32H5xx_HAL_Driver/Src/stm32h5xx_hal_rcc.o
 .ARM.attributes
                0x0000028c       0x3a ./Drivers/STM32H5xx_HAL_Driver/Src/stm32h5xx_hal_rcc_ex.o
 .ARM.attributes
                0x000002c6       0x3a ./Drivers/STM32H5xx_HAL_Driver/Src/stm32h5xx_hal_tim.o
 .ARM.attributes
                0x00000300       0x3a ./Drivers/STM32H5xx_HAL_Driver/Src/stm32h5xx_hal_tim_ex.o
 .ARM.attributes
                0x0000033a       0x38 D:/stm/STM32CubeIDE_1.18.1/STM32CubeIDE/plugins/com.st.stm32cube.ide.mcu.externaltools.gnu-tools-for-stm32.13.3.rel1.win32_1.0.0.202411081344/tools/bin/../lib/gcc/arm-none-eabi/13.3.1/../../../../arm-none-eabi/lib/thumb/v8-m.main+fp/hard\libc_nano.a(libc_a-memset.o)
 .ARM.attributes
                0x00000372       0x38 D:/stm/STM32CubeIDE_1.18.1/STM32CubeIDE/plugins/com.st.stm32cube.ide.mcu.externaltools.gnu-tools-for-stm32.13.3.rel1.win32_1.0.0.202411081344/tools/bin/../lib/gcc/arm-none-eabi/13.3.1/../../../../arm-none-eabi/lib/thumb/v8-m.main+fp/hard\libc_nano.a(libc_a-init.o)
 .ARM.attributes
                0x000003aa       0x26 D:/stm/STM32CubeIDE_1.18.1/STM32CubeIDE/plugins/com.st.stm32cube.ide.mcu.externaltools.gnu-tools-for-stm32.13.3.rel1.win32_1.0.0.202411081344/tools/bin/../lib/gcc/arm-none-eabi/13.3.1/thumb/v8-m.main+fp/hard/crtn.o
OUTPUT(PWN.elf elf32-littlearm)
LOAD linker stubs
LOAD D:/stm/STM32CubeIDE_1.18.1/STM32CubeIDE/plugins/com.st.stm32cube.ide.mcu.externaltools.gnu-tools-for-stm32.13.3.rel1.win32_1.0.0.202411081344/tools/bin/../lib/gcc/arm-none-eabi/13.3.1/../../../../arm-none-eabi/lib/thumb/v8-m.main+fp/hard\libc.a
LOAD D:/stm/STM32CubeIDE_1.18.1/STM32CubeIDE/plugins/com.st.stm32cube.ide.mcu.externaltools.gnu-tools-for-stm32.13.3.rel1.win32_1.0.0.202411081344/tools/bin/../lib/gcc/arm-none-eabi/13.3.1/../../../../arm-none-eabi/lib/thumb/v8-m.main+fp/hard\libm.a
LOAD D:/stm/STM32CubeIDE_1.18.1/STM32CubeIDE/plugins/com.st.stm32cube.ide.mcu.externaltools.gnu-tools-for-stm32.13.3.rel1.win32_1.0.0.202411081344/tools/bin/../lib/gcc/arm-none-eabi/13.3.1/thumb/v8-m.main+fp/hard\libgcc.a

.debug_info     0x00000000     0xfa16
 .debug_info    0x00000000     0x1c0f ./Core/Src/main.o
 .debug_info    0x00001c0f     0x15be ./Core/Src/stm32h5xx_hal_msp.o
 .debug_info    0x000031cd      0x128 ./Core/Src/stm32h5xx_it.o
 .debug_info    0x000032f5      0xc0b ./Core/Src/system_stm32h5xx.o
 .debug_info    0x00003f00       0x30 ./Core/Startup/startup_stm32h503cbtx.o
 .debug_info    0x00003f30     0x1069 ./Drivers/STM32H5xx_HAL_Driver/Src/stm32h5xx_hal.o
 .debug_info    0x00004f99     0x2282 ./Drivers/STM32H5xx_HAL_Driver/Src/stm32h5xx_hal_adc.o
 .debug_info    0x0000721b     0x1522 ./Drivers/STM32H5xx_HAL_Driver/Src/stm32h5xx_hal_cortex.o
 .debug_info    0x0000873d      0x6aa ./Drivers/STM32H5xx_HAL_Driver/Src/stm32h5xx_hal_gpio.o
 .debug_info    0x00008de7      0xfdf ./Drivers/STM32H5xx_HAL_Driver/Src/stm32h5xx_hal_rcc.o
 .debug_info    0x00009dc6      0xf52 ./Drivers/STM32H5xx_HAL_Driver/Src/stm32h5xx_hal_rcc_ex.o
 .debug_info    0x0000ad18     0x2e54 ./Drivers/STM32H5xx_HAL_Driver/Src/stm32h5xx_hal_tim.o
 .debug_info    0x0000db6c     0x1eaa ./Drivers/STM32H5xx_HAL_Driver/Src/stm32h5xx_hal_tim_ex.o

.debug_abbrev   0x00000000     0x1b81
 .debug_abbrev  0x00000000      0x2b6 ./Core/Src/main.o
 .debug_abbrev  0x000002b6      0x23b ./Core/Src/stm32h5xx_hal_msp.o
 .debug_abbrev  0x000004f1       0x73 ./Core/Src/stm32h5xx_it.o
 .debug_abbrev  0x00000564      0x13a ./Core/Src/system_stm32h5xx.o
 .debug_abbrev  0x0000069e       0x24 ./Core/Startup/startup_stm32h503cbtx.o
 .debug_abbrev  0x000006c2      0x2ac ./Drivers/STM32H5xx_HAL_Driver/Src/stm32h5xx_hal.o
 .debug_abbrev  0x0000096e      0x2b9 ./Drivers/STM32H5xx_HAL_Driver/Src/stm32h5xx_hal_adc.o
 .debug_abbrev  0x00000c27      0x311 ./Drivers/STM32H5xx_HAL_Driver/Src/stm32h5xx_hal_cortex.o
 .debug_abbrev  0x00000f38      0x1db ./Drivers/STM32H5xx_HAL_Driver/Src/stm32h5xx_hal_gpio.o
 .debug_abbrev  0x00001113      0x28e ./Drivers/STM32H5xx_HAL_Driver/Src/stm32h5xx_hal_rcc.o
 .debug_abbrev  0x000013a1      0x25c ./Drivers/STM32H5xx_HAL_Driver/Src/stm32h5xx_hal_rcc_ex.o
 .debug_abbrev  0x000015fd      0x2bd ./Drivers/STM32H5xx_HAL_Driver/Src/stm32h5xx_hal_tim.o
 .debug_abbrev  0x000018ba      0x2c7 ./Drivers/STM32H5xx_HAL_Driver/Src/stm32h5xx_hal_tim_ex.o

.debug_aranges  0x00000000      0xe90
 .debug_aranges
                0x00000000       0x48 ./Core/Src/main.o
 .debug_aranges
                0x00000048       0x48 ./Core/Src/stm32h5xx_hal_msp.o
 .debug_aranges
                0x00000090       0x60 ./Core/Src/stm32h5xx_it.o
 .debug_aranges
                0x000000f0       0x28 ./Core/Src/system_stm32h5xx.o
 .debug_aranges
                0x00000118       0x28 ./Core/Startup/startup_stm32h503cbtx.o
 .debug_aranges
                0x00000140      0x1a0 ./Drivers/STM32H5xx_HAL_Driver/Src/stm32h5xx_hal.o
 .debug_aranges
                0x000002e0      0x248 ./Drivers/STM32H5xx_HAL_Driver/Src/stm32h5xx_hal_adc.o
 .debug_aranges
                0x00000528      0x140 ./Drivers/STM32H5xx_HAL_Driver/Src/stm32h5xx_hal_cortex.o
 .debug_aranges
                0x00000668       0x78 ./Drivers/STM32H5xx_HAL_Driver/Src/stm32h5xx_hal_gpio.o
 .debug_aranges
                0x000006e0       0xa0 ./Drivers/STM32H5xx_HAL_Driver/Src/stm32h5xx_hal_rcc.o
 .debug_aranges
                0x00000780       0xe8 ./Drivers/STM32H5xx_HAL_Driver/Src/stm32h5xx_hal_rcc_ex.o
 .debug_aranges
                0x00000868      0x3e8 ./Drivers/STM32H5xx_HAL_Driver/Src/stm32h5xx_hal_tim.o
 .debug_aranges
                0x00000c50      0x240 ./Drivers/STM32H5xx_HAL_Driver/Src/stm32h5xx_hal_tim_ex.o

.debug_rnglists
                0x00000000      0xb3b
 .debug_rnglists
                0x00000000       0x35 ./Core/Src/main.o
 .debug_rnglists
                0x00000035       0x32 ./Core/Src/stm32h5xx_hal_msp.o
 .debug_rnglists
                0x00000067       0x43 ./Core/Src/stm32h5xx_it.o
 .debug_rnglists
                0x000000aa       0x1b ./Core/Src/system_stm32h5xx.o
 .debug_rnglists
                0x000000c5       0x19 ./Core/Startup/startup_stm32h503cbtx.o
 .debug_rnglists
                0x000000de      0x134 ./Drivers/STM32H5xx_HAL_Driver/Src/stm32h5xx_hal.o
 .debug_rnglists
                0x00000212      0x1c0 ./Drivers/STM32H5xx_HAL_Driver/Src/stm32h5xx_hal_adc.o
 .debug_rnglists
                0x000003d2       0xec ./Drivers/STM32H5xx_HAL_Driver/Src/stm32h5xx_hal_cortex.o
 .debug_rnglists
                0x000004be       0x57 ./Drivers/STM32H5xx_HAL_Driver/Src/stm32h5xx_hal_gpio.o
 .debug_rnglists
                0x00000515       0x79 ./Drivers/STM32H5xx_HAL_Driver/Src/stm32h5xx_hal_rcc.o
 .debug_rnglists
                0x0000058e       0xb4 ./Drivers/STM32H5xx_HAL_Driver/Src/stm32h5xx_hal_rcc_ex.o
 .debug_rnglists
                0x00000642      0x32e ./Drivers/STM32H5xx_HAL_Driver/Src/stm32h5xx_hal_tim.o
 .debug_rnglists
                0x00000970      0x1cb ./Drivers/STM32H5xx_HAL_Driver/Src/stm32h5xx_hal_tim_ex.o

.debug_macro    0x00000000    0x20cca
 .debug_macro   0x00000000      0x286 ./Core/Src/main.o
 .debug_macro   0x00000286      0xade ./Core/Src/main.o
 .debug_macro   0x00000d64      0x1ca ./Core/Src/main.o
 .debug_macro   0x00000f2e       0x22 ./Core/Src/main.o
 .debug_macro   0x00000f50       0x5b ./Core/Src/main.o
 .debug_macro   0x00000fab       0x2a ./Core/Src/main.o
 .debug_macro   0x00000fd5       0x94 ./Core/Src/main.o
 .debug_macro   0x00001069       0x43 ./Core/Src/main.o
 .debug_macro   0x000010ac       0x34 ./Core/Src/main.o
 .debug_macro   0x000010e0      0x190 ./Core/Src/main.o
 .debug_macro   0x00001270       0x57 ./Core/Src/main.o
 .debug_macro   0x000012c7      0x370 ./Core/Src/main.o
 .debug_macro   0x00001637       0x16 ./Core/Src/main.o
 .debug_macro   0x0000164d       0x4a ./Core/Src/main.o
 .debug_macro   0x00001697       0x34 ./Core/Src/main.o
 .debug_macro   0x000016cb       0x10 ./Core/Src/main.o
 .debug_macro   0x000016db       0x58 ./Core/Src/main.o
 .debug_macro   0x00001733       0x8e ./Core/Src/main.o
 .debug_macro   0x000017c1       0x1c ./Core/Src/main.o
 .debug_macro   0x000017dd      0x185 ./Core/Src/main.o
 .debug_macro   0x00001962      0x19b ./Core/Src/main.o
 .debug_macro   0x00001afd       0x28 ./Core/Src/main.o
 .debug_macro   0x00001b25       0x42 ./Core/Src/main.o
 .debug_macro   0x00001b67      0x103 ./Core/Src/main.o
 .debug_macro   0x00001c6a       0x6a ./Core/Src/main.o
 .debug_macro   0x00001cd4      0x1df ./Core/Src/main.o
 .debug_macro   0x00001eb3       0x1c ./Core/Src/main.o
 .debug_macro   0x00001ecf       0x29 ./Core/Src/main.o
 .debug_macro   0x00001ef8       0xfb ./Core/Src/main.o
 .debug_macro   0x00001ff3     0x1685 ./Core/Src/main.o
 .debug_macro   0x00003678       0x5e ./Core/Src/main.o
 .debug_macro   0x000036d6    0x11feb ./Core/Src/main.o
 .debug_macro   0x000156c1       0x6d ./Core/Src/main.o
 .debug_macro   0x0001572e     0x388a ./Core/Src/main.o
 .debug_macro   0x00018fb8       0x63 ./Core/Src/main.o
 .debug_macro   0x0001901b     0x146a ./Core/Src/main.o
 .debug_macro   0x0001a485      0x75e ./Core/Src/main.o
 .debug_macro   0x0001abe3      0x166 ./Core/Src/main.o
 .debug_macro   0x0001ad49      0x1a6 ./Core/Src/main.o
 .debug_macro   0x0001aeef      0x527 ./Core/Src/main.o
 .debug_macro   0x0001b416      0x40f ./Core/Src/main.o
 .debug_macro   0x0001b825       0xd6 ./Core/Src/main.o
 .debug_macro   0x0001b8fb      0x1cd ./Core/Src/main.o
 .debug_macro   0x0001bac8      0xdd7 ./Core/Src/main.o
 .debug_macro   0x0001c89f      0x64e ./Core/Src/main.o
 .debug_macro   0x0001ceed      0x22c ./Core/Src/main.o
 .debug_macro   0x0001d119      0x1c3 ./Core/Src/main.o
 .debug_macro   0x0001d2dc      0x4e8 ./Core/Src/main.o
 .debug_macro   0x0001d7c4       0x58 ./Core/Src/main.o
 .debug_macro   0x0001d81c      0x272 ./Core/Src/main.o
 .debug_macro   0x0001da8e      0x1a6 ./Core/Src/main.o
 .debug_macro   0x0001dc34      0xbe8 ./Core/Src/main.o
 .debug_macro   0x0001e81c      0x2bd ./Core/Src/main.o
 .debug_macro   0x0001ead9      0x20a ./Core/Src/main.o
 .debug_macro   0x0001ece3      0x38f ./Core/Src/main.o
 .debug_macro   0x0001f072      0x286 ./Core/Src/stm32h5xx_hal_msp.o
 .debug_macro   0x0001f2f8      0x290 ./Core/Src/stm32h5xx_it.o
 .debug_macro   0x0001f588      0x283 ./Core/Src/system_stm32h5xx.o
 .debug_macro   0x0001f80b      0x2ac ./Drivers/STM32H5xx_HAL_Driver/Src/stm32h5xx_hal.o
 .debug_macro   0x0001fab7      0x299 ./Drivers/STM32H5xx_HAL_Driver/Src/stm32h5xx_hal_adc.o
 .debug_macro   0x0001fd50      0x27c ./Drivers/STM32H5xx_HAL_Driver/Src/stm32h5xx_hal_cortex.o
 .debug_macro   0x0001ffcc      0x2b2 ./Drivers/STM32H5xx_HAL_Driver/Src/stm32h5xx_hal_gpio.o
 .debug_macro   0x0002027e      0x2be ./Drivers/STM32H5xx_HAL_Driver/Src/stm32h5xx_hal_rcc.o
 .debug_macro   0x0002053c      0x288 ./Drivers/STM32H5xx_HAL_Driver/Src/stm32h5xx_hal_rcc_ex.o
 .debug_macro   0x000207c4      0x284 ./Drivers/STM32H5xx_HAL_Driver/Src/stm32h5xx_hal_tim.o
 .debug_macro   0x00020a48      0x282 ./Drivers/STM32H5xx_HAL_Driver/Src/stm32h5xx_hal_tim_ex.o

.debug_line     0x00000000     0xfdae
 .debug_line    0x00000000      0xa74 ./Core/Src/main.o
 .debug_line    0x00000a74      0x954 ./Core/Src/stm32h5xx_hal_msp.o
 .debug_line    0x000013c8      0x942 ./Core/Src/stm32h5xx_it.o
 .debug_line    0x00001d0a      0xa07 ./Core/Src/system_stm32h5xx.o
 .debug_line    0x00002711       0x77 ./Core/Startup/startup_stm32h503cbtx.o
 .debug_line    0x00002788      0xe68 ./Drivers/STM32H5xx_HAL_Driver/Src/stm32h5xx_hal.o
 .debug_line    0x000035f0     0x1f74 ./Drivers/STM32H5xx_HAL_Driver/Src/stm32h5xx_hal_adc.o
 .debug_line    0x00005564      0xee6 ./Drivers/STM32H5xx_HAL_Driver/Src/stm32h5xx_hal_cortex.o
 .debug_line    0x0000644a      0xca0 ./Drivers/STM32H5xx_HAL_Driver/Src/stm32h5xx_hal_gpio.o
 .debug_line    0x000070ea     0x1407 ./Drivers/STM32H5xx_HAL_Driver/Src/stm32h5xx_hal_rcc.o
 .debug_line    0x000084f1     0x1c30 ./Drivers/STM32H5xx_HAL_Driver/Src/stm32h5xx_hal_rcc_ex.o
 .debug_line    0x0000a121     0x3d09 ./Drivers/STM32H5xx_HAL_Driver/Src/stm32h5xx_hal_tim.o
 .debug_line    0x0000de2a     0x1f84 ./Drivers/STM32H5xx_HAL_Driver/Src/stm32h5xx_hal_tim_ex.o

.debug_str      0x00000000    0xd9651
 .debug_str     0x00000000    0xd9651 ./Core/Src/main.o
                              0xd563c (size before relaxing)
 .debug_str     0x000d9651    0xd535e ./Core/Src/stm32h5xx_hal_msp.o
 .debug_str     0x000d9651    0xd44a4 ./Core/Src/stm32h5xx_it.o
 .debug_str     0x000d9651    0xd4911 ./Core/Src/system_stm32h5xx.o
 .debug_str     0x000d9651       0x5c ./Core/Startup/startup_stm32h503cbtx.o
 .debug_str     0x000d9651    0xd5484 ./Drivers/STM32H5xx_HAL_Driver/Src/stm32h5xx_hal.o
 .debug_str     0x000d9651    0xd5872 ./Drivers/STM32H5xx_HAL_Driver/Src/stm32h5xx_hal_adc.o
 .debug_str     0x000d9651    0xd51ee ./Drivers/STM32H5xx_HAL_Driver/Src/stm32h5xx_hal_cortex.o
 .debug_str     0x000d9651    0xd47ef ./Drivers/STM32H5xx_HAL_Driver/Src/stm32h5xx_hal_gpio.o
 .debug_str     0x000d9651    0xd4e51 ./Drivers/STM32H5xx_HAL_Driver/Src/stm32h5xx_hal_rcc.o
 .debug_str     0x000d9651    0xd4fa8 ./Drivers/STM32H5xx_HAL_Driver/Src/stm32h5xx_hal_rcc_ex.o
 .debug_str     0x000d9651    0xd5c3d ./Drivers/STM32H5xx_HAL_Driver/Src/stm32h5xx_hal_tim.o
 .debug_str     0x000d9651    0xd5867 ./Drivers/STM32H5xx_HAL_Driver/Src/stm32h5xx_hal_tim_ex.o

.comment        0x00000000       0x43
 .comment       0x00000000       0x43 ./Core/Src/main.o
                                 0x44 (size before relaxing)
 .comment       0x00000043       0x44 ./Core/Src/stm32h5xx_hal_msp.o
 .comment       0x00000043       0x44 ./Core/Src/stm32h5xx_it.o
 .comment       0x00000043       0x44 ./Core/Src/system_stm32h5xx.o
 .comment       0x00000043       0x44 ./Drivers/STM32H5xx_HAL_Driver/Src/stm32h5xx_hal.o
 .comment       0x00000043       0x44 ./Drivers/STM32H5xx_HAL_Driver/Src/stm32h5xx_hal_adc.o
 .comment       0x00000043       0x44 ./Drivers/STM32H5xx_HAL_Driver/Src/stm32h5xx_hal_cortex.o
 .comment       0x00000043       0x44 ./Drivers/STM32H5xx_HAL_Driver/Src/stm32h5xx_hal_gpio.o
 .comment       0x00000043       0x44 ./Drivers/STM32H5xx_HAL_Driver/Src/stm32h5xx_hal_rcc.o
 .comment       0x00000043       0x44 ./Drivers/STM32H5xx_HAL_Driver/Src/stm32h5xx_hal_rcc_ex.o
 .comment       0x00000043       0x44 ./Drivers/STM32H5xx_HAL_Driver/Src/stm32h5xx_hal_tim.o
 .comment       0x00000043       0x44 ./Drivers/STM32H5xx_HAL_Driver/Src/stm32h5xx_hal_tim_ex.o

.debug_frame    0x00000000     0x3eec
 .debug_frame   0x00000000       0xd8 ./Core/Src/main.o
 .debug_frame   0x000000d8       0xf0 ./Core/Src/stm32h5xx_hal_msp.o
 .debug_frame   0x000001c8      0x104 ./Core/Src/stm32h5xx_it.o
 .debug_frame   0x000002cc       0x60 ./Core/Src/system_stm32h5xx.o
 .debug_frame   0x0000032c      0x66c ./Drivers/STM32H5xx_HAL_Driver/Src/stm32h5xx_hal.o
 .debug_frame   0x00000998      0xacc ./Drivers/STM32H5xx_HAL_Driver/Src/stm32h5xx_hal_adc.o
 .debug_frame   0x00001464      0x560 ./Drivers/STM32H5xx_HAL_Driver/Src/stm32h5xx_hal_cortex.o
 .debug_frame   0x000019c4      0x1ec ./Drivers/STM32H5xx_HAL_Driver/Src/stm32h5xx_hal_gpio.o
 .debug_frame   0x00001bb0      0x264 ./Drivers/STM32H5xx_HAL_Driver/Src/stm32h5xx_hal_rcc.o
 .debug_frame   0x00001e14      0x3d8 ./Drivers/STM32H5xx_HAL_Driver/Src/stm32h5xx_hal_rcc_ex.o
 .debug_frame   0x000021ec     0x124c ./Drivers/STM32H5xx_HAL_Driver/Src/stm32h5xx_hal_tim.o
 .debug_frame   0x00003438      0xa68 ./Drivers/STM32H5xx_HAL_Driver/Src/stm32h5xx_hal_tim_ex.o
 .debug_frame   0x00003ea0       0x20 D:/stm/STM32CubeIDE_1.18.1/STM32CubeIDE/plugins/com.st.stm32cube.ide.mcu.externaltools.gnu-tools-for-stm32.13.3.rel1.win32_1.0.0.202411081344/tools/bin/../lib/gcc/arm-none-eabi/13.3.1/../../../../arm-none-eabi/lib/thumb/v8-m.main+fp/hard\libc_nano.a(libc_a-memset.o)
 .debug_frame   0x00003ec0       0x2c D:/stm/STM32CubeIDE_1.18.1/STM32CubeIDE/plugins/com.st.stm32cube.ide.mcu.externaltools.gnu-tools-for-stm32.13.3.rel1.win32_1.0.0.202411081344/tools/bin/../lib/gcc/arm-none-eabi/13.3.1/../../../../arm-none-eabi/lib/thumb/v8-m.main+fp/hard\libc_nano.a(libc_a-init.o)

.debug_line_str
                0x00000000       0x40
 .debug_line_str
                0x00000000       0x40 ./Core/Startup/startup_stm32h503cbtx.o
