../Core/Src/lcd1602_i2c_lib.c:31:13:lcd1602_Send_init_Data	24	static
../Core/Src/lcd1602_i2c_lib.c:49:13:lcd1602_Write_byte	24	static
../Core/Src/lcd1602_i2c_lib.c:57:13:lcd1602_Send_cmd	16	static
../Core/Src/lcd1602_i2c_lib.c:69:13:lcd1602_Send_data_symbol	24	static
../Core/Src/lcd1602_i2c_lib.c:85:13:lcd1602_Send_data	24	static
../Core/Src/lcd1602_i2c_lib.c:103:6:lcd1602_Init	16	static
../Core/Src/lcd1602_i2c_lib.c:168:6:lcd1602_Print_symbol	24	static
../Core/Src/lcd1602_i2c_lib.c:181:6:lcd1602_Print_text	24	static
../Core/Src/lcd1602_i2c_lib.c:195:6:lcd1602_SetCursor	24	static
../Core/Src/lcd1602_i2c_lib.c:225:6:lcd1602_Move_to_the_left	16	static
../Core/Src/lcd1602_i2c_lib.c:238:6:lcd1602_Move_to_the_right	16	static
../Core/Src/lcd1602_i2c_lib.c:252:6:lcd1602_Backlight	16	static
../Core/Src/lcd1602_i2c_lib.c:265:6:lcd1602_Create_symbol	24	static
../Core/Src/lcd1602_i2c_lib.c:275:6:lcd1602_Clean	16	static
../Core/Src/lcd1602_i2c_lib.c:286:6:lcd1602_Clean_Text	8	static
